Archive member included because of file (symbol)

/Applications/KDS_3.0.0.app/Contents/toolchain/bin/../lib/gcc/arm-none-eabi/4.8.4/armv6-m/libgcc.a(_udivsi3.o)
                              ./Generated_Code/Bein_L.o (__aeabi_uidiv)
/Applications/KDS_3.0.0.app/Contents/toolchain/bin/../lib/gcc/arm-none-eabi/4.8.4/armv6-m/libgcc.a(_divsi3.o)
                              ./Generated_Code/SEGGER_SYSVIEW.o (__aeabi_idiv)
/Applications/KDS_3.0.0.app/Contents/toolchain/bin/../lib/gcc/arm-none-eabi/4.8.4/armv6-m/libgcc.a(_dvmd_tls.o)
                              /Applications/KDS_3.0.0.app/Contents/toolchain/bin/../lib/gcc/arm-none-eabi/4.8.4/armv6-m/libgcc.a(_udivsi3.o) (__aeabi_idiv0)
/Applications/KDS_3.0.0.app/Contents/toolchain/bin/../lib/gcc/arm-none-eabi/4.8.4/armv6-m/libgcc.a(_arm_cmpsf2.o)
                              ./Generated_Code/PwmLdd1.o (__aeabi_fcmpgt)
/Applications/KDS_3.0.0.app/Contents/toolchain/bin/../lib/gcc/arm-none-eabi/4.8.4/armv6-m/libgcc.a(_muldi3.o)
                              ./Generated_Code/SEGGER_SYSVIEW_FreeRTOS.o (__aeabi_lmul)
/Applications/KDS_3.0.0.app/Contents/toolchain/bin/../lib/gcc/arm-none-eabi/4.8.4/armv6-m/libgcc.a(_fixunssfsi.o)
                              ./Generated_Code/PwmLdd1.o (__aeabi_f2uiz)
/Applications/KDS_3.0.0.app/Contents/toolchain/bin/../lib/gcc/arm-none-eabi/4.8.4/armv6-m/libgcc.a(eqsf2.o)
                              /Applications/KDS_3.0.0.app/Contents/toolchain/bin/../lib/gcc/arm-none-eabi/4.8.4/armv6-m/libgcc.a(_arm_cmpsf2.o) (__eqsf2)
/Applications/KDS_3.0.0.app/Contents/toolchain/bin/../lib/gcc/arm-none-eabi/4.8.4/armv6-m/libgcc.a(gesf2.o)
                              /Applications/KDS_3.0.0.app/Contents/toolchain/bin/../lib/gcc/arm-none-eabi/4.8.4/armv6-m/libgcc.a(_arm_cmpsf2.o) (__gesf2)
/Applications/KDS_3.0.0.app/Contents/toolchain/bin/../lib/gcc/arm-none-eabi/4.8.4/armv6-m/libgcc.a(lesf2.o)
                              /Applications/KDS_3.0.0.app/Contents/toolchain/bin/../lib/gcc/arm-none-eabi/4.8.4/armv6-m/libgcc.a(_arm_cmpsf2.o) (__lesf2)
/Applications/KDS_3.0.0.app/Contents/toolchain/bin/../lib/gcc/arm-none-eabi/4.8.4/armv6-m/libgcc.a(mulsf3.o)
                              ./Generated_Code/PwmLdd1.o (__aeabi_fmul)
/Applications/KDS_3.0.0.app/Contents/toolchain/bin/../lib/gcc/arm-none-eabi/4.8.4/armv6-m/libgcc.a(subsf3.o)
                              /Applications/KDS_3.0.0.app/Contents/toolchain/bin/../lib/gcc/arm-none-eabi/4.8.4/armv6-m/libgcc.a(_fixunssfsi.o) (__aeabi_fsub)
/Applications/KDS_3.0.0.app/Contents/toolchain/bin/../lib/gcc/arm-none-eabi/4.8.4/armv6-m/libgcc.a(fixsfsi.o)
                              /Applications/KDS_3.0.0.app/Contents/toolchain/bin/../lib/gcc/arm-none-eabi/4.8.4/armv6-m/libgcc.a(_fixunssfsi.o) (__aeabi_f2iz)
/Applications/KDS_3.0.0.app/Contents/toolchain/bin/../lib/gcc/arm-none-eabi/4.8.4/armv6-m/libgcc.a(floatsisf.o)
                              ./Generated_Code/PwmLdd1.o (__aeabi_i2f)
/Applications/KDS_3.0.0.app/Contents/toolchain/bin/../lib/gcc/arm-none-eabi/4.8.4/armv6-m/libgcc.a(_clzsi2.o)
                              /Applications/KDS_3.0.0.app/Contents/toolchain/bin/../lib/gcc/arm-none-eabi/4.8.4/armv6-m/libgcc.a(mulsf3.o) (__clzsi2)
/Applications/KDS_3.0.0.app/Contents/toolchain/bin/../lib/gcc/arm-none-eabi/4.8.4/../../../../arm-none-eabi/lib/armv6-m/libg_s.a(lib_a-exit.o)
                              /Applications/KDS_3.0.0.app/Contents/toolchain/bin/../lib/gcc/arm-none-eabi/4.8.4/../../../../arm-none-eabi/lib/armv6-m/crt0.o (exit)
/Applications/KDS_3.0.0.app/Contents/toolchain/bin/../lib/gcc/arm-none-eabi/4.8.4/../../../../arm-none-eabi/lib/armv6-m/libg_s.a(lib_a-impure.o)
                              /Applications/KDS_3.0.0.app/Contents/toolchain/bin/../lib/gcc/arm-none-eabi/4.8.4/../../../../arm-none-eabi/lib/armv6-m/libg_s.a(lib_a-exit.o) (_global_impure_ptr)
/Applications/KDS_3.0.0.app/Contents/toolchain/bin/../lib/gcc/arm-none-eabi/4.8.4/../../../../arm-none-eabi/lib/armv6-m/libg_s.a(lib_a-init.o)
                              /Applications/KDS_3.0.0.app/Contents/toolchain/bin/../lib/gcc/arm-none-eabi/4.8.4/../../../../arm-none-eabi/lib/armv6-m/crt0.o (__libc_init_array)
/Applications/KDS_3.0.0.app/Contents/toolchain/bin/../lib/gcc/arm-none-eabi/4.8.4/../../../../arm-none-eabi/lib/armv6-m/libg_s.a(lib_a-memcpy-stub.o)
                              ./Generated_Code/SEGGER_RTT.o (memcpy)
/Applications/KDS_3.0.0.app/Contents/toolchain/bin/../lib/gcc/arm-none-eabi/4.8.4/../../../../arm-none-eabi/lib/armv6-m/libg_s.a(lib_a-memset.o)
                              /Applications/KDS_3.0.0.app/Contents/toolchain/bin/../lib/gcc/arm-none-eabi/4.8.4/../../../../arm-none-eabi/lib/armv6-m/crt0.o (memset)
/Applications/KDS_3.0.0.app/Contents/toolchain/bin/../lib/gcc/arm-none-eabi/4.8.4/../../../../arm-none-eabi/lib/armv6-m/libg_s.a(lib_a-strchr.o)
                              ./Generated_Code/UTIL1.o (strchr)
[...]
Memory Configuration

Name             Origin             Length             Attributes
m_interrupts     0x0000000000000000 0x00000000000000c0 xr
m_text           0x0000000000000410 0x000000000001fbf0 xr
m_data           0x000000001ffff000 0x0000000000004000 rw
m_cfmprotrom     0x0000000000000400 0x0000000000000010 xr
*default*        0x0000000000000000 0xffffffffffffffff

Linker script and memory map

LOAD /Applications/KDS_3.0.0.app/Contents/toolchain/bin/../lib/gcc/arm-none-eabi/4.8.4/armv6-m/crti.o
LOAD /Applications/KDS_3.0.0.app/Contents/toolchain/bin/../lib/gcc/arm-none-eabi/4.8.4/armv6-m/crtbegin.o
LOAD /Applications/KDS_3.0.0.app/Contents/toolchain/bin/../lib/gcc/arm-none-eabi/4.8.4/../../../../arm-none-eabi/lib/armv6-m/crt0.o
LOAD ./Sources/Application.o
LOAD ./Sources/Events.o
LOAD ./Sources/main.o
LOAD ./Project_Settings/Startup_Code/startup.o
LOAD ./Generated_Code/ANALOG_IN.o
LOAD ./Generated_Code/AS1.o
LOAD ./Generated_Code/ASerialLdd1.o
LOAD ./Generated_Code/AdcLdd1.o
LOAD ./Generated_Code/BL1.o
LOAD ./Generated_Code/BL2.o
LOAD ./Generated_Code/BLAU.o
LOAD ./Generated_Code/Bein_L.o
LOAD ./Generated_Code/Bein_R.o
LOAD ./Generated_Code/BitIoLdd1.o
LOAD ./Generated_Code/BitIoLdd2.o
LOAD ./Generated_Code/BitIoLdd3.o
LOAD ./Generated_Code/BitIoLdd4.o
LOAD ./Generated_Code/BitIoLdd5.o
LOAD ./Generated_Code/CLS1.o
LOAD ./Generated_Code/CS1.o
LOAD ./Generated_Code/Cpu.o
LOAD ./Generated_Code/FRTOS1.o
LOAD ./Generated_Code/GRUN.o
LOAD ./Generated_Code/HF1.o
LOAD ./Generated_Code/Huft_L.o
LOAD ./Generated_Code/Huft_R.o
LOAD ./Generated_Code/KSDK1.o
LOAD ./Generated_Code/Knie_L.o
LOAD ./Generated_Code/Knie_R.o
LOAD ./Generated_Code/LEDpin1.o
LOAD ./Generated_Code/LEDpin2.o
LOAD ./Generated_Code/LEDpin3.o
LOAD ./Generated_Code/PE_LDD.o
LOAD ./Generated_Code/Pwm1.o
LOAD ./Generated_Code/Pwm2.o
LOAD ./Generated_Code/Pwm3.o
LOAD ./Generated_Code/Pwm4.o
LOAD ./Generated_Code/Pwm5.o
LOAD ./Generated_Code/Pwm6.o
LOAD ./Generated_Code/PwmLdd1.o
LOAD ./Generated_Code/PwmLdd2.o
LOAD ./Generated_Code/PwmLdd3.o
LOAD ./Generated_Code/PwmLdd4.o
LOAD ./Generated_Code/PwmLdd5.o
LOAD ./Generated_Code/PwmLdd6.o
LOAD ./Generated_Code/ROT.o
LOAD ./Generated_Code/RTT1.o
LOAD ./Generated_Code/RTT_Syscalls_GCC.o
LOAD ./Generated_Code/SEGGER_RTT.o
LOAD ./Generated_Code/SEGGER_RTT_printf.o
LOAD ./Generated_Code/SEGGER_SYSVIEW.o
LOAD ./Generated_Code/SEGGER_SYSVIEW_Config.o
LOAD ./Generated_Code/SEGGER_SYSVIEW_FreeRTOS.o
LOAD ./Generated_Code/SYS1.o
LOAD ./Generated_Code/TU1.o
LOAD ./Generated_Code/TU2.o
LOAD ./Generated_Code/TU3.o
LOAD ./Generated_Code/UTIL1.o
LOAD ./Generated_Code/Vectors.o
LOAD ./Generated_Code/WAIT1.o
LOAD ./Generated_Code/croutine.o
LOAD ./Generated_Code/event_groups.o
LOAD ./Generated_Code/heap_1.o
LOAD ./Generated_Code/heap_2.o
LOAD ./Generated_Code/heap_3.o
LOAD ./Generated_Code/heap_4.o
LOAD ./Generated_Code/heap_5.o
LOAD ./Generated_Code/list.o
LOAD ./Generated_Code/port.o
LOAD ./Generated_Code/queue.o
LOAD ./Generated_Code/tasks.o
LOAD ./Generated_Code/timers.o
LOAD /Applications/KDS_3.0.0.app/Contents/toolchain/bin/../lib/gcc/arm-none-eabi/4.8.4/../../../../arm-none-eabi/lib/armv6-m/libstdc++_s.a
LOAD /Applications/KDS_3.0.0.app/Contents/toolchain/bin/../lib/gcc/arm-none-eabi/4.8.4/../../../../arm-none-eabi/lib/armv6-m/libm.a
START GROUP
LOAD /Applications/KDS_3.0.0.app/Contents/toolchain/bin/../lib/gcc/arm-none-eabi/4.8.4/armv6-m/libgcc.a
LOAD /Applications/KDS_3.0.0.app/Contents/toolchain/bin/../lib/gcc/arm-none-eabi/4.8.4/../../../../arm-none-eabi/lib/armv6-m/libg_s.a
LOAD /Applications/KDS_3.0.0.app/Contents/toolchain/bin/../lib/gcc/arm-none-eabi/4.8.4/../../../../arm-none-eabi/lib/armv6-m/libc_s.a
END GROUP
START GROUP
LOAD /Applications/KDS_3.0.0.app/Contents/toolchain/bin/../lib/gcc/arm-none-eabi/4.8.4/armv6-m/libgcc.a
LOAD /Applications/KDS_3.0.0.app/Contents/toolchain/bin/../lib/gcc/arm-none-eabi/4.8.4/../../../../arm-none-eabi/lib/armv6-m/libc_s.a
LOAD /Applications/KDS_3.0.0.app/Contents/toolchain/bin/../lib/gcc/arm-none-eabi/4.8.4/../../../../arm-none-eabi/lib/armv6-m/libnosys.a
END GROUP
START GROUP
LOAD /Applications/KDS_3.0.0.app/Contents/toolchain/bin/../lib/gcc/arm-none-eabi/4.8.4/armv6-m/libgcc.a
LOAD /Applications/KDS_3.0.0.app/Contents/toolchain/bin/../lib/gcc/arm-none-eabi/4.8.4/../../../../arm-none-eabi/lib/armv6-m/libc_s.a
LOAD /Applications/KDS_3.0.0.app/Contents/toolchain/bin/../lib/gcc/arm-none-eabi/4.8.4/../../../../arm-none-eabi/lib/armv6-m/libnosys.a
END GROUP
LOAD /Applications/KDS_3.0.0.app/Contents/toolchain/bin/../lib/gcc/arm-none-eabi/4.8.4/armv6-m/crtend.o
LOAD /Applications/KDS_3.0.0.app/Contents/toolchain/bin/../lib/gcc/arm-none-eabi/4.8.4/armv6-m/crtn.o
                0x0000000020003000                _estack = 0x20003000
                0x0000000020003000                __SP_INIT = _estack
                0x0000000020003000                __stack = _estack
                0x0000000000000000                __heap_size = 0x0
                0x0000000000000400                __stack_size = 0x400

.interrupts     0x0000000000000000       0xc0
                0x0000000000000000                __vector_table = .
                0x0000000000000000                . = ALIGN (0x4)
 *(.vectortable)
 .vectortable   0x0000000000000000       0xc0 ./Generated_Code/Vectors.o
                0x0000000000000000                __vect_table
                0x00000000000000c0                . = ALIGN (0x4)

.cfmprotect     0x0000000000000400       0x10
                0x0000000000000400                . = ALIGN (0x4)
 *(.cfmconfig)
 .cfmconfig     0x0000000000000400       0x10 ./Generated_Code/Cpu.o
                0x0000000000000400                _cfm
                0x0000000000000410                . = ALIGN (0x4)

.text           0x0000000000000410     0x52d0
                0x0000000000000410                . = ALIGN (0x4)
 *(.text)
 .text          0x0000000000000410       0x60 /Applications/KDS_3.0.0.app/Contents/toolchain/bin/../lib/gcc/arm-none-eabi/4.8.4/armv6-m/crtbegin.o
 .text          0x0000000000000470       0x78 /Applications/KDS_3.0.0.app/Contents/toolchain/bin/../lib/gcc/arm-none-eabi/4.8.4/../../../../arm-none-eabi/lib/armv6-m/crt0.o
                0x0000000000000470                _mainCRTStartup
                0x0000000000000470                _start
 .text          0x00000000000004e8       0x9c /Applications/KDS_3.0.0.app/Contents/toolchain/bin/../lib/gcc/arm-none-eabi/4.8.4/armv6-m/libgcc.a(_udivsi3.o)
                0x00000000000004e8                __udivsi3
                0x00000000000004e8                __aeabi_uidiv
                0x0000000000000570                __aeabi_uidivmod
 .text          0x0000000000000584        0x4 /Applications/KDS_3.0.0.app/Contents/toolchain/bin/../lib/gcc/arm-none-eabi/4.8.4/armv6-m/libgcc.a(_dvmd_tls.o)
                0x0000000000000584                __aeabi_ldiv0
                0x0000000000000584                __aeabi_idiv0
 .text          0x0000000000000588       0x74 /Applications/KDS_3.0.0.app/Contents/toolchain/bin/../lib/gcc/arm-none-eabi/4.8.4/armv6-m/libgcc.a(_arm_cmpsf2.o)
                0x0000000000000588                __aeabi_cfrcmple
                0x0000000000000590                __aeabi_cfcmple
                0x0000000000000590                __aeabi_cfcmpeq
                0x00000000000005a0                __aeabi_fcmpeq
                0x00000000000005ac                __aeabi_fcmplt
                0x00000000000005c0                __aeabi_fcmple
                0x00000000000005d4                __aeabi_fcmpgt
                0x00000000000005e8                __aeabi_fcmpge
 .text          0x00000000000005fc       0x44 /Applications/KDS_3.0.0.app/Contents/toolchain/bin/../lib/gcc/arm-none-eabi/4.8.4/armv6-m/libgcc.a(_muldi3.o)
                0x00000000000005fc                __aeabi_lmul
                0x00000000000005fc                __muldi3
 .text          0x0000000000000640       0x30 /Applications/KDS_3.0.0.app/Contents/toolchain/bin/../lib/gcc/arm-none-eabi/4.8.4/armv6-m/libgcc.a(_fixunssfsi.o)
                0x0000000000000640                __aeabi_f2uiz
                0x0000000000000640                __fixunssfsi
 .text          0x0000000000000670       0x54 /Applications/KDS_3.0.0.app/Contents/toolchain/bin/../lib/gcc/arm-none-eabi/4.8.4/armv6-m/libgcc.a(eqsf2.o)
                0x0000000000000670                __nesf2
                0x0000000000000670                __eqsf2
 .text          0x00000000000006c4       0x90 /Applications/KDS_3.0.0.app/Contents/toolchain/bin/../lib/gcc/arm-none-eabi/4.8.4/armv6-m/libgcc.a(gesf2.o)
                0x00000000000006c4                __gtsf2
                0x00000000000006c4                __gesf2
 .text          0x0000000000000754       0x98 /Applications/KDS_3.0.0.app/Contents/toolchain/bin/../lib/gcc/arm-none-eabi/4.8.4/armv6-m/libgcc.a(lesf2.o)
                0x0000000000000754                __lesf2
                0x0000000000000754                __ltsf2
 .text          0x00000000000007ec      0x254 /Applications/KDS_3.0.0.app/Contents/toolchain/bin/../lib/gcc/arm-none-eabi/4.8.4/armv6-m/libgcc.a(mulsf3.o)
                0x00000000000007ec                __aeabi_fmul
 .text          0x0000000000000a40      0x2ec /Applications/KDS_3.0.0.app/Contents/toolchain/bin/../lib/gcc/arm-none-eabi/4.8.4/armv6-m/libgcc.a(subsf3.o)
                0x0000000000000a40                __aeabi_fsub
 .text          0x0000000000000d2c       0x40 /Applications/KDS_3.0.0.app/Contents/toolchain/bin/../lib/gcc/arm-none-eabi/4.8.4/armv6-m/libgcc.a(fixsfsi.o)
                0x0000000000000d2c                __aeabi_f2iz
 .text          0x0000000000000d6c       0xb8 /Applications/KDS_3.0.0.app/Contents/toolchain/bin/../lib/gcc/arm-none-eabi/4.8.4/armv6-m/libgcc.a(floatsisf.o)
                0x0000000000000d6c                __aeabi_i2f
 .text          0x0000000000000e24       0x3c /Applications/KDS_3.0.0.app/Contents/toolchain/bin/../lib/gcc/arm-none-eabi/4.8.4/armv6-m/libgcc.a(_clzsi2.o)
                0x0000000000000e24                __clzsi2
 *(.text*)
 .text.APP_Run  0x0000000000000e60       0x2c ./Sources/Application.o
                0x0000000000000e60                APP_Run
 .text.Cpu_OnNMIINT
                0x0000000000000e8c        0x8 ./Sources/Events.o
                0x0000000000000e8c                Cpu_OnNMIINT
 .text.FRTOS1_vApplicationStackOverflowHook
                0x0000000000000e94       0x10 ./Sources/Events.o
                0x0000000000000e94                FRTOS1_vApplicationStackOverflowHook
 .text.FRTOS1_vApplicationTickHook
                0x0000000000000ea4        0x8 ./Sources/Events.o
                0x0000000000000ea4                FRTOS1_vApplicationTickHook
 .text.FRTOS1_vApplicationIdleHook
                0x0000000000000eac        0x8 ./Sources/Events.o
                0x0000000000000eac                FRTOS1_vApplicationIdleHook
 .text.FRTOS1_vApplicationMallocFailedHook
                0x0000000000000eb4        0x8 ./Sources/Events.o
                0x0000000000000eb4                FRTOS1_vApplicationMallocFailedHook
 .text.ANALOG_IN_OnEnd
                0x0000000000000ebc        0x8 ./Sources/Events.o
                0x0000000000000ebc                ANALOG_IN_OnEnd
 .text.ANALOG_IN_OnCalibrationEnd
                0x0000000000000ec4        0x8 ./Sources/Events.o
                0x0000000000000ec4                ANALOG_IN_OnCalibrationEnd
 .text.main     0x0000000000000ecc       0x14 ./Sources/main.o
                0x0000000000000ecc                main
 .text.__copy_rom_section
                0x0000000000000ee0       0xd8 ./Project_Settings/Startup_Code/startup.o
                0x0000000000000ee0                __copy_rom_section
 .text.__copy_rom_sections_to_ram
                0x0000000000000fb8       0x98 ./Project_Settings/Startup_Code/startup.o
                0x0000000000000fb8                __copy_rom_sections_to_ram
 .text.__init_registers
                0x0000000000001050        0x8 ./Project_Settings/Startup_Code/startup.o
                0x0000000000001050                __init_registers
 .text.__init_user
                0x0000000000001058        0x8 ./Project_Settings/Startup_Code/startup.o
                0x0000000000001058                __init_user
 .text.__thumb_startup
                0x0000000000001060       0x30 ./Project_Settings/Startup_Code/startup.o
                0x0000000000001060                __thumb_startup
 .text.AdcLdd1_OnMeasurementComplete
                0x0000000000001090       0x5c ./Generated_Code/ANALOG_IN.o
                0x0000000000001090                AdcLdd1_OnMeasurementComplete
 .text.ANALOG_IN_Init
                0x00000000000010ec       0x2c ./Generated_Code/ANALOG_IN.o
                0x00000000000010ec                ANALOG_IN_Init
 .text.HWEnDi   0x0000000000001118       0x20 ./Generated_Code/AS1.o
 .text.AS1_Init
                0x0000000000001138       0x64 ./Generated_Code/AS1.o
                0x0000000000001138                AS1_Init
 .text.ASerialLdd1_OnBlockReceived
                0x000000000000119c       0x7c ./Generated_Code/AS1.o
                0x000000000000119c                ASerialLdd1_OnBlockReceived
 .text.ASerialLdd1_OnBlockSent
                0x0000000000001218       0x88 ./Generated_Code/AS1.o
                0x0000000000001218                ASerialLdd1_OnBlockSent
 .text.ASerialLdd1_OnError
                0x00000000000012a0       0x90 ./Generated_Code/AS1.o
                0x00000000000012a0                ASerialLdd1_OnError
 .text.ASerialLdd1_OnBreak
                0x0000000000001330       0x20 ./Generated_Code/AS1.o
                0x0000000000001330                ASerialLdd1_OnBreak
 .text.ASerialLdd1_Init
                0x0000000000001350      0x1c4 ./Generated_Code/ASerialLdd1.o
                0x0000000000001350                ASerialLdd1_Init
 .text.ASerialLdd1_ReceiveBlock
                0x0000000000001514       0x50 ./Generated_Code/ASerialLdd1.o
                0x0000000000001514                ASerialLdd1_ReceiveBlock
 .text.ASerialLdd1_SendBlock
                0x0000000000001564       0x80 ./Generated_Code/ASerialLdd1.o
                0x0000000000001564                ASerialLdd1_SendBlock
 .text.InterruptRx
                0x00000000000015e4       0x58 ./Generated_Code/ASerialLdd1.o
 .text.InterruptTx
                0x000000000000163c       0x80 ./Generated_Code/ASerialLdd1.o
 .text.ASerialLdd1_Interrupt
                0x00000000000016bc       0xec ./Generated_Code/ASerialLdd1.o
                0x00000000000016bc                ASerialLdd1_Interrupt
 .text.ASerialLdd1_GetError
                0x00000000000017a8       0x30 ./Generated_Code/ASerialLdd1.o
                0x00000000000017a8                ASerialLdd1_GetError
 .text.AdcLdd1_Init
                0x00000000000017d8       0xb8 ./Generated_Code/AdcLdd1.o
                0x00000000000017d8                AdcLdd1_Init
 .text.AdcLdd1_GetMeasuredValues
                0x0000000000001890       0x60 ./Generated_Code/AdcLdd1.o
                0x0000000000001890                AdcLdd1_GetMeasuredValues
 .text.AdcLdd1_GetCalibrationResultStatus
                0x00000000000018f0       0xb8 ./Generated_Code/AdcLdd1.o
                0x00000000000018f0                AdcLdd1_GetCalibrationResultStatus
 .text.AdcLdd1_MeasurementCompleteInterrupt
                0x00000000000019a8       0x30 ./Generated_Code/AdcLdd1.o
                0x00000000000019a8                AdcLdd1_MeasurementCompleteInterrupt
 .text.Bein_L_SetPWMDutyUs
                0x00000000000019d8       0x3c ./Generated_Code/Bein_L.o
                0x00000000000019d8                Bein_L_SetPWMDutyUs
 .text.Bein_L_SetPos
                0x0000000000001a14       0x38 ./Generated_Code/Bein_L.o
                0x0000000000001a14                Bein_L_SetPos
 .text.Bein_L_Init
                0x0000000000001a4c       0x14 ./Generated_Code/Bein_L.o
                0x0000000000001a4c                Bein_L_Init
 .text.Bein_R_SetPWMDutyUs
                0x0000000000001a60       0x3c ./Generated_Code/Bein_R.o
                0x0000000000001a60                Bein_R_SetPWMDutyUs
 .text.Bein_R_SetPos
                0x0000000000001a9c       0x38 ./Generated_Code/Bein_R.o
                0x0000000000001a9c                Bein_R_SetPos
 .text.Bein_R_Init
                0x0000000000001ad4       0x14 ./Generated_Code/Bein_R.o
                0x0000000000001ad4                Bein_R_Init
 .text.BitIoLdd1_Init
                0x0000000000001ae8       0x60 ./Generated_Code/BitIoLdd1.o
                0x0000000000001ae8                BitIoLdd1_Init
 .text.BitIoLdd2_Init
                0x0000000000001b48       0x68 ./Generated_Code/BitIoLdd2.o
                0x0000000000001b48                BitIoLdd2_Init
 .text.BitIoLdd2_ClrVal
                0x0000000000001bb0       0x1c ./Generated_Code/BitIoLdd2.o
                0x0000000000001bb0                BitIoLdd2_ClrVal
 .text.BitIoLdd3_Init
                0x0000000000001bcc       0x68 ./Generated_Code/BitIoLdd3.o
                0x0000000000001bcc                BitIoLdd3_Init
 .text.BitIoLdd4_Init
                0x0000000000001c34       0x68 ./Generated_Code/BitIoLdd4.o
                0x0000000000001c34                BitIoLdd4_Init
 .text.BitIoLdd4_ClrVal
                0x0000000000001c9c       0x1c ./Generated_Code/BitIoLdd4.o
                0x0000000000001c9c                BitIoLdd4_ClrVal
 .text.BitIoLdd5_Init
                0x0000000000001cb8       0x60 ./Generated_Code/BitIoLdd5.o
                0x0000000000001cb8                BitIoLdd5_Init
 .text.BitIoLdd5_ClrVal
                0x0000000000001d18       0x18 ./Generated_Code/BitIoLdd5.o
                0x0000000000001d18                BitIoLdd5_ClrVal
 .text.CLS1_Init
                0x0000000000001d30        0x8 ./Generated_Code/CLS1.o
                0x0000000000001d30                CLS1_Init
 .text.Cpu_INT_NMIInterrupt
                0x0000000000001d38        0xc ./Generated_Code/Cpu.o
                0x0000000000001d38                Cpu_INT_NMIInterrupt
 .text.Cpu_Interrupt
                0x0000000000001d44        0xc ./Generated_Code/Cpu.o
                0x0000000000001d44                Cpu_Interrupt
 .text.__init_hardware
                0x0000000000001d50      0x110 ./Generated_Code/Cpu.o
                0x0000000000001d50                __init_hardware
 .text.PE_low_level_init
                0x0000000000001e60      0x15c ./Generated_Code/Cpu.o
                0x0000000000001e60                PE_low_level_init
 .text.HF1_HandlerC
                0x0000000000001fbc       0xd0 ./Generated_Code/HF1.o
                0x0000000000001fbc                HF1_HandlerC
 .text.HF1_HardFaultHandler
                0x000000000000208c       0x18 ./Generated_Code/HF1.o
                0x000000000000208c                HF1_HardFaultHandler
 .text.Huft_L_SetPWMDutyUs
                0x00000000000020a4       0x3c ./Generated_Code/Huft_L.o
                0x00000000000020a4                Huft_L_SetPWMDutyUs
 .text.Huft_L_SetPos
                0x00000000000020e0       0x38 ./Generated_Code/Huft_L.o
                0x00000000000020e0                Huft_L_SetPos
 .text.Huft_L_Init
                0x0000000000002118       0x14 ./Generated_Code/Huft_L.o
                0x0000000000002118                Huft_L_Init
 .text.Huft_R_SetPWMDutyUs
                0x000000000000212c       0x3c ./Generated_Code/Huft_R.o
                0x000000000000212c                Huft_R_SetPWMDutyUs
 .text.Huft_R_SetPos
                0x0000000000002168       0x38 ./Generated_Code/Huft_R.o
                0x0000000000002168                Huft_R_SetPos
 .text.Huft_R_Init
                0x00000000000021a0       0x14 ./Generated_Code/Huft_R.o
                0x00000000000021a0                Huft_R_Init
 .text.Knie_L_SetPWMDutyUs
                0x00000000000021b4       0x3c ./Generated_Code/Knie_L.o
                0x00000000000021b4                Knie_L_SetPWMDutyUs
 .text.Knie_L_SetPos
                0x00000000000021f0       0x38 ./Generated_Code/Knie_L.o
                0x00000000000021f0                Knie_L_SetPos
 .text.Knie_L_Init
                0x0000000000002228       0x14 ./Generated_Code/Knie_L.o
                0x0000000000002228                Knie_L_Init
 .text.Knie_R_SetPWMDutyUs
                0x000000000000223c       0x3c ./Generated_Code/Knie_R.o
                0x000000000000223c                Knie_R_SetPWMDutyUs
 .text.Knie_R_SetPos
                0x0000000000002278       0x38 ./Generated_Code/Knie_R.o
                0x0000000000002278                Knie_R_SetPos
 .text.Knie_R_Init
                0x00000000000022b0       0x14 ./Generated_Code/Knie_R.o
                0x00000000000022b0                Knie_R_Init
 .text.PwmLdd1_Init
                0x00000000000022c4       0x58 ./Generated_Code/PwmLdd1.o
                0x00000000000022c4                PwmLdd1_Init
 .text.PwmLdd1_SetDutyUS
                0x000000000000231c       0x7c ./Generated_Code/PwmLdd1.o
                0x000000000000231c                PwmLdd1_SetDutyUS
 .text.SetRatio
                0x0000000000002398       0x68 ./Generated_Code/PwmLdd1.o
 .text.PwmLdd2_Init
                0x0000000000002400       0x58 ./Generated_Code/PwmLdd2.o
                0x0000000000002400                PwmLdd2_Init
 .text.PwmLdd2_SetDutyUS
                0x0000000000002458       0x7c ./Generated_Code/PwmLdd2.o
                0x0000000000002458                PwmLdd2_SetDutyUS
 .text.SetRatio
                0x00000000000024d4       0x68 ./Generated_Code/PwmLdd2.o
 .text.PwmLdd3_Init
                0x000000000000253c       0x58 ./Generated_Code/PwmLdd3.o
                0x000000000000253c                PwmLdd3_Init
 .text.PwmLdd3_SetDutyUS
                0x0000000000002594       0x7c ./Generated_Code/PwmLdd3.o
                0x0000000000002594                PwmLdd3_SetDutyUS
 .text.SetRatio
                0x0000000000002610       0x68 ./Generated_Code/PwmLdd3.o
 .text.PwmLdd4_Init
                0x0000000000002678       0x58 ./Generated_Code/PwmLdd4.o
                0x0000000000002678                PwmLdd4_Init
 .text.PwmLdd4_SetDutyUS
                0x00000000000026d0       0x7c ./Generated_Code/PwmLdd4.o
                0x00000000000026d0                PwmLdd4_SetDutyUS
 .text.SetRatio
                0x000000000000274c       0x68 ./Generated_Code/PwmLdd4.o
 .text.PwmLdd5_Init
                0x00000000000027b4       0x58 ./Generated_Code/PwmLdd5.o
                0x00000000000027b4                PwmLdd5_Init
 .text.PwmLdd5_SetDutyUS
                0x000000000000280c       0x7c ./Generated_Code/PwmLdd5.o
                0x000000000000280c                PwmLdd5_SetDutyUS
 .text.SetRatio
                0x0000000000002888       0x68 ./Generated_Code/PwmLdd5.o
 .text.PwmLdd6_Init
                0x00000000000028f0       0x58 ./Generated_Code/PwmLdd6.o
                0x00000000000028f0                PwmLdd6_Init
 .text.PwmLdd6_SetDutyUS
                0x0000000000002948       0x7c ./Generated_Code/PwmLdd6.o
                0x0000000000002948                PwmLdd6_SetDutyUS
 .text.SetRatio
                0x00000000000029c4       0x68 ./Generated_Code/PwmLdd6.o
 .text.RTT1_Init
                0x0000000000002a2c       0x30 ./Generated_Code/RTT1.o
                0x0000000000002a2c                RTT1_Init
 .text._DoInit  0x0000000000002a5c       0xb0 ./Generated_Code/SEGGER_RTT.o
 .text.SEGGER_RTT_ReadNoLock
                0x0000000000002b0c       0xfc ./Generated_Code/SEGGER_RTT.o
                0x0000000000002b0c                SEGGER_RTT_ReadNoLock
 .text.SEGGER_RTT_WriteSkipNoLock
                0x0000000000002c08      0x14c ./Generated_Code/SEGGER_RTT.o
                0x0000000000002c08                SEGGER_RTT_WriteSkipNoLock
 .text.SEGGER_RTT_ConfigUpBuffer
                0x0000000000002d54       0xc4 ./Generated_Code/SEGGER_RTT.o
                0x0000000000002d54                SEGGER_RTT_ConfigUpBuffer
 .text.SEGGER_RTT_ConfigDownBuffer
                0x0000000000002e18       0xc8 ./Generated_Code/SEGGER_RTT.o
                0x0000000000002e18                SEGGER_RTT_ConfigDownBuffer
 .text.SEGGER_RTT_Init
                0x0000000000002ee0       0x18 ./Generated_Code/SEGGER_RTT.o
                0x0000000000002ee0                SEGGER_RTT_Init
 .text._EncodeStr
                0x0000000000002ef8       0x54 ./Generated_Code/SEGGER_SYSVIEW.o
 .text._PreparePacket
                0x0000000000002f4c       0x14 ./Generated_Code/SEGGER_SYSVIEW.o
 .text._HandleIncomingPacket
                0x0000000000002f60       0xb0 ./Generated_Code/SEGGER_SYSVIEW.o
 .text._TrySendOverflowPacket
                0x0000000000003010       0xe4 ./Generated_Code/SEGGER_SYSVIEW.o
 .text._SendPacket
                0x00000000000030f4      0x184 ./Generated_Code/SEGGER_SYSVIEW.o
 .text.SEGGER_SYSVIEW_Init
                0x0000000000003278       0x84 ./Generated_Code/SEGGER_SYSVIEW.o
                0x0000000000003278                SEGGER_SYSVIEW_Init
 .text.SEGGER_SYSVIEW_SetRAMBase
                0x00000000000032fc       0x18 ./Generated_Code/SEGGER_SYSVIEW.o
                0x00000000000032fc                SEGGER_SYSVIEW_SetRAMBase
 .text.SEGGER_SYSVIEW_RecordVoid
                0x0000000000003314       0x2c ./Generated_Code/SEGGER_SYSVIEW.o
                0x0000000000003314                SEGGER_SYSVIEW_RecordVoid
 .text.SEGGER_SYSVIEW_RecordU32
                0x0000000000003340       0x6c ./Generated_Code/SEGGER_SYSVIEW.o
                0x0000000000003340                SEGGER_SYSVIEW_RecordU32
 .text.SEGGER_SYSVIEW_RecordU32x2
                0x00000000000033ac       0xa8 ./Generated_Code/SEGGER_SYSVIEW.o
                0x00000000000033ac                SEGGER_SYSVIEW_RecordU32x2
 .text.SEGGER_SYSVIEW_Start
                0x0000000000003454      0x154 ./Generated_Code/SEGGER_SYSVIEW.o
                0x0000000000003454                SEGGER_SYSVIEW_Start
 .text.SEGGER_SYSVIEW_Stop
                0x00000000000035a8       0x38 ./Generated_Code/SEGGER_SYSVIEW.o
                0x00000000000035a8                SEGGER_SYSVIEW_Stop
 .text.SEGGER_SYSVIEW_GetSysDesc
                0x00000000000035e0      0x134 ./Generated_Code/SEGGER_SYSVIEW.o
                0x00000000000035e0                SEGGER_SYSVIEW_GetSysDesc
 .text.SEGGER_SYSVIEW_SendTaskInfo
                0x0000000000003714      0x1dc ./Generated_Code/SEGGER_SYSVIEW.o
                0x0000000000003714                SEGGER_SYSVIEW_SendTaskInfo
 .text.SEGGER_SYSVIEW_SendTaskList
                0x00000000000038f0       0x34 ./Generated_Code/SEGGER_SYSVIEW.o
                0x00000000000038f0                SEGGER_SYSVIEW_SendTaskList
 .text.SEGGER_SYSVIEW_SendSysDesc
                0x0000000000003924       0x50 ./Generated_Code/SEGGER_SYSVIEW.o
                0x0000000000003924                SEGGER_SYSVIEW_SendSysDesc
 .text.SEGGER_SYSVIEW_RecordSystime
                0x0000000000003974       0x64 ./Generated_Code/SEGGER_SYSVIEW.o
                0x0000000000003974                SEGGER_SYSVIEW_RecordSystime
 .text.SEGGER_SYSVIEW_OnIdle
                0x00000000000039d8       0x28 ./Generated_Code/SEGGER_SYSVIEW.o
                0x00000000000039d8                SEGGER_SYSVIEW_OnIdle
 .text.SEGGER_SYSVIEW_OnTaskCreate
                0x0000000000003a00       0x78 ./Generated_Code/SEGGER_SYSVIEW.o
                0x0000000000003a00                SEGGER_SYSVIEW_OnTaskCreate
 .text.SEGGER_SYSVIEW_OnTaskStartExec
                0x0000000000003a78       0x78 ./Generated_Code/SEGGER_SYSVIEW.o
                0x0000000000003a78                SEGGER_SYSVIEW_OnTaskStartExec
 .text.SEGGER_SYSVIEW_OnTaskStartReady
                0x0000000000003af0       0x78 ./Generated_Code/SEGGER_SYSVIEW.o
                0x0000000000003af0                SEGGER_SYSVIEW_OnTaskStartReady
 .text.SEGGER_SYSVIEW_SendModule
                0x0000000000003b68      0x1b8 ./Generated_Code/SEGGER_SYSVIEW.o
                0x0000000000003b68                SEGGER_SYSVIEW_SendModule
 .text.SEGGER_SYSVIEW_SendModuleDescription
                0x0000000000003d20       0x38 ./Generated_Code/SEGGER_SYSVIEW.o
                0x0000000000003d20                SEGGER_SYSVIEW_SendModuleDescription
 .text.SEGGER_SYSVIEW_SendNumModules
                0x0000000000003d58       0x6c ./Generated_Code/SEGGER_SYSVIEW.o
                0x0000000000003d58                SEGGER_SYSVIEW_SendNumModules
 .text.SEGGER_SYSVIEW_Warn
                0x0000000000003dc4      0x134 ./Generated_Code/SEGGER_SYSVIEW.o
                0x0000000000003dc4                SEGGER_SYSVIEW_Warn
 .text.SEGGER_SYSVIEW_X_GetTimestamp
                0x0000000000003ef8       0x58 ./Generated_Code/SEGGER_SYSVIEW_Config.o
                0x0000000000003ef8                SEGGER_SYSVIEW_X_GetTimestamp
 .text._cbSendSystemDesc
                0x0000000000003f50       0x20 ./Generated_Code/SEGGER_SYSVIEW_Config.o
 .text.SEGGER_SYSVIEW_Conf
                0x0000000000003f70       0x2c ./Generated_Code/SEGGER_SYSVIEW_Config.o
                0x0000000000003f70                SEGGER_SYSVIEW_Conf
 .text._cbSendTaskList
                0x0000000000003f9c       0xb0 ./Generated_Code/SEGGER_SYSVIEW_FreeRTOS.o
 *fill*         0x000000000000404c        0x4 
 .text._cbGetTime
                0x0000000000004050       0x40 ./Generated_Code/SEGGER_SYSVIEW_FreeRTOS.o
 .text.SYSVIEW_AddTask
                0x0000000000004090       0xb4 ./Generated_Code/SEGGER_SYSVIEW_FreeRTOS.o
                0x0000000000004090                SYSVIEW_AddTask
 .text.SYSVIEW_SendTaskInfo
                0x0000000000004144       0x54 ./Generated_Code/SEGGER_SYSVIEW_FreeRTOS.o
                0x0000000000004144                SYSVIEW_SendTaskInfo
 .text.SYS1_Init
                0x0000000000004198        0xc ./Generated_Code/SYS1.o
                0x0000000000004198                SYS1_Init
 .text.TU1_Init
                0x00000000000041a4      0x140 ./Generated_Code/TU1.o
                0x00000000000041a4                TU1_Init
 .text.TU1_GetPeriodTicks
                0x00000000000042e4       0x3c ./Generated_Code/TU1.o
                0x00000000000042e4                TU1_GetPeriodTicks
 .text.TU1_SetOffsetTicks
                0x0000000000004320       0x58 ./Generated_Code/TU1.o
                0x0000000000004320                TU1_SetOffsetTicks
 .text.TU2_Init
                0x0000000000004378       0xcc ./Generated_Code/TU2.o
                0x0000000000004378                TU2_Init
 .text.TU2_GetPeriodTicks
                0x0000000000004444       0x3c ./Generated_Code/TU2.o
                0x0000000000004444                TU2_GetPeriodTicks
 .text.TU2_SetOffsetTicks
                0x0000000000004480       0x44 ./Generated_Code/TU2.o
                0x0000000000004480                TU2_SetOffsetTicks
 .text.TU3_Init
                0x00000000000044c4       0xcc ./Generated_Code/TU3.o
                0x00000000000044c4                TU3_Init
 .text.TU3_GetPeriodTicks
                0x0000000000004590       0x3c ./Generated_Code/TU3.o
                0x0000000000004590                TU3_GetPeriodTicks
 .text.TU3_SetOffsetTicks
                0x00000000000045cc       0x44 ./Generated_Code/TU3.o
                0x00000000000045cc                TU3_SetOffsetTicks
 .text.pvPortMalloc
                0x0000000000004610      0x154 ./Generated_Code/heap_4.o
                0x0000000000004610                pvPortMalloc
 .text.vPortFree
                0x0000000000004764       0x8c ./Generated_Code/heap_4.o
                0x0000000000004764                vPortFree
 .text.prvHeapInit
                0x00000000000047f0       0xbc ./Generated_Code/heap_4.o
 .text.prvInsertBlockIntoFreeList
                0x00000000000048ac       0xac ./Generated_Code/heap_4.o
 .text.vListInitialise
                0x0000000000004958       0x3c ./Generated_Code/list.o
                0x0000000000004958                vListInitialise
 .text.vListInitialiseItem
                0x0000000000004994       0x14 ./Generated_Code/list.o
                0x0000000000004994                vListInitialiseItem
 .text.vListInsertEnd
                0x00000000000049a8       0x44 ./Generated_Code/list.o
                0x00000000000049a8                vListInsertEnd
 .text.uxListRemove
                0x00000000000049ec       0x50 ./Generated_Code/list.o
                0x00000000000049ec                uxListRemove
 .text.pxPortInitialiseStack
                0x0000000000004a3c       0x50 ./Generated_Code/port.o
                0x0000000000004a3c                pxPortInitialiseStack
 .text.vPortInitTickTimer
                0x0000000000004a8c       0x3c ./Generated_Code/port.o
                0x0000000000004a8c                vPortInitTickTimer
 .text.vPortStartTickTimer
                0x0000000000004ac8       0x14 ./Generated_Code/port.o
                0x0000000000004ac8                vPortStartTickTimer
 .text.vPortStopTickTimer
                0x0000000000004adc       0x14 ./Generated_Code/port.o
                0x0000000000004adc                vPortStopTickTimer
 .text.xPortStartScheduler
                0x0000000000004af0       0x34 ./Generated_Code/port.o
                0x0000000000004af0                xPortStartScheduler
 .text.vPortEnterCritical
                0x0000000000004b24       0x20 ./Generated_Code/port.o
                0x0000000000004b24                vPortEnterCritical
 .text.vPortExitCritical
                0x0000000000004b44       0x20 ./Generated_Code/port.o
                0x0000000000004b44                vPortExitCritical
 .text.vPortYieldFromISR
                0x0000000000004b64       0x1c ./Generated_Code/port.o
                0x0000000000004b64                vPortYieldFromISR
 .text.vPortTickHandler
                0x0000000000004b80       0x28 ./Generated_Code/port.o
                0x0000000000004b80                vPortTickHandler
 .text.vPortStartFirstTask
                0x0000000000004ba8       0x1c ./Generated_Code/port.o
                0x0000000000004ba8                vPortStartFirstTask
 .text.vPortSVCHandler
                0x0000000000004bc4       0x28 ./Generated_Code/port.o
                0x0000000000004bc4                vPortSVCHandler
 .text.vPortPendSVHandler
                0x0000000000004bec       0x44 ./Generated_Code/port.o
                0x0000000000004bec                vPortPendSVHandler
 .text.xTaskGenericCreate
                0x0000000000004c30      0x1b0 ./Generated_Code/tasks.o
                0x0000000000004c30                xTaskGenericCreate
 .text.vTaskStartScheduler
                0x0000000000004de0       0x74 ./Generated_Code/tasks.o
                0x0000000000004de0                vTaskStartScheduler
 .text.vTaskSuspendAll
                0x0000000000004e54       0x18 ./Generated_Code/tasks.o
                0x0000000000004e54                vTaskSuspendAll
 .text.xTaskResumeAll
                0x0000000000004e6c      0x110 ./Generated_Code/tasks.o
                0x0000000000004e6c                xTaskResumeAll
 .text.xTaskGetTickCountFromISR
                0x0000000000004f7c       0x24 ./Generated_Code/tasks.o
                0x0000000000004f7c                xTaskGetTickCountFromISR
 .text.xTaskIncrementTick
                0x0000000000004fa0      0x184 ./Generated_Code/tasks.o
                0x0000000000004fa0                xTaskIncrementTick
 .text.vTaskSwitchContext
                0x0000000000005124       0xe4 ./Generated_Code/tasks.o
                0x0000000000005124                vTaskSwitchContext
 .text.prvIdleTask
                0x0000000000005208       0x24 ./Generated_Code/tasks.o
 .text.prvInitialiseTCBVariables
                0x000000000000522c       0xa4 ./Generated_Code/tasks.o
 .text.prvInitialiseTaskLists
                0x00000000000052d0       0x88 ./Generated_Code/tasks.o
 .text.prvCheckTasksWaitingTermination
                0x0000000000005358       0x74 ./Generated_Code/tasks.o
 .text.prvAllocateTCBAndStack
                0x00000000000053cc       0x78 ./Generated_Code/tasks.o
 .text.prvTaskCheckFreeStackSpace
                0x0000000000005444       0x34 ./Generated_Code/tasks.o
 .text.uxTaskGetStackHighWaterMark
                0x0000000000005478       0x38 ./Generated_Code/tasks.o
                0x0000000000005478                uxTaskGetStackHighWaterMark
 .text.prvDeleteTCB
                0x00000000000054b0       0x20 ./Generated_Code/tasks.o
 .text.prvResetNextTaskUnblockTime
                0x00000000000054d0       0x44 ./Generated_Code/tasks.o
 .text.exit     0x0000000000005514       0x2c /Applications/KDS_3.0.0.app/Contents/toolchain/bin/../lib/gcc/arm-none-eabi/4.8.4/../../../../arm-none-eabi/lib/armv6-m/libg_s.a(lib_a-exit.o)
                0x0000000000005514                exit
 .text.__libc_init_array
                0x0000000000005540       0x4c /Applications/KDS_3.0.0.app/Contents/toolchain/bin/../lib/gcc/arm-none-eabi/4.8.4/../../../../arm-none-eabi/lib/armv6-m/libg_s.a(lib_a-init.o)
                0x0000000000005540                __libc_init_array
 .text.memcpy   0x000000000000558c       0x12 /Applications/KDS_3.0.0.app/Contents/toolchain/bin/../lib/gcc/arm-none-eabi/4.8.4/../../../../arm-none-eabi/lib/armv6-m/libg_s.a(lib_a-memcpy-stub.o)
                0x000000000000558c                memcpy
 .text.memset   0x000000000000559e       0x10 /Applications/KDS_3.0.0.app/Contents/toolchain/bin/../lib/gcc/arm-none-eabi/4.8.4/../../../../arm-none-eabi/lib/armv6-m/libg_s.a(lib_a-memset.o)
                0x000000000000559e                memset
 *fill*         0x00000000000055ae        0x2 
 .text._exit    0x00000000000055b0        0x4 /Applications/KDS_3.0.0.app/Contents/toolchain/bin/../lib/gcc/arm-none-eabi/4.8.4/../../../../arm-none-eabi/lib/armv6-m/libnosys.a(_exit.o)
                0x00000000000055b0                _exit
 *(.rodata)
 .rodata        0x00000000000055b4       0x18 ./Generated_Code/SEGGER_RTT.o
 .rodata        0x00000000000055cc        0x8 ./Generated_Code/SEGGER_SYSVIEW.o
 .rodata        0x00000000000055d4       0x3c ./Generated_Code/SEGGER_SYSVIEW_Config.o
 .rodata        0x0000000000005610       0x50 ./Generated_Code/SEGGER_SYSVIEW_FreeRTOS.o
 .rodata        0x0000000000005660       0x10 ./Generated_Code/tasks.o
 .rodata        0x0000000000005670       0x40 /Applications/KDS_3.0.0.app/Contents/toolchain/bin/../lib/gcc/arm-none-eabi/4.8.4/armv6-m/libgcc.a(mulsf3.o)
 *(.rodata*)
 .rodata.SYSVIEW_X_OS_TraceAPI
                0x00000000000056b0        0x8 ./Generated_Code/SEGGER_SYSVIEW_FreeRTOS.o
                0x00000000000056b0                SYSVIEW_X_OS_TraceAPI
 .rodata.ChannelDevice
                0x00000000000056b8        0x4 ./Generated_Code/TU1.o
 .rodata.ChannelMode
                0x00000000000056bc        0x4 ./Generated_Code/TU1.o
 .rodata.str1.1
                0x00000000000056c0        0x2 /Applications/KDS_3.0.0.app/Contents/toolchain/bin/../lib/gcc/arm-none-eabi/4.8.4/../../../../arm-none-eabi/lib/armv6-m/libg_s.a(lib_a-impure.o)
 *fill*         0x00000000000056c2        0x2 
 .rodata._global_impure_ptr
                0x00000000000056c4        0x4 /Applications/KDS_3.0.0.app/Contents/toolchain/bin/../lib/gcc/arm-none-eabi/4.8.4/../../../../arm-none-eabi/lib/armv6-m/libg_s.a(lib_a-impure.o)
                0x00000000000056c4                _global_impure_ptr
 *(.glue_7)
 .glue_7        0x0000000000000000        0x0 linker stubs
 *(.glue_7t)
 .glue_7t       0x0000000000000000        0x0 linker stubs
 *(.eh_frame)
 .eh_frame      0x00000000000056c8        0x0 /Applications/KDS_3.0.0.app/Contents/toolchain/bin/../lib/gcc/arm-none-eabi/4.8.4/armv6-m/crtbegin.o
 *(.init)
 .init          0x00000000000056c8        0x4 /Applications/KDS_3.0.0.app/Contents/toolchain/bin/../lib/gcc/arm-none-eabi/4.8.4/armv6-m/crti.o
                0x00000000000056c8                _init
 .init          0x00000000000056cc        0x8 /Applications/KDS_3.0.0.app/Contents/toolchain/bin/../lib/gcc/arm-none-eabi/4.8.4/armv6-m/crtn.o
 *(.fini)
 .fini          0x00000000000056d4        0x4 /Applications/KDS_3.0.0.app/Contents/toolchain/bin/../lib/gcc/arm-none-eabi/4.8.4/armv6-m/crti.o
                0x00000000000056d4                _fini
 .fini          0x00000000000056d8        0x8 /Applications/KDS_3.0.0.app/Contents/toolchain/bin/../lib/gcc/arm-none-eabi/4.8.4/armv6-m/crtn.o
                0x00000000000056e0                . = ALIGN (0x4)
                0x00000000000056e0                _etext = .

.vfp11_veneer   0x00000000000056e0        0x0
 .vfp11_veneer  0x0000000000000000        0x0 linker stubs

.v4_bx          0x00000000000056e0        0x0
 .v4_bx         0x0000000000000000        0x0 linker stubs

.iplt           0x00000000000056e0        0x0
 .iplt          0x0000000000000000        0x0 /Applications/KDS_3.0.0.app/Contents/toolchain/bin/../lib/gcc/arm-none-eabi/4.8.4/armv6-m/crtbegin.o

.ARM.extab
 *(.ARM.extab* .gnu.linkonce.armextab.*)

.ARM            0x00000000000056e0        0x8
                0x00000000000056e0                __exidx_start = .
 *(.ARM.exidx*)
 .ARM.exidx     0x00000000000056e0        0x8 /Applications/KDS_3.0.0.app/Contents/toolchain/bin/../lib/gcc/arm-none-eabi/4.8.4/../../../../arm-none-eabi/lib/armv6-m/crt0.o
                0x00000000000056e8                __exidx_end = .

.rel.dyn        0x00000000000056e8        0x0
 .rel.iplt      0x0000000000000000        0x0 /Applications/KDS_3.0.0.app/Contents/toolchain/bin/../lib/gcc/arm-none-eabi/4.8.4/armv6-m/crtbegin.o

.ctors          0x00000000000056e8        0x0
                0x00000000000056e8                __CTOR_LIST__ = .
 *crtbegin.o(.ctors)
 *(EXCLUDE_FILE(*crtend.o) .ctors)
 *(SORT(.ctors.*))
 *(.ctors)
                0x00000000000056e8                __CTOR_END__ = .

.dtors          0x00000000000056e8        0x0
                0x00000000000056e8                __DTOR_LIST__ = .
 *crtbegin.o(.dtors)
 *(EXCLUDE_FILE(*crtend.o) .dtors)
 *(SORT(.dtors.*))
 *(.dtors)
                0x00000000000056e8                __DTOR_END__ = .

.preinit_array  0x00000000000056e8        0x0
                0x00000000000056e8                PROVIDE (__preinit_array_start, .)
 *(.preinit_array*)
                0x00000000000056e8                PROVIDE (__preinit_array_end, .)

.init_array     0x00000000000056e8        0x4
                0x00000000000056e8                PROVIDE (__init_array_start, .)
 *(SORT(.init_array.*))
 *(.init_array*)
 .init_array    0x00000000000056e8        0x4 /Applications/KDS_3.0.0.app/Contents/toolchain/bin/../lib/gcc/arm-none-eabi/4.8.4/armv6-m/crtbegin.o
                0x00000000000056ec                PROVIDE (__init_array_end, .)

.fini_array     0x00000000000056ec        0x4
                0x00000000000056ec                PROVIDE (__fini_array_start, .)
 *(SORT(.fini_array.*))
 *(.fini_array*)
 .fini_array    0x00000000000056ec        0x4 /Applications/KDS_3.0.0.app/Contents/toolchain/bin/../lib/gcc/arm-none-eabi/4.8.4/armv6-m/crtbegin.o
                0x00000000000056f0                PROVIDE (__fini_array_end, .)
                0x00000000000056f0                ___ROM_AT = .

.mtb            0x000000001ffff000        0x0
                0x000000001ffff000                . = ALIGN (0x8)
                0x000000001ffff000                _mtb_start = .
 *(.mtb_buf)
                0x000000001ffff000                . = ALIGN (0x8)
                0x000000001ffff000                _mtb_end = .

.data           0x000000001ffff000       0x64 load address 0x00000000000056f0
                0x000000001ffff000                . = ALIGN (0x4)
                0x000000001ffff000                _sdata = .
 *(.data)
 *(.data*)
 .data.uxCriticalNesting
                0x000000001ffff000        0x4 ./Generated_Code/port.o
 .data.impure_data
                0x000000001ffff004       0x60 /Applications/KDS_3.0.0.app/Contents/toolchain/bin/../lib/gcc/arm-none-eabi/4.8.4/../../../../arm-none-eabi/lib/armv6-m/libg_s.a(lib_a-impure.o)
                0x000000001ffff064                . = ALIGN (0x4)
                0x000000001ffff064                _edata = .
                0x0000000000000064                ___data_size = (_edata - _sdata)

.jcr            0x000000001ffff064        0x0 load address 0x0000000000005754
 .jcr           0x000000001ffff064        0x0 /Applications/KDS_3.0.0.app/Contents/toolchain/bin/../lib/gcc/arm-none-eabi/4.8.4/armv6-m/crtbegin.o

.igot.plt       0x000000001ffff064        0x0 load address 0x0000000000005754
 .igot.plt      0x0000000000000000        0x0 /Applications/KDS_3.0.0.app/Contents/toolchain/bin/../lib/gcc/arm-none-eabi/4.8.4/armv6-m/crtbegin.o
                0x000000001ffff064                . = ALIGN (0x4)

.bss            0x000000001ffff064     0x2abc load address 0x0000000000005754
                0x000000001ffff064                __START_BSS = .
                0x000000001ffff064                PROVIDE (__bss_start__, __START_BSS)
 *(.bss)
 .bss           0x000000001ffff064       0x1c /Applications/KDS_3.0.0.app/Contents/toolchain/bin/../lib/gcc/arm-none-eabi/4.8.4/armv6-m/crtbegin.o
 *(.bss*)
 .bss.ModeFlg   0x000000001ffff080        0x1 ./Generated_Code/ANALOG_IN.o
 .bss.OutFlg    0x000000001ffff081        0x1 ./Generated_Code/ANALOG_IN.o
 .bss.SerFlag   0x000000001ffff082        0x2 ./Generated_Code/AS1.o
 .bss.AS1_InpLen
                0x000000001ffff084        0x2 ./Generated_Code/AS1.o
 .bss.InpIndexR
                0x000000001ffff086        0x2 ./Generated_Code/AS1.o
 .bss.InpIndexW
                0x000000001ffff088        0x2 ./Generated_Code/AS1.o
 *fill*         0x000000001ffff08a        0x2 
 .bss.InpBuffer
                0x000000001ffff08c       0x40 ./Generated_Code/AS1.o
 .bss.BufferRead
                0x000000001ffff0cc        0x1 ./Generated_Code/AS1.o
 *fill*         0x000000001ffff0cd        0x1 
 .bss.AS1_OutLen
                0x000000001ffff0ce        0x2 ./Generated_Code/AS1.o
 .bss.OutIndexR
                0x000000001ffff0d0        0x2 ./Generated_Code/AS1.o
 .bss.OutIndexW
                0x000000001ffff0d2        0x2 ./Generated_Code/AS1.o
 .bss.OutBuffer
                0x000000001ffff0d4       0x40 ./Generated_Code/AS1.o
 .bss.DeviceDataPrv__DEFAULT_RTOS_ALLOC
                0x000000001ffff114       0x20 ./Generated_Code/ASerialLdd1.o
 .bss.INT_UART0__BAREBOARD_RTOS_ISRPARAM
                0x000000001ffff134        0x4 ./Generated_Code/ASerialLdd1.o
 .bss.DeviceDataPrv__DEFAULT_RTOS_ALLOC
                0x000000001ffff138        0x8 ./Generated_Code/AdcLdd1.o
 .bss.INT_ADC0__BAREBOARD_RTOS_ISRPARAM
                0x000000001ffff140        0x4 ./Generated_Code/AdcLdd1.o
 .bss.Servo     0x000000001ffff144        0x4 ./Generated_Code/Bein_L.o
 .bss.Servo     0x000000001ffff148        0x4 ./Generated_Code/Bein_R.o
 .bss.DeviceDataPrv__DEFAULT_RTOS_ALLOC
                0x000000001ffff14c        0x4 ./Generated_Code/BitIoLdd1.o
 .bss.DeviceDataPrv__DEFAULT_RTOS_ALLOC
                0x000000001ffff150        0x4 ./Generated_Code/BitIoLdd2.o
 .bss.DeviceDataPrv__DEFAULT_RTOS_ALLOC
                0x000000001ffff154        0x4 ./Generated_Code/BitIoLdd3.o
 .bss.DeviceDataPrv__DEFAULT_RTOS_ALLOC
                0x000000001ffff158        0x4 ./Generated_Code/BitIoLdd4.o
 .bss.DeviceDataPrv__DEFAULT_RTOS_ALLOC
                0x000000001ffff15c        0x4 ./Generated_Code/BitIoLdd5.o
 .bss.stacked_r0.5458
                0x000000001ffff160        0x4 ./Generated_Code/HF1.o
 .bss.stacked_r1.5459
                0x000000001ffff164        0x4 ./Generated_Code/HF1.o
 .bss.stacked_r2.5460
                0x000000001ffff168        0x4 ./Generated_Code/HF1.o
 .bss.stacked_r3.5461
                0x000000001ffff16c        0x4 ./Generated_Code/HF1.o
 .bss.stacked_r12.5462
                0x000000001ffff170        0x4 ./Generated_Code/HF1.o
 .bss.stacked_lr.5463
                0x000000001ffff174        0x4 ./Generated_Code/HF1.o
 .bss.stacked_pc.5464
                0x000000001ffff178        0x4 ./Generated_Code/HF1.o
 .bss.stacked_psr.5465
                0x000000001ffff17c        0x4 ./Generated_Code/HF1.o
 .bss._CFSR.5466
                0x000000001ffff180        0x4 ./Generated_Code/HF1.o
 .bss._HFSR.5467
                0x000000001ffff184        0x4 ./Generated_Code/HF1.o
 .bss._DFSR.5468
                0x000000001ffff188        0x4 ./Generated_Code/HF1.o
 .bss._AFSR.5469
                0x000000001ffff18c        0x4 ./Generated_Code/HF1.o
 .bss._MMAR.5471
                0x000000001ffff190        0x4 ./Generated_Code/HF1.o
 .bss._BFAR.5470
                0x000000001ffff194        0x4 ./Generated_Code/HF1.o
 .bss.Servo     0x000000001ffff198        0x4 ./Generated_Code/Huft_L.o
 .bss.Servo     0x000000001ffff19c        0x4 ./Generated_Code/Huft_R.o
 .bss.Servo     0x000000001ffff1a0        0x4 ./Generated_Code/Knie_L.o
 .bss.Servo     0x000000001ffff1a4        0x4 ./Generated_Code/Knie_R.o
 .bss.PE_LDD_DeviceDataList
                0x000000001ffff1a8       0x40 ./Generated_Code/PE_LDD.o
                0x000000001ffff1a8                PE_LDD_DeviceDataList
 .bss.DeviceDataPrv__DEFAULT_RTOS_ALLOC
                0x000000001ffff1e8        0xc ./Generated_Code/PwmLdd1.o
 .bss.DeviceDataPrv__DEFAULT_RTOS_ALLOC
                0x000000001ffff1f4        0xc ./Generated_Code/PwmLdd2.o
 .bss.DeviceDataPrv__DEFAULT_RTOS_ALLOC
                0x000000001ffff200        0xc ./Generated_Code/PwmLdd3.o
 .bss.DeviceDataPrv__DEFAULT_RTOS_ALLOC
                0x000000001ffff20c        0xc ./Generated_Code/PwmLdd4.o
 .bss.DeviceDataPrv__DEFAULT_RTOS_ALLOC
                0x000000001ffff218        0xc ./Generated_Code/PwmLdd5.o
 .bss.DeviceDataPrv__DEFAULT_RTOS_ALLOC
                0x000000001ffff224        0xc ./Generated_Code/PwmLdd6.o
 .bss._acUpBuffer
                0x000000001ffff230      0x200 ./Generated_Code/SEGGER_RTT.o
 .bss._acDownBuffer
                0x000000001ffff430       0x40 ./Generated_Code/SEGGER_RTT.o
 .bss._SYSVIEW_Globals
                0x000000001ffff470      0x428 ./Generated_Code/SEGGER_SYSVIEW.o
 .bss._pFirstModule
                0x000000001ffff898        0x4 ./Generated_Code/SEGGER_SYSVIEW.o
 .bss._NumModules
                0x000000001ffff89c        0x1 ./Generated_Code/SEGGER_SYSVIEW.o
 *fill*         0x000000001ffff89d        0x3 
 .bss._aTasks   0x000000001ffff8a0       0xa0 ./Generated_Code/SEGGER_SYSVIEW_FreeRTOS.o
 .bss._NumTasks
                0x000000001ffff940        0x4 ./Generated_Code/SEGGER_SYSVIEW_FreeRTOS.o
 .bss.DeviceDataPrv__DEFAULT_RTOS_ALLOC
                0x000000001ffff944        0xc ./Generated_Code/TU1.o
 .bss.DeviceDataPrv__DEFAULT_RTOS_ALLOC
                0x000000001ffff950        0xc ./Generated_Code/TU2.o
 .bss.DeviceDataPrv__DEFAULT_RTOS_ALLOC
                0x000000001ffff95c        0xc ./Generated_Code/TU3.o
 .bss.ucHeap    0x000000001ffff968     0x2000 ./Generated_Code/heap_4.o
 .bss.xStart    0x0000000020001968        0x8 ./Generated_Code/heap_4.o
 .bss.pxEnd     0x0000000020001970        0x4 ./Generated_Code/heap_4.o
 .bss.xFreeBytesRemaining
                0x0000000020001974        0x4 ./Generated_Code/heap_4.o
 .bss.xMinimumEverFreeBytesRemaining
                0x0000000020001978        0x4 ./Generated_Code/heap_4.o
 .bss.xBlockAllocatedBit
                0x000000002000197c        0x4 ./Generated_Code/heap_4.o
 .bss.pxCurrentTCB
                0x0000000020001980        0x4 ./Generated_Code/tasks.o
                0x0000000020001980                pxCurrentTCB
 .bss.pxReadyTasksLists
                0x0000000020001984       0x78 ./Generated_Code/tasks.o
 .bss.xDelayedTaskList1
                0x00000000200019fc       0x14 ./Generated_Code/tasks.o
 .bss.xDelayedTaskList2
                0x0000000020001a10       0x14 ./Generated_Code/tasks.o
 .bss.pxDelayedTaskList
                0x0000000020001a24        0x4 ./Generated_Code/tasks.o
 .bss.pxOverflowDelayedTaskList
                0x0000000020001a28        0x4 ./Generated_Code/tasks.o
 .bss.xPendingReadyList
                0x0000000020001a2c       0x14 ./Generated_Code/tasks.o
 .bss.xTasksWaitingTermination
                0x0000000020001a40       0x14 ./Generated_Code/tasks.o
 .bss.uxTasksDeleted
                0x0000000020001a54        0x4 ./Generated_Code/tasks.o
 .bss.xSuspendedTaskList
                0x0000000020001a58       0x14 ./Generated_Code/tasks.o
 .bss.xIdleTaskHandle
                0x0000000020001a6c        0x4 ./Generated_Code/tasks.o
 .bss.uxCurrentNumberOfTasks
                0x0000000020001a70        0x4 ./Generated_Code/tasks.o
 .bss.xTickCount
                0x0000000020001a74        0x4 ./Generated_Code/tasks.o
 .bss.uxTopReadyPriority
                0x0000000020001a78        0x4 ./Generated_Code/tasks.o
 .bss.xSchedulerRunning
                0x0000000020001a7c        0x4 ./Generated_Code/tasks.o
 .bss.uxPendedTicks
                0x0000000020001a80        0x4 ./Generated_Code/tasks.o
 .bss.xYieldPending
                0x0000000020001a84        0x4 ./Generated_Code/tasks.o
 .bss.xNumOfOverflows
                0x0000000020001a88        0x4 ./Generated_Code/tasks.o
 .bss.uxTaskNumber
                0x0000000020001a8c        0x4 ./Generated_Code/tasks.o
 .bss.xNextTaskUnblockTime
                0x0000000020001a90        0x4 ./Generated_Code/tasks.o
 .bss.uxSchedulerSuspended
                0x0000000020001a94        0x4 ./Generated_Code/tasks.o
 *(COMMON)
 COMMON         0x0000000020001a98        0x6 ./Generated_Code/ANALOG_IN.o
                0x0000000020001a98                AdcLdd1_DeviceDataPtr
                0x0000000020001a9c                ANALOG_IN_OutV
 *fill*         0x0000000020001a9e        0x2 
 COMMON         0x0000000020001aa0        0x4 ./Generated_Code/AS1.o
                0x0000000020001aa0                ASerialLdd1_DeviceDataPtr
 COMMON         0x0000000020001aa4       0x78 ./Generated_Code/SEGGER_RTT.o
                0x0000000020001aa4                _SEGGER_RTT
 COMMON         0x0000000020001b1c        0x4 ./Generated_Code/port.o
                0x0000000020001b1c                SEGGER_SYSVIEW_TickCnt
                0x0000000020001b20                . = ALIGN (0x4)
                0x0000000020001b20                __END_BSS = .
                0x0000000020001b20                PROVIDE (__bss_end__, __END_BSS)
                0x0000000000005754                _romp_at = (___ROM_AT + SIZEOF (.data))

.romp           0x0000000020001b20       0x18 load address 0x0000000000005754
                0x0000000000005754                __S_romp = _romp_at
                0x0000000020001b20        0x4 LONG 0x56f0 ___ROM_AT
                0x0000000020001b24        0x4 LONG 0x1ffff000 _sdata
                0x0000000020001b28        0x4 LONG 0x64 ___data_size
                0x0000000020001b2c        0x4 LONG 0x0
                0x0000000020001b30        0x4 LONG 0x0
                0x0000000020001b34        0x4 LONG 0x0

._user_heap_stack
                0x0000000020001b38      0x400 load address 0x000000000000576c
                0x0000000020001b38                . = ALIGN (0x4)
                0x0000000020001b38                PROVIDE (end, .)
                0x0000000020001b38                PROVIDE (_end, .)
                0x0000000020001b38                __heap_addr = .
                0x0000000020001b38                __HeapBase = .
                0x0000000020001b38                . = (. + __heap_size)
                0x0000000020001b38                __HeapLimit = .
                0x0000000020001f38                . = (. + __stack_size)
 *fill*         0x0000000020001b38      0x400 
                0x0000000020001f38                . = ALIGN (0x4)

.ARM.attributes
                0x0000000000000000       0x28
 *(.ARM.attributes)
 .ARM.attributes
                0x0000000000000000       0x1e /Applications/KDS_3.0.0.app/Contents/toolchain/bin/../lib/gcc/arm-none-eabi/4.8.4/armv6-m/crti.o
 .ARM.attributes
                0x000000000000001e       0x2c /Applications/KDS_3.0.0.app/Contents/toolchain/bin/../lib/gcc/arm-none-eabi/4.8.4/armv6-m/crtbegin.o
 .ARM.attributes
                0x000000000000004a       0x1b /Applications/KDS_3.0.0.app/Contents/toolchain/bin/../lib/gcc/arm-none-eabi/4.8.4/../../../../arm-none-eabi/lib/armv6-m/crt0.o
 .ARM.attributes
                0x0000000000000065       0x32 ./Sources/Application.o
 .ARM.attributes
                0x0000000000000097       0x32 ./Sources/Events.o
 .ARM.attributes
                0x00000000000000c9       0x32 ./Sources/main.o
 .ARM.attributes
                0x00000000000000fb       0x32 ./Project_Settings/Startup_Code/startup.o
 .ARM.attributes
                0x000000000000012d       0x32 ./Generated_Code/ANALOG_IN.o
 .ARM.attributes
                0x000000000000015f       0x32 ./Generated_Code/AS1.o
 .ARM.attributes
                0x0000000000000191       0x32 ./Generated_Code/ASerialLdd1.o
 .ARM.attributes
                0x00000000000001c3       0x32 ./Generated_Code/AdcLdd1.o
 .ARM.attributes
                0x00000000000001f5       0x32 ./Generated_Code/Bein_L.o
 .ARM.attributes
                0x0000000000000227       0x32 ./Generated_Code/Bein_R.o
 .ARM.attributes
                0x0000000000000259       0x32 ./Generated_Code/BitIoLdd1.o
 .ARM.attributes
                0x000000000000028b       0x32 ./Generated_Code/BitIoLdd2.o
 .ARM.attributes
                0x00000000000002bd       0x32 ./Generated_Code/BitIoLdd3.o
 .ARM.attributes
                0x00000000000002ef       0x32 ./Generated_Code/BitIoLdd4.o
 .ARM.attributes
                0x0000000000000321       0x32 ./Generated_Code/BitIoLdd5.o
 .ARM.attributes
                0x0000000000000353       0x32 ./Generated_Code/CLS1.o
 .ARM.attributes
                0x0000000000000385       0x32 ./Generated_Code/Cpu.o
 .ARM.attributes
                0x00000000000003b7       0x32 ./Generated_Code/HF1.o
 .ARM.attributes
                0x00000000000003e9       0x32 ./Generated_Code/Huft_L.o
 .ARM.attributes
                0x000000000000041b       0x32 ./Generated_Code/Huft_R.o
 .ARM.attributes
                0x000000000000044d       0x32 ./Generated_Code/Knie_L.o
 .ARM.attributes
                0x000000000000047f       0x32 ./Generated_Code/Knie_R.o
 .ARM.attributes
                0x00000000000004b1       0x32 ./Generated_Code/PE_LDD.o
 .ARM.attributes
                0x00000000000004e3       0x32 ./Generated_Code/PwmLdd1.o
 .ARM.attributes
                0x0000000000000515       0x32 ./Generated_Code/PwmLdd2.o
 .ARM.attributes
                0x0000000000000547       0x32 ./Generated_Code/PwmLdd3.o
 .ARM.attributes
                0x0000000000000579       0x32 ./Generated_Code/PwmLdd4.o
 .ARM.attributes
                0x00000000000005ab       0x32 ./Generated_Code/PwmLdd5.o
 .ARM.attributes
                0x00000000000005dd       0x32 ./Generated_Code/PwmLdd6.o
 .ARM.attributes
                0x000000000000060f       0x32 ./Generated_Code/RTT1.o
 .ARM.attributes
                0x0000000000000641       0x32 ./Generated_Code/SEGGER_RTT.o
 .ARM.attributes
                0x0000000000000673       0x32 ./Generated_Code/SEGGER_SYSVIEW.o
 .ARM.attributes
                0x00000000000006a5       0x32 ./Generated_Code/SEGGER_SYSVIEW_Config.o
 .ARM.attributes
                0x00000000000006d7       0x32 ./Generated_Code/SEGGER_SYSVIEW_FreeRTOS.o
 .ARM.attributes
                0x0000000000000709       0x32 ./Generated_Code/SYS1.o
 .ARM.attributes
                0x000000000000073b       0x32 ./Generated_Code/TU1.o
 .ARM.attributes
                0x000000000000076d       0x32 ./Generated_Code/TU2.o
 .ARM.attributes
                0x000000000000079f       0x32 ./Generated_Code/TU3.o
 .ARM.attributes
                0x00000000000007d1       0x32 ./Generated_Code/Vectors.o
 .ARM.attributes
                0x0000000000000803       0x32 ./Generated_Code/heap_4.o
 .ARM.attributes
                0x0000000000000835       0x32 ./Generated_Code/list.o
 .ARM.attributes
                0x0000000000000867       0x32 ./Generated_Code/port.o
 .ARM.attributes
                0x0000000000000899       0x32 ./Generated_Code/tasks.o
 .ARM.attributes
                0x00000000000008cb       0x1e /Applications/KDS_3.0.0.app/Contents/toolchain/bin/../lib/gcc/arm-none-eabi/4.8.4/armv6-m/libgcc.a(_udivsi3.o)
 .ARM.attributes
                0x00000000000008e9       0x1e /Applications/KDS_3.0.0.app/Contents/toolchain/bin/../lib/gcc/arm-none-eabi/4.8.4/armv6-m/libgcc.a(_dvmd_tls.o)
 .ARM.attributes
                0x0000000000000907       0x1e /Applications/KDS_3.0.0.app/Contents/toolchain/bin/../lib/gcc/arm-none-eabi/4.8.4/armv6-m/libgcc.a(_arm_cmpsf2.o)
 .ARM.attributes
                0x0000000000000925       0x2c /Applications/KDS_3.0.0.app/Contents/toolchain/bin/../lib/gcc/arm-none-eabi/4.8.4/armv6-m/libgcc.a(_muldi3.o)
 .ARM.attributes
                0x0000000000000951       0x2c /Applications/KDS_3.0.0.app/Contents/toolchain/bin/../lib/gcc/arm-none-eabi/4.8.4/armv6-m/libgcc.a(_fixunssfsi.o)
 .ARM.attributes
                0x000000000000097d       0x2c /Applications/KDS_3.0.0.app/Contents/toolchain/bin/../lib/gcc/arm-none-eabi/4.8.4/armv6-m/libgcc.a(eqsf2.o)
 .ARM.attributes
                0x00000000000009a9       0x2c /Applications/KDS_3.0.0.app/Contents/toolchain/bin/../lib/gcc/arm-none-eabi/4.8.4/armv6-m/libgcc.a(gesf2.o)
 .ARM.attributes
                0x00000000000009d5       0x2c /Applications/KDS_3.0.0.app/Contents/toolchain/bin/../lib/gcc/arm-none-eabi/4.8.4/armv6-m/libgcc.a(lesf2.o)
 .ARM.attributes
                0x0000000000000a01       0x2c /Applications/KDS_3.0.0.app/Contents/toolchain/bin/../lib/gcc/arm-none-eabi/4.8.4/armv6-m/libgcc.a(mulsf3.o)
 .ARM.attributes
                0x0000000000000a2d       0x2c /Applications/KDS_3.0.0.app/Contents/toolchain/bin/../lib/gcc/arm-none-eabi/4.8.4/armv6-m/libgcc.a(subsf3.o)
 .ARM.attributes
                0x0000000000000a59       0x2c /Applications/KDS_3.0.0.app/Contents/toolchain/bin/../lib/gcc/arm-none-eabi/4.8.4/armv6-m/libgcc.a(fixsfsi.o)
 .ARM.attributes
                0x0000000000000a85       0x2c /Applications/KDS_3.0.0.app/Contents/toolchain/bin/../lib/gcc/arm-none-eabi/4.8.4/armv6-m/libgcc.a(floatsisf.o)
 .ARM.attributes
                0x0000000000000ab1       0x1e /Applications/KDS_3.0.0.app/Contents/toolchain/bin/../lib/gcc/arm-none-eabi/4.8.4/armv6-m/libgcc.a(_clzsi2.o)
 .ARM.attributes
                0x0000000000000acf       0x2c /Applications/KDS_3.0.0.app/Contents/toolchain/bin/../lib/gcc/arm-none-eabi/4.8.4/../../../../arm-none-eabi/lib/armv6-m/libg_s.a(lib_a-exit.o)
 .ARM.attributes
                0x0000000000000afb       0x2c /Applications/KDS_3.0.0.app/Contents/toolchain/bin/../lib/gcc/arm-none-eabi/4.8.4/../../../../arm-none-eabi/lib/armv6-m/libg_s.a(lib_a-impure.o)
 .ARM.attributes
                0x0000000000000b27       0x2c /Applications/KDS_3.0.0.app/Contents/toolchain/bin/../lib/gcc/arm-none-eabi/4.8.4/../../../../arm-none-eabi/lib/armv6-m/libg_s.a(lib_a-init.o)
 .ARM.attributes
                0x0000000000000b53       0x2c /Applications/KDS_3.0.0.app/Contents/toolchain/bin/../lib/gcc/arm-none-eabi/4.8.4/../../../../arm-none-eabi/lib/armv6-m/libg_s.a(lib_a-memcpy-stub.o)
 .ARM.attributes
                0x0000000000000b7f       0x2c /Applications/KDS_3.0.0.app/Contents/toolchain/bin/../lib/gcc/arm-none-eabi/4.8.4/../../../../arm-none-eabi/lib/armv6-m/libg_s.a(lib_a-memset.o)
 .ARM.attributes
                0x0000000000000bab       0x2c /Applications/KDS_3.0.0.app/Contents/toolchain/bin/../lib/gcc/arm-none-eabi/4.8.4/../../../../arm-none-eabi/lib/armv6-m/libnosys.a(_exit.o)
 .ARM.attributes
                0x0000000000000bd7       0x1e /Applications/KDS_3.0.0.app/Contents/toolchain/bin/../lib/gcc/arm-none-eabi/4.8.4/armv6-m/crtn.o
OUTPUT(PAIND.elf elf32-littlearm)

.debug_info     0x0000000000000000     0xcefc
 .debug_info    0x0000000000000000       0xe0 ./Sources/Application.o
 .debug_info    0x00000000000000e0      0x130 ./Sources/Events.o
 .debug_info    0x0000000000000210       0x9a ./Sources/main.o
 .debug_info    0x00000000000002aa      0x20a ./Project_Settings/Startup_Code/startup.o
 .debug_info    0x00000000000004b4      0x23b ./Generated_Code/ANALOG_IN.o
 .debug_info    0x00000000000006ef      0x4c1 ./Generated_Code/AS1.o
 .debug_info    0x0000000000000bb0      0x7ba ./Generated_Code/ASerialLdd1.o
 .debug_info    0x000000000000136a      0x8a5 ./Generated_Code/AdcLdd1.o
 .debug_info    0x0000000000001c0f      0x1bb ./Generated_Code/Bein_L.o
 .debug_info    0x0000000000001dca      0x1bb ./Generated_Code/Bein_R.o
 .debug_info    0x0000000000001f85      0x3b6 ./Generated_Code/BitIoLdd1.o
 .debug_info    0x000000000000233b      0x372 ./Generated_Code/BitIoLdd2.o
 .debug_info    0x00000000000026ad      0x3b6 ./Generated_Code/BitIoLdd3.o
 .debug_info    0x0000000000002a63      0x372 ./Generated_Code/BitIoLdd4.o
 .debug_info    0x0000000000002dd5      0x372 ./Generated_Code/BitIoLdd5.o
 .debug_info    0x0000000000003147      0x9fe ./Generated_Code/CLS1.o
 .debug_info    0x0000000000003b45      0x865 ./Generated_Code/Cpu.o
 .debug_info    0x00000000000043aa      0x1be ./Generated_Code/HF1.o
 .debug_info    0x0000000000004568      0x1bb ./Generated_Code/Huft_L.o
 .debug_info    0x0000000000004723      0x1bb ./Generated_Code/Huft_R.o
 .debug_info    0x00000000000048de      0x1bb ./Generated_Code/Knie_L.o
 .debug_info    0x0000000000004a99      0x1bb ./Generated_Code/Knie_R.o
 .debug_info    0x0000000000004c54      0x251 ./Generated_Code/PE_LDD.o
 .debug_info    0x0000000000004ea5      0x345 ./Generated_Code/PwmLdd1.o
 .debug_info    0x00000000000051ea      0x345 ./Generated_Code/PwmLdd2.o
 .debug_info    0x000000000000552f      0x345 ./Generated_Code/PwmLdd3.o
 .debug_info    0x0000000000005874      0x345 ./Generated_Code/PwmLdd4.o
 .debug_info    0x0000000000005bb9      0x345 ./Generated_Code/PwmLdd5.o
 .debug_info    0x0000000000005efe      0x345 ./Generated_Code/PwmLdd6.o
 .debug_info    0x0000000000006243      0x1c4 ./Generated_Code/RTT1.o
 .debug_info    0x0000000000006407      0xb06 ./Generated_Code/SEGGER_RTT.o
 .debug_info    0x0000000000006f0d     0x21bf ./Generated_Code/SEGGER_SYSVIEW.o
 .debug_info    0x00000000000090cc      0x343 ./Generated_Code/SEGGER_SYSVIEW_Config.o
 .debug_info    0x000000000000940f      0x4ce ./Generated_Code/SEGGER_SYSVIEW_FreeRTOS.o
 .debug_info    0x00000000000098dd       0x96 ./Generated_Code/SYS1.o
 .debug_info    0x0000000000009973      0x737 ./Generated_Code/TU1.o
 .debug_info    0x000000000000a0aa      0x744 ./Generated_Code/TU2.o
 .debug_info    0x000000000000a7ee      0x744 ./Generated_Code/TU3.o
 .debug_info    0x000000000000af32      0x10e ./Generated_Code/Vectors.o
 .debug_info    0x000000000000b040      0x305 ./Generated_Code/heap_4.o
 .debug_info    0x000000000000b345      0x2a8 ./Generated_Code/list.o
 .debug_info    0x000000000000b5ed      0x259 ./Generated_Code/port.o
 .debug_info    0x000000000000b846     0x16b6 ./Generated_Code/tasks.o

.debug_abbrev   0x0000000000000000     0x348a
 .debug_abbrev  0x0000000000000000       0x91 ./Sources/Application.o
 .debug_abbrev  0x0000000000000091       0x8b ./Sources/Events.o
 .debug_abbrev  0x000000000000011c       0x47 ./Sources/main.o
 .debug_abbrev  0x0000000000000163      0x11e ./Project_Settings/Startup_Code/startup.o
 .debug_abbrev  0x0000000000000281      0x150 ./Generated_Code/ANALOG_IN.o
 .debug_abbrev  0x00000000000003d1      0x1d6 ./Generated_Code/AS1.o
 .debug_abbrev  0x00000000000005a7      0x1af ./Generated_Code/ASerialLdd1.o
 .debug_abbrev  0x0000000000000756      0x1e5 ./Generated_Code/AdcLdd1.o
 .debug_abbrev  0x000000000000093b      0x115 ./Generated_Code/Bein_L.o
 .debug_abbrev  0x0000000000000a50      0x115 ./Generated_Code/Bein_R.o
 .debug_abbrev  0x0000000000000b65      0x15f ./Generated_Code/BitIoLdd1.o
 .debug_abbrev  0x0000000000000cc4      0x127 ./Generated_Code/BitIoLdd2.o
 .debug_abbrev  0x0000000000000deb      0x15f ./Generated_Code/BitIoLdd3.o
 .debug_abbrev  0x0000000000000f4a      0x127 ./Generated_Code/BitIoLdd4.o
 .debug_abbrev  0x0000000000001071      0x127 ./Generated_Code/BitIoLdd5.o
 .debug_abbrev  0x0000000000001198      0x1c2 ./Generated_Code/CLS1.o
 .debug_abbrev  0x000000000000135a      0x15f ./Generated_Code/Cpu.o
 .debug_abbrev  0x00000000000014b9       0x9a ./Generated_Code/HF1.o
 .debug_abbrev  0x0000000000001553      0x115 ./Generated_Code/Huft_L.o
 .debug_abbrev  0x0000000000001668      0x115 ./Generated_Code/Huft_R.o
 .debug_abbrev  0x000000000000177d      0x115 ./Generated_Code/Knie_L.o
 .debug_abbrev  0x0000000000001892      0x115 ./Generated_Code/Knie_R.o
 .debug_abbrev  0x00000000000019a7      0x10d ./Generated_Code/PE_LDD.o
 .debug_abbrev  0x0000000000001ab4      0x122 ./Generated_Code/PwmLdd1.o
 .debug_abbrev  0x0000000000001bd6      0x122 ./Generated_Code/PwmLdd2.o
 .debug_abbrev  0x0000000000001cf8      0x122 ./Generated_Code/PwmLdd3.o
 .debug_abbrev  0x0000000000001e1a      0x122 ./Generated_Code/PwmLdd4.o
 .debug_abbrev  0x0000000000001f3c      0x122 ./Generated_Code/PwmLdd5.o
 .debug_abbrev  0x000000000000205e      0x122 ./Generated_Code/PwmLdd6.o
 .debug_abbrev  0x0000000000002180       0xf6 ./Generated_Code/RTT1.o
 .debug_abbrev  0x0000000000002276      0x1da ./Generated_Code/SEGGER_RTT.o
 .debug_abbrev  0x0000000000002450      0x25b ./Generated_Code/SEGGER_SYSVIEW.o
 .debug_abbrev  0x00000000000026ab      0x185 ./Generated_Code/SEGGER_SYSVIEW_Config.o
 .debug_abbrev  0x0000000000002830      0x144 ./Generated_Code/SEGGER_SYSVIEW_FreeRTOS.o
 .debug_abbrev  0x0000000000002974       0x45 ./Generated_Code/SYS1.o
 .debug_abbrev  0x00000000000029b9      0x1a7 ./Generated_Code/TU1.o
 .debug_abbrev  0x0000000000002b60      0x198 ./Generated_Code/TU2.o
 .debug_abbrev  0x0000000000002cf8      0x198 ./Generated_Code/TU3.o
 .debug_abbrev  0x0000000000002e90       0xa4 ./Generated_Code/Vectors.o
 .debug_abbrev  0x0000000000002f34      0x15b ./Generated_Code/heap_4.o
 .debug_abbrev  0x000000000000308f       0xc1 ./Generated_Code/list.o
 .debug_abbrev  0x0000000000003150       0xfe ./Generated_Code/port.o
 .debug_abbrev  0x000000000000324e      0x23c ./Generated_Code/tasks.o

.debug_aranges  0x0000000000000000     0x1070
 .debug_aranges
                0x0000000000000000       0x20 ./Sources/Application.o
 .debug_aranges
                0x0000000000000020       0x50 ./Sources/Events.o
 .debug_aranges
                0x0000000000000070       0x20 ./Sources/main.o
 .debug_aranges
                0x0000000000000090       0x50 ./Project_Settings/Startup_Code/startup.o
 .debug_aranges
                0x00000000000000e0       0x48 ./Generated_Code/ANALOG_IN.o
 .debug_aranges
                0x0000000000000128       0x88 ./Generated_Code/AS1.o
 .debug_aranges
                0x00000000000001b0       0x50 ./Generated_Code/ASerialLdd1.o
 .debug_aranges
                0x0000000000000200       0x60 ./Generated_Code/AdcLdd1.o
 .debug_aranges
                0x0000000000000260       0x38 ./Generated_Code/Bein_L.o
 .debug_aranges
                0x0000000000000298       0x38 ./Generated_Code/Bein_R.o
 .debug_aranges
                0x00000000000002d0       0x48 ./Generated_Code/BitIoLdd1.o
 .debug_aranges
                0x0000000000000318       0x40 ./Generated_Code/BitIoLdd2.o
 .debug_aranges
                0x0000000000000358       0x48 ./Generated_Code/BitIoLdd3.o
 .debug_aranges
                0x00000000000003a0       0x40 ./Generated_Code/BitIoLdd4.o
 .debug_aranges
                0x00000000000003e0       0x40 ./Generated_Code/BitIoLdd5.o
 .debug_aranges
                0x0000000000000420      0x108 ./Generated_Code/CLS1.o
 .debug_aranges
                0x0000000000000528       0x38 ./Generated_Code/Cpu.o
 .debug_aranges
                0x0000000000000560       0x28 ./Generated_Code/HF1.o
 .debug_aranges
                0x0000000000000588       0x38 ./Generated_Code/Huft_L.o
 .debug_aranges
                0x00000000000005c0       0x38 ./Generated_Code/Huft_R.o
 .debug_aranges
                0x00000000000005f8       0x38 ./Generated_Code/Knie_L.o
 .debug_aranges
                0x0000000000000630       0x38 ./Generated_Code/Knie_R.o
 .debug_aranges
                0x0000000000000668       0x30 ./Generated_Code/PE_LDD.o
 .debug_aranges
                0x0000000000000698       0x50 ./Generated_Code/PwmLdd1.o
 .debug_aranges
                0x00000000000006e8       0x50 ./Generated_Code/PwmLdd2.o
 .debug_aranges
                0x0000000000000738       0x50 ./Generated_Code/PwmLdd3.o
 .debug_aranges
                0x0000000000000788       0x50 ./Generated_Code/PwmLdd4.o
 .debug_aranges
                0x00000000000007d8       0x50 ./Generated_Code/PwmLdd5.o
 .debug_aranges
                0x0000000000000828       0x50 ./Generated_Code/PwmLdd6.o
 .debug_aranges
                0x0000000000000878       0x48 ./Generated_Code/RTT1.o
 .debug_aranges
                0x00000000000008c0       0xd8 ./Generated_Code/SEGGER_RTT.o
 .debug_aranges
                0x0000000000000998      0x200 ./Generated_Code/SEGGER_SYSVIEW.o
 .debug_aranges
                0x0000000000000b98       0x38 ./Generated_Code/SEGGER_SYSVIEW_Config.o
 .debug_aranges
                0x0000000000000bd0       0x50 ./Generated_Code/SEGGER_SYSVIEW_FreeRTOS.o
 .debug_aranges
                0x0000000000000c20       0x20 ./Generated_Code/SYS1.o
 .debug_aranges
                0x0000000000000c40       0x60 ./Generated_Code/TU1.o
 .debug_aranges
                0x0000000000000ca0       0x60 ./Generated_Code/TU2.o
 .debug_aranges
                0x0000000000000d00       0x60 ./Generated_Code/TU3.o
 .debug_aranges
                0x0000000000000d60       0x18 ./Generated_Code/Vectors.o
 .debug_aranges
                0x0000000000000d78       0x50 ./Generated_Code/heap_4.o
 .debug_aranges
                0x0000000000000dc8       0x40 ./Generated_Code/list.o
 .debug_aranges
                0x0000000000000e08       0x90 ./Generated_Code/port.o
 .debug_aranges
                0x0000000000000e98      0x1d8 ./Generated_Code/tasks.o

.debug_ranges   0x0000000000000000      0xdb8
 .debug_ranges  0x0000000000000000       0x10 ./Sources/Application.o
 .debug_ranges  0x0000000000000010       0x40 ./Sources/Events.o
 .debug_ranges  0x0000000000000050       0x10 ./Sources/main.o
 .debug_ranges  0x0000000000000060       0x40 ./Project_Settings/Startup_Code/startup.o
 .debug_ranges  0x00000000000000a0       0x38 ./Generated_Code/ANALOG_IN.o
 .debug_ranges  0x00000000000000d8       0x78 ./Generated_Code/AS1.o
 .debug_ranges  0x0000000000000150       0x40 ./Generated_Code/ASerialLdd1.o
 .debug_ranges  0x0000000000000190       0x50 ./Generated_Code/AdcLdd1.o
 .debug_ranges  0x00000000000001e0       0x28 ./Generated_Code/Bein_L.o
 .debug_ranges  0x0000000000000208       0x28 ./Generated_Code/Bein_R.o
 .debug_ranges  0x0000000000000230       0x38 ./Generated_Code/BitIoLdd1.o
 .debug_ranges  0x0000000000000268       0x30 ./Generated_Code/BitIoLdd2.o
 .debug_ranges  0x0000000000000298       0x38 ./Generated_Code/BitIoLdd3.o
 .debug_ranges  0x00000000000002d0       0x30 ./Generated_Code/BitIoLdd4.o
 .debug_ranges  0x0000000000000300       0x30 ./Generated_Code/BitIoLdd5.o
 .debug_ranges  0x0000000000000330       0xf8 ./Generated_Code/CLS1.o
 .debug_ranges  0x0000000000000428       0x28 ./Generated_Code/Cpu.o
 .debug_ranges  0x0000000000000450       0x18 ./Generated_Code/HF1.o
 .debug_ranges  0x0000000000000468       0x28 ./Generated_Code/Huft_L.o
 .debug_ranges  0x0000000000000490       0x28 ./Generated_Code/Huft_R.o
 .debug_ranges  0x00000000000004b8       0x28 ./Generated_Code/Knie_L.o
 .debug_ranges  0x00000000000004e0       0x28 ./Generated_Code/Knie_R.o
 .debug_ranges  0x0000000000000508       0x20 ./Generated_Code/PE_LDD.o
 .debug_ranges  0x0000000000000528       0x40 ./Generated_Code/PwmLdd1.o
 .debug_ranges  0x0000000000000568       0x40 ./Generated_Code/PwmLdd2.o
 .debug_ranges  0x00000000000005a8       0x40 ./Generated_Code/PwmLdd3.o
 .debug_ranges  0x00000000000005e8       0x40 ./Generated_Code/PwmLdd4.o
 .debug_ranges  0x0000000000000628       0x40 ./Generated_Code/PwmLdd5.o
 .debug_ranges  0x0000000000000668       0x40 ./Generated_Code/PwmLdd6.o
 .debug_ranges  0x00000000000006a8       0x38 ./Generated_Code/RTT1.o
 .debug_ranges  0x00000000000006e0       0xc8 ./Generated_Code/SEGGER_RTT.o
 .debug_ranges  0x00000000000007a8      0x1f0 ./Generated_Code/SEGGER_SYSVIEW.o
 .debug_ranges  0x0000000000000998       0x28 ./Generated_Code/SEGGER_SYSVIEW_Config.o
 .debug_ranges  0x00000000000009c0       0x40 ./Generated_Code/SEGGER_SYSVIEW_FreeRTOS.o
 .debug_ranges  0x0000000000000a00       0x10 ./Generated_Code/SYS1.o
 .debug_ranges  0x0000000000000a10       0x50 ./Generated_Code/TU1.o
 .debug_ranges  0x0000000000000a60       0x50 ./Generated_Code/TU2.o
 .debug_ranges  0x0000000000000ab0       0x50 ./Generated_Code/TU3.o
 .debug_ranges  0x0000000000000b00       0x40 ./Generated_Code/heap_4.o
 .debug_ranges  0x0000000000000b40       0x30 ./Generated_Code/list.o
 .debug_ranges  0x0000000000000b70       0x80 ./Generated_Code/port.o
 .debug_ranges  0x0000000000000bf0      0x1c8 ./Generated_Code/tasks.o

.debug_macro    0x0000000000000000    0x1dbf7
 .debug_macro   0x0000000000000000      0x1ea ./Sources/Application.o
 .debug_macro   0x00000000000001ea      0x802 ./Sources/Application.o
 .debug_macro   0x00000000000009ec       0x16 ./Sources/Application.o
 .debug_macro   0x0000000000000a02       0x44 ./Sources/Application.o
 .debug_macro   0x0000000000000a46      0x209 ./Sources/Application.o
 .debug_macro   0x0000000000000c4f     0x15d8 ./Sources/Application.o
 .debug_macro   0x0000000000002227      0x14e ./Sources/Application.o
 .debug_macro   0x0000000000002375       0x64 ./Sources/Application.o
 .debug_macro   0x00000000000023d9     0x6691 ./Sources/Application.o
 .debug_macro   0x0000000000008a6a       0x94 ./Sources/Application.o
 .debug_macro   0x0000000000008afe      0x1d6 ./Sources/Application.o
 .debug_macro   0x0000000000008cd4       0x9a ./Sources/Application.o
 .debug_macro   0x0000000000008d6e       0x9e ./Sources/Application.o
 .debug_macro   0x0000000000008e0c       0x46 ./Sources/Application.o
 .debug_macro   0x0000000000008e52       0x32 ./Sources/Application.o
 .debug_macro   0x0000000000008e84       0x4c ./Sources/Application.o
 .debug_macro   0x0000000000008ed0       0x32 ./Sources/Application.o
 .debug_macro   0x0000000000008f02       0x4c ./Sources/Application.o
 .debug_macro   0x0000000000008f4e       0x32 ./Sources/Application.o
 .debug_macro   0x0000000000008f80       0x4c ./Sources/Application.o
 .debug_macro   0x0000000000008fcc       0x32 ./Sources/Application.o
 .debug_macro   0x0000000000008ffe      0x166 ./Sources/Application.o
 .debug_macro   0x0000000000009164      0x2ae ./Sources/Application.o
 .debug_macro   0x0000000000009412      0x15d ./Sources/Application.o
 .debug_macro   0x000000000000956f       0xce ./Sources/Application.o
 .debug_macro   0x000000000000963d       0x10 ./Sources/Application.o
 .debug_macro   0x000000000000964d       0x1f ./Sources/Application.o
 .debug_macro   0x000000000000966c       0xc0 ./Sources/Application.o
 .debug_macro   0x000000000000972c       0x9a ./Sources/Application.o
 .debug_macro   0x00000000000097c6       0x43 ./Sources/Application.o
 .debug_macro   0x0000000000009809       0x3a ./Sources/Application.o
 .debug_macro   0x0000000000009843      0x3ca ./Sources/Application.o
 .debug_macro   0x0000000000009c0d      0x22d ./Sources/Application.o
 .debug_macro   0x0000000000009e3a       0x37 ./Sources/Application.o
 .debug_macro   0x0000000000009e71      0x558 ./Sources/Events.o
 .debug_macro   0x000000000000a3c9       0x94 ./Sources/Events.o
 .debug_macro   0x000000000000a45d       0x8f ./Sources/Events.o
 .debug_macro   0x000000000000a4ec       0x46 ./Sources/Events.o
 .debug_macro   0x000000000000a532       0x32 ./Sources/Events.o
 .debug_macro   0x000000000000a564       0x8f ./Sources/Events.o
 .debug_macro   0x000000000000a5f3       0x46 ./Sources/Events.o
 .debug_macro   0x000000000000a639       0x32 ./Sources/Events.o
 .debug_macro   0x000000000000a66b       0x4c ./Sources/Events.o
 .debug_macro   0x000000000000a6b7      0x115 ./Sources/Events.o
 .debug_macro   0x000000000000a7cc       0x54 ./Sources/Events.o
 .debug_macro   0x000000000000a820       0x5c ./Sources/Events.o
 .debug_macro   0x000000000000a87c       0x99 ./Sources/Events.o
 .debug_macro   0x000000000000a915       0x58 ./Sources/Events.o
 .debug_macro   0x000000000000a96d       0x35 ./Sources/Events.o
 .debug_macro   0x000000000000a9a2       0xa3 ./Sources/Events.o
 .debug_macro   0x000000000000aa45       0x52 ./Sources/Events.o
 .debug_macro   0x000000000000aa97       0x16 ./Sources/Events.o
 .debug_macro   0x000000000000aaad       0x43 ./Sources/Events.o
 .debug_macro   0x000000000000aaf0      0x180 ./Sources/Events.o
 .debug_macro   0x000000000000ac70      0x2a6 ./Sources/Events.o
 .debug_macro   0x000000000000af16       0x10 ./Sources/Events.o
 .debug_macro   0x000000000000af26       0x35 ./Sources/Events.o
 .debug_macro   0x000000000000af5b       0x19 ./Sources/Events.o
 .debug_macro   0x000000000000af74       0xb0 ./Sources/Events.o
 .debug_macro   0x000000000000b024       0x7f ./Sources/Events.o
 .debug_macro   0x000000000000b0a3       0x97 ./Sources/Events.o
 .debug_macro   0x000000000000b13a      0x2d5 ./Sources/Events.o
 .debug_macro   0x000000000000b40f       0x2e ./Sources/Events.o
 .debug_macro   0x000000000000b43d       0x65 ./Sources/Events.o
 .debug_macro   0x000000000000b4a2       0x20 ./Sources/Events.o
 .debug_macro   0x000000000000b4c2      0x132 ./Sources/Events.o
 .debug_macro   0x000000000000b5f4       0x46 ./Sources/Events.o
 .debug_macro   0x000000000000b63a       0x26 ./Sources/Events.o
 .debug_macro   0x000000000000b660       0x4c ./Sources/Events.o
 .debug_macro   0x000000000000b6ac       0x26 ./Sources/Events.o
 .debug_macro   0x000000000000b6d2       0x46 ./Sources/Events.o
 .debug_macro   0x000000000000b718       0x1f ./Sources/Events.o
 .debug_macro   0x000000000000b737       0x47 ./Sources/Events.o
 .debug_macro   0x000000000000b77e       0x46 ./Sources/Events.o
 .debug_macro   0x000000000000b7c4       0x1f ./Sources/Events.o
 .debug_macro   0x000000000000b7e3       0x47 ./Sources/Events.o
 .debug_macro   0x000000000000b82a       0x46 ./Sources/Events.o
 .debug_macro   0x000000000000b870       0x1f ./Sources/Events.o
 .debug_macro   0x000000000000b88f       0x47 ./Sources/Events.o
 .debug_macro   0x000000000000b8d6      0x61c ./Sources/Events.o
 .debug_macro   0x000000000000bef2       0x7b ./Sources/Events.o
 .debug_macro   0x000000000000bf6d       0x10 ./Sources/Events.o
 .debug_macro   0x000000000000bf7d      0x562 ./Sources/main.o
 .debug_macro   0x000000000000c4df      0x121 ./Project_Settings/Startup_Code/startup.o
 .debug_macro   0x000000000000c600       0x4a ./Project_Settings/Startup_Code/startup.o
 .debug_macro   0x000000000000c64a       0x16 ./Project_Settings/Startup_Code/startup.o
 .debug_macro   0x000000000000c660       0x22 ./Project_Settings/Startup_Code/startup.o
 .debug_macro   0x000000000000c682       0x10 ./Project_Settings/Startup_Code/startup.o
 .debug_macro   0x000000000000c692      0x20f ./Project_Settings/Startup_Code/startup.o
 .debug_macro   0x000000000000c8a1     0x6685 ./Project_Settings/Startup_Code/startup.o
 .debug_macro   0x0000000000012f26      0x570 ./Generated_Code/ANALOG_IN.o
 .debug_macro   0x0000000000013496      0x111 ./Generated_Code/AS1.o
 .debug_macro   0x00000000000135a7       0x5f ./Generated_Code/AS1.o
 .debug_macro   0x0000000000013606      0x151 ./Generated_Code/ASerialLdd1.o
 .debug_macro   0x0000000000013757     0x15d2 ./Generated_Code/ASerialLdd1.o
 .debug_macro   0x0000000000014d29       0x26 ./Generated_Code/ASerialLdd1.o
 .debug_macro   0x0000000000014d4f      0x2fd ./Generated_Code/ASerialLdd1.o
 .debug_macro   0x000000000001504c      0x99c ./Generated_Code/ASerialLdd1.o
 .debug_macro   0x00000000000159e8      0x15f ./Generated_Code/AdcLdd1.o
 .debug_macro   0x0000000000015b47      0x616 ./Generated_Code/AdcLdd1.o
 .debug_macro   0x000000000001615d      0x10a ./Generated_Code/Bein_L.o
 .debug_macro   0x0000000000016267       0x89 ./Generated_Code/Bein_L.o
 .debug_macro   0x00000000000162f0      0x10a ./Generated_Code/Bein_R.o
 .debug_macro   0x00000000000163fa       0x89 ./Generated_Code/Bein_R.o
 .debug_macro   0x0000000000016483      0x132 ./Generated_Code/BitIoLdd1.o
 .debug_macro   0x00000000000165b5      0x132 ./Generated_Code/BitIoLdd2.o
 .debug_macro   0x00000000000166e7       0x40 ./Generated_Code/BitIoLdd2.o
 .debug_macro   0x0000000000016727      0x132 ./Generated_Code/BitIoLdd3.o
 .debug_macro   0x0000000000016859      0x132 ./Generated_Code/BitIoLdd4.o
 .debug_macro   0x000000000001698b       0x40 ./Generated_Code/BitIoLdd4.o
 .debug_macro   0x00000000000169cb      0x132 ./Generated_Code/BitIoLdd5.o
 .debug_macro   0x0000000000016afd      0x229 ./Generated_Code/CLS1.o
 .debug_macro   0x0000000000016d26       0x8e ./Generated_Code/CLS1.o
 .debug_macro   0x0000000000016db4      0x5ab ./Generated_Code/Cpu.o
 .debug_macro   0x000000000001735f       0x3d ./Generated_Code/Cpu.o
 .debug_macro   0x000000000001739c       0x89 ./Generated_Code/HF1.o
 .debug_macro   0x0000000000017425      0x10d ./Generated_Code/Huft_L.o
 .debug_macro   0x0000000000017532      0x10d ./Generated_Code/Huft_R.o
 .debug_macro   0x000000000001763f       0x46 ./Generated_Code/Huft_R.o
 .debug_macro   0x0000000000017685      0x10d ./Generated_Code/Knie_L.o
 .debug_macro   0x0000000000017792       0x46 ./Generated_Code/Knie_L.o
 .debug_macro   0x00000000000177d8      0x10d ./Generated_Code/Knie_R.o
 .debug_macro   0x00000000000178e5       0x46 ./Generated_Code/Knie_R.o
 .debug_macro   0x000000000001792b      0x4bc ./Generated_Code/PE_LDD.o
 .debug_macro   0x0000000000017de7      0x14a ./Generated_Code/PwmLdd1.o
 .debug_macro   0x0000000000017f31      0x14a ./Generated_Code/PwmLdd2.o
 .debug_macro   0x000000000001807b      0x14a ./Generated_Code/PwmLdd3.o
 .debug_macro   0x00000000000181c5      0x14a ./Generated_Code/PwmLdd4.o
 .debug_macro   0x000000000001830f      0x147 ./Generated_Code/PwmLdd5.o
 .debug_macro   0x0000000000018456      0x147 ./Generated_Code/PwmLdd6.o
 .debug_macro   0x000000000001859d      0x14b ./Generated_Code/RTT1.o
 .debug_macro   0x00000000000186e8      0x14d ./Generated_Code/SEGGER_RTT.o
 .debug_macro   0x0000000000018835      0x1ec ./Generated_Code/SEGGER_SYSVIEW.o
 .debug_macro   0x0000000000018a21       0x34 ./Generated_Code/SEGGER_SYSVIEW.o
 .debug_macro   0x0000000000018a55     0x15de ./Generated_Code/SEGGER_SYSVIEW.o
 .debug_macro   0x000000000001a033       0x47 ./Generated_Code/SEGGER_SYSVIEW.o
 .debug_macro   0x000000000001a07a       0x23 ./Generated_Code/SEGGER_SYSVIEW.o
 .debug_macro   0x000000000001a09d       0xa6 ./Generated_Code/SEGGER_SYSVIEW.o
 .debug_macro   0x000000000001a143      0x11b ./Generated_Code/SEGGER_SYSVIEW.o
 .debug_macro   0x000000000001a25e      0x192 ./Generated_Code/SEGGER_SYSVIEW_Config.o
 .debug_macro   0x000000000001a3f0     0x15d8 ./Generated_Code/SEGGER_SYSVIEW_Config.o
 .debug_macro   0x000000000001b9c8      0x3d0 ./Generated_Code/SEGGER_SYSVIEW_Config.o
 .debug_macro   0x000000000001bd98      0x180 ./Generated_Code/SEGGER_SYSVIEW_FreeRTOS.o
 .debug_macro   0x000000000001bf18      0x15a ./Generated_Code/SYS1.o
 .debug_macro   0x000000000001c072      0x149 ./Generated_Code/TU1.o
 .debug_macro   0x000000000001c1bb      0x140 ./Generated_Code/TU2.o
 .debug_macro   0x000000000001c2fb      0x140 ./Generated_Code/TU3.o
 .debug_macro   0x000000000001c43b      0x5a3 ./Generated_Code/Vectors.o
 .debug_macro   0x000000000001c9de      0x591 ./Generated_Code/heap_4.o
 .debug_macro   0x000000000001cf6f      0x173 ./Generated_Code/list.o
 .debug_macro   0x000000000001d0e2      0x20d ./Generated_Code/port.o
 .debug_macro   0x000000000001d2ef       0x22 ./Generated_Code/port.o
 .debug_macro   0x000000000001d311      0x65b ./Generated_Code/tasks.o
 .debug_macro   0x000000000001d96c       0x10 ./Generated_Code/tasks.o
 .debug_macro   0x000000000001d97c       0x1c ./Generated_Code/tasks.o
 .debug_macro   0x000000000001d998       0x10 ./Generated_Code/tasks.o
 .debug_macro   0x000000000001d9a8       0x10 ./Generated_Code/tasks.o
 .debug_macro   0x000000000001d9b8       0x22 ./Generated_Code/tasks.o
 .debug_macro   0x000000000001d9da       0xbd ./Generated_Code/tasks.o
 .debug_macro   0x000000000001da97       0x16 ./Generated_Code/tasks.o
 .debug_macro   0x000000000001daad      0x14a ./Generated_Code/tasks.o

.debug_line     0x0000000000000000     0xe1c1
 .debug_line    0x0000000000000000      0x454 ./Sources/Application.o
 .debug_line    0x0000000000000454      0x77b ./Sources/Events.o
 .debug_line    0x0000000000000bcf      0x722 ./Sources/main.o
 .debug_line    0x00000000000012f1      0x417 ./Project_Settings/Startup_Code/startup.o
 .debug_line    0x0000000000001708      0x7e1 ./Generated_Code/ANALOG_IN.o
 .debug_line    0x0000000000001ee9      0x451 ./Generated_Code/AS1.o
 .debug_line    0x000000000000233a      0x460 ./Generated_Code/ASerialLdd1.o
 .debug_line    0x000000000000279a      0x472 ./Generated_Code/AdcLdd1.o
 .debug_line    0x0000000000002c0c      0x2fc ./Generated_Code/Bein_L.o
 .debug_line    0x0000000000002f08      0x2fc ./Generated_Code/Bein_R.o
 .debug_line    0x0000000000003204      0x3d8 ./Generated_Code/BitIoLdd1.o
 .debug_line    0x00000000000035dc      0x3bf ./Generated_Code/BitIoLdd2.o
 .debug_line    0x000000000000399b      0x3d7 ./Generated_Code/BitIoLdd3.o
 .debug_line    0x0000000000003d72      0x3bf ./Generated_Code/BitIoLdd4.o
 .debug_line    0x0000000000004131      0x3c0 ./Generated_Code/BitIoLdd5.o
 .debug_line    0x00000000000044f1      0x74b ./Generated_Code/CLS1.o
 .debug_line    0x0000000000004c3c      0xa11 ./Generated_Code/Cpu.o
 .debug_line    0x000000000000564d      0x263 ./Generated_Code/HF1.o
 .debug_line    0x00000000000058b0      0x2fc ./Generated_Code/Huft_L.o
 .debug_line    0x0000000000005bac      0x2fc ./Generated_Code/Huft_R.o
 .debug_line    0x0000000000005ea8      0x2fc ./Generated_Code/Knie_L.o
 .debug_line    0x00000000000061a4      0x2fc ./Generated_Code/Knie_R.o
 .debug_line    0x00000000000064a0      0x71a ./Generated_Code/PE_LDD.o
 .debug_line    0x0000000000006bba      0x40b ./Generated_Code/PwmLdd1.o
 .debug_line    0x0000000000006fc5      0x40b ./Generated_Code/PwmLdd2.o
 .debug_line    0x00000000000073d0      0x40b ./Generated_Code/PwmLdd3.o
 .debug_line    0x00000000000077db      0x40b ./Generated_Code/PwmLdd4.o
 .debug_line    0x0000000000007be6      0x40b ./Generated_Code/PwmLdd5.o
 .debug_line    0x0000000000007ff1      0x40b ./Generated_Code/PwmLdd6.o
 .debug_line    0x00000000000083fc      0x3b9 ./Generated_Code/RTT1.o
 .debug_line    0x00000000000087b5      0x602 ./Generated_Code/SEGGER_RTT.o
 .debug_line    0x0000000000008db7      0xf34 ./Generated_Code/SEGGER_SYSVIEW.o
 .debug_line    0x0000000000009ceb      0x385 ./Generated_Code/SEGGER_SYSVIEW_Config.o
 .debug_line    0x000000000000a070      0x42e ./Generated_Code/SEGGER_SYSVIEW_FreeRTOS.o
 .debug_line    0x000000000000a49e      0x356 ./Generated_Code/SYS1.o
 .debug_line    0x000000000000a7f4      0x452 ./Generated_Code/TU1.o
 .debug_line    0x000000000000ac46      0x443 ./Generated_Code/TU2.o
 .debug_line    0x000000000000b089      0x443 ./Generated_Code/TU3.o
 .debug_line    0x000000000000b4cc      0x98b ./Generated_Code/Vectors.o
 .debug_line    0x000000000000be57      0x89b ./Generated_Code/heap_4.o
 .debug_line    0x000000000000c6f2      0x375 ./Generated_Code/list.o
 .debug_line    0x000000000000ca67      0x45e ./Generated_Code/port.o
 .debug_line    0x000000000000cec5     0x12fc ./Generated_Code/tasks.o

.debug_str      0x0000000000000000    0x55117
 .debug_str     0x0000000000000000    0x34a6d ./Sources/Application.o
                                      0x34ee1 (size before relaxing)
 .debug_str     0x0000000000034a6d     0xe752 ./Sources/Events.o
                                      0x43606 (size before relaxing)
 .debug_str     0x00000000000431bf       0x2f ./Sources/main.o
                                      0x43549 (size before relaxing)
 .debug_str     0x00000000000431ee      0x1a4 ./Project_Settings/Startup_Code/startup.o
                                      0x2730a (size before relaxing)
 .debug_str     0x0000000000043392      0x185 ./Generated_Code/ANALOG_IN.o
                                      0x436bf (size before relaxing)
 .debug_str     0x0000000000043517      0x2e3 ./Generated_Code/AS1.o
                                      0x2c1d3 (size before relaxing)
 .debug_str     0x00000000000437fa     0xac27 ./Generated_Code/ASerialLdd1.o
                                      0x3d0d9 (size before relaxing)
 .debug_str     0x000000000004e421      0x30b ./Generated_Code/AdcLdd1.o
                                      0x37528 (size before relaxing)
 .debug_str     0x000000000004e72c      0x21d ./Generated_Code/Bein_L.o
                                      0x2e2ed (size before relaxing)
 .debug_str     0x000000000004e949      0x206 ./Generated_Code/Bein_R.o
                                      0x2e2ed (size before relaxing)
 .debug_str     0x000000000004eb4f       0xf5 ./Generated_Code/BitIoLdd1.o
                                      0x32d82 (size before relaxing)
 .debug_str     0x000000000004ec44       0xa0 ./Generated_Code/BitIoLdd2.o
                                      0x32d56 (size before relaxing)
 .debug_str     0x000000000004ece4       0xb1 ./Generated_Code/BitIoLdd3.o
                                      0x32d84 (size before relaxing)
 .debug_str     0x000000000004ed95       0xa0 ./Generated_Code/BitIoLdd4.o
                                      0x32d56 (size before relaxing)
 .debug_str     0x000000000004ee35       0xa0 ./Generated_Code/BitIoLdd5.o
                                      0x32d50 (size before relaxing)
 .debug_str     0x000000000004eed5      0x7f2 ./Generated_Code/CLS1.o
                                      0x3521f (size before relaxing)
 .debug_str     0x000000000004f6c7      0x197 ./Generated_Code/Cpu.o
                                      0x43857 (size before relaxing)
 .debug_str     0x000000000004f85e       0xcd ./Generated_Code/HF1.o
                                      0x2bd24 (size before relaxing)
 .debug_str     0x000000000004f92b      0x214 ./Generated_Code/Huft_L.o
                                      0x2e341 (size before relaxing)
 .debug_str     0x000000000004fb3f      0x214 ./Generated_Code/Huft_R.o
                                      0x2e341 (size before relaxing)
 .debug_str     0x000000000004fd53      0x214 ./Generated_Code/Knie_L.o