Archive member included because of file (symbol)

/Applications/KDS_3.0.0.app/Contents/toolchain/bin/../lib/gcc/arm-none-eabi/4.8.4/armv6-m/libgcc.a(_udivsi3.o)
                              ./Generated_Code/Bein_L.o (__aeabi_uidiv)
/Applications/KDS_3.0.0.app/Contents/toolchain/bin/../lib/gcc/arm-none-eabi/4.8.4/armv6-m/libgcc.a(_divsi3.o)
                              ./Generated_Code/SEGGER_SYSVIEW.o (__aeabi_idiv)
/Applications/KDS_3.0.0.app/Contents/toolchain/bin/../lib/gcc/arm-none-eabi/4.8.4/armv6-m/libgcc.a(_dvmd_tls.o)
                              /Applications/KDS_3.0.0.app/Contents/toolchain/bin/../lib/gcc/arm-none-eabi/4.8.4/armv6-m/libgcc.a(_udivsi3.o) (__aeabi_idiv0)
/Applications/KDS_3.0.0.app/Contents/toolchain/bin/../lib/gcc/arm-none-eabi/4.8.4/armv6-m/libgcc.a(_arm_cmpsf2.o)
                              ./Generated_Code/PwmLdd1.o (__aeabi_fcmpgt)
/Applications/KDS_3.0.0.app/Contents/toolchain/bin/../lib/gcc/arm-none-eabi/4.8.4/armv6-m/libgcc.a(_muldi3.o)
                              ./Generated_Code/SEGGER_SYSVIEW_FreeRTOS.o (__aeabi_lmul)
/Applications/KDS_3.0.0.app/Contents/toolchain/bin/../lib/gcc/arm-none-eabi/4.8.4/armv6-m/libgcc.a(_fixunssfsi.o)
                              ./Generated_Code/PwmLdd1.o (__aeabi_f2uiz)
/Applications/KDS_3.0.0.app/Contents/toolchain/bin/../lib/gcc/arm-none-eabi/4.8.4/armv6-m/libgcc.a(eqsf2.o)
                              /Applications/KDS_3.0.0.app/Contents/toolchain/bin/../lib/gcc/arm-none-eabi/4.8.4/armv6-m/libgcc.a(_arm_cmpsf2.o) (__eqsf2)
/Applications/KDS_3.0.0.app/Contents/toolchain/bin/../lib/gcc/arm-none-eabi/4.8.4/armv6-m/libgcc.a(gesf2.o)
                              /Applications/KDS_3.0.0.app/Contents/toolchain/bin/../lib/gcc/arm-none-eabi/4.8.4/armv6-m/libgcc.a(_arm_cmpsf2.o) (__gesf2)
/Applications/KDS_3.0.0.app/Contents/toolchain/bin/../lib/gcc/arm-none-eabi/4.8.4/armv6-m/libgcc.a(lesf2.o)
                              /Applications/KDS_3.0.0.app/Contents/toolchain/bin/../lib/gcc/arm-none-eabi/4.8.4/armv6-m/libgcc.a(_arm_cmpsf2.o) (__lesf2)
/Applications/KDS_3.0.0.app/Contents/toolchain/bin/../lib/gcc/arm-none-eabi/4.8.4/armv6-m/libgcc.a(mulsf3.o)
                              ./Generated_Code/PwmLdd1.o (__aeabi_fmul)
/Applications/KDS_3.0.0.app/Contents/toolchain/bin/../lib/gcc/arm-none-eabi/4.8.4/armv6-m/libgcc.a(subsf3.o)
                              /Applications/KDS_3.0.0.app/Contents/toolchain/bin/../lib/gcc/arm-none-eabi/4.8.4/armv6-m/libgcc.a(_fixunssfsi.o) (__aeabi_fsub)
/Applications/KDS_3.0.0.app/Contents/toolchain/bin/../lib/gcc/arm-none-eabi/4.8.4/armv6-m/libgcc.a(fixsfsi.o)
                              /Applications/KDS_3.0.0.app/Contents/toolchain/bin/../lib/gcc/arm-none-eabi/4.8.4/armv6-m/libgcc.a(_fixunssfsi.o) (__aeabi_f2iz)
/Applications/KDS_3.0.0.app/Contents/toolchain/bin/../lib/gcc/arm-none-eabi/4.8.4/armv6-m/libgcc.a(floatsisf.o)
                              ./Generated_Code/PwmLdd1.o (__aeabi_i2f)
/Applications/KDS_3.0.0.app/Contents/toolchain/bin/../lib/gcc/arm-none-eabi/4.8.4/armv6-m/libgcc.a(_clzsi2.o)
                              /Applications/KDS_3.0.0.app/Contents/toolchain/bin/../lib/gcc/arm-none-eabi/4.8.4/armv6-m/libgcc.a(mulsf3.o) (__clzsi2)
/Applications/KDS_3.0.0.app/Contents/toolchain/bin/../lib/gcc/arm-none-eabi/4.8.4/../../../../arm-none-eabi/lib/armv6-m/libg_s.a(lib_a-exit.o)
                              /Applications/KDS_3.0.0.app/Contents/toolchain/bin/../lib/gcc/arm-none-eabi/4.8.4/../../../../arm-none-eabi/lib/armv6-m/crt0.o (exit)
/Applications/KDS_3.0.0.app/Contents/toolchain/bin/../lib/gcc/arm-none-eabi/4.8.4/../../../../arm-none-eabi/lib/armv6-m/libg_s.a(lib_a-impure.o)
                              /Applications/KDS_3.0.0.app/Contents/toolchain/bin/../lib/gcc/arm-none-eabi/4.8.4/../../../../arm-none-eabi/lib/armv6-m/libg_s.a(lib_a-exit.o) (_global_impure_ptr)
/Applications/KDS_3.0.0.app/Contents/toolchain/bin/../lib/gcc/arm-none-eabi/4.8.4/../../../../arm-none-eabi/lib/armv6-m/libg_s.a(lib_a-init.o)
                              /Applications/KDS_3.0.0.app/Contents/toolchain/bin/../lib/gcc/arm-none-eabi/4.8.4/../../../../arm-none-eabi/lib/armv6-m/crt0.o (__libc_init_array)
/Applications/KDS_3.0.0.app/Contents/toolchain/bin/../lib/gcc/arm-none-eabi/4.8.4/../../../../arm-none-eabi/lib/armv6-m/libg_s.a(lib_a-memcpy-stub.o)
                              ./Generated_Code/SEGGER_RTT.o (memcpy)
/Applications/KDS_3.0.0.app/Contents/toolchain/bin/../lib/gcc/arm-none-eabi/4.8.4/../../../../arm-none-eabi/lib/armv6-m/libg_s.a(lib_a-memset.o)
                              /Applications/KDS_3.0.0.app/Contents/toolchain/bin/../lib/gcc/arm-none-eabi/4.8.4/../../../../arm-none-eabi/lib/armv6-m/crt0.o (memset)
/Applications/KDS_3.0.0.app/Contents/toolchain/bin/../lib/gcc/arm-none-eabi/4.8.4/../../../../arm-none-eabi/lib/armv6-m/libg_s.a(lib_a-strchr.o)
                              ./Generated_Code/UTIL1.o (strchr)
[...]
Memory Configuration

Name             Origin             Length             Attributes
m_interrupts     0x0000000000000000 0x00000000000000c0 xr
m_text           0x0000000000000410 0x000000000001fbf0 xr
m_data           0x000000001ffff000 0x0000000000004000 rw
m_cfmprotrom     0x0000000000000400 0x0000000000000010 xr
*default*        0x0000000000000000 0xffffffffffffffff

Linker script and memory map

LOAD /Applications/KDS_3.0.0.app/Contents/toolchain/bin/../lib/gcc/arm-none-eabi/4.8.4/armv6-m/crti.o
LOAD /Applications/KDS_3.0.0.app/Contents/toolchain/bin/../lib/gcc/arm-none-eabi/4.8.4/armv6-m/crtbegin.o
LOAD /Applications/KDS_3.0.0.app/Contents/toolchain/bin/../lib/gcc/arm-none-eabi/4.8.4/../../../../arm-none-eabi/lib/armv6-m/crt0.o
LOAD ./Sources/Application.o
LOAD ./Sources/Events.o
LOAD ./Sources/main.o
LOAD ./Project_Settings/Startup_Code/startup.o
LOAD ./Generated_Code/ANALOG_IN.o
LOAD ./Generated_Code/AS1.o
LOAD ./Generated_Code/ASerialLdd1.o
LOAD ./Generated_Code/AdcLdd1.o
LOAD ./Generated_Code/BLAU.o
LOAD ./Generated_Code/Bein_L.o
LOAD ./Generated_Code/Bein_R.o
LOAD ./Generated_Code/BitIoLdd1.o
LOAD ./Generated_Code/BitIoLdd2.o
LOAD ./Generated_Code/BitIoLdd3.o
LOAD ./Generated_Code/BitIoLdd4.o
LOAD ./Generated_Code/BitIoLdd5.o
LOAD ./Generated_Code/BitIoLdd6.o
LOAD ./Generated_Code/BitIoLdd7.o
LOAD ./Generated_Code/BitIoLdd8.o
LOAD ./Generated_Code/Buzzer.o
LOAD ./Generated_Code/CE1.o
LOAD ./Generated_Code/CLS1.o
LOAD ./Generated_Code/CS1.o
LOAD ./Generated_Code/CSN1.o
LOAD ./Generated_Code/Cpu.o
LOAD ./Generated_Code/FRTOS1.o
LOAD ./Generated_Code/GRUN.o
LOAD ./Generated_Code/HF1.o
LOAD ./Generated_Code/Huft_L.o
LOAD ./Generated_Code/Huft_R.o
LOAD ./Generated_Code/KSDK1.o
LOAD ./Generated_Code/Knie_L.o
LOAD ./Generated_Code/Knie_R.o
LOAD ./Generated_Code/LEDpin1.o
LOAD ./Generated_Code/LEDpin2.o
LOAD ./Generated_Code/LEDpin3.o
LOAD ./Generated_Code/PE_LDD.o
LOAD ./Generated_Code/Pwm1.o
LOAD ./Generated_Code/Pwm2.o
LOAD ./Generated_Code/Pwm3.o
LOAD ./Generated_Code/Pwm4.o
LOAD ./Generated_Code/Pwm5.o
LOAD ./Generated_Code/Pwm6.o
LOAD ./Generated_Code/PwmLdd1.o
LOAD ./Generated_Code/PwmLdd2.o
LOAD ./Generated_Code/PwmLdd3.o
LOAD ./Generated_Code/PwmLdd4.o
LOAD ./Generated_Code/PwmLdd5.o
LOAD ./Generated_Code/PwmLdd6.o
LOAD ./Generated_Code/RF1.o
LOAD ./Generated_Code/ROT.o
LOAD ./Generated_Code/RTT1.o
LOAD ./Generated_Code/RTT_Syscalls_GCC.o
LOAD ./Generated_Code/SEGGER_RTT.o
LOAD ./Generated_Code/SEGGER_RTT_printf.o
LOAD ./Generated_Code/SEGGER_SYSVIEW.o
LOAD ./Generated_Code/SEGGER_SYSVIEW_Config.o
LOAD ./Generated_Code/SEGGER_SYSVIEW_FreeRTOS.o
LOAD ./Generated_Code/SM1.o
LOAD ./Generated_Code/SM2.o
LOAD ./Generated_Code/SMasterLdd1.o
LOAD ./Generated_Code/SYS1.o
LOAD ./Generated_Code/Switch_A.o
LOAD ./Generated_Code/Switch_B.o
LOAD ./Generated_Code/TMOUT1.o
LOAD ./Generated_Code/TRIG.o
LOAD ./Generated_Code/TU1.o
LOAD ./Generated_Code/TU2.o
LOAD ./Generated_Code/TU3.o
LOAD ./Generated_Code/UTIL1.o
LOAD ./Generated_Code/Vectors.o
LOAD ./Generated_Code/WAIT1.o
LOAD ./Generated_Code/croutine.o
LOAD ./Generated_Code/event_groups.o
LOAD ./Generated_Code/heap_1.o
LOAD ./Generated_Code/heap_2.o
LOAD ./Generated_Code/heap_3.o
LOAD ./Generated_Code/heap_4.o
LOAD ./Generated_Code/heap_5.o
LOAD ./Generated_Code/list.o
LOAD ./Generated_Code/port.o
LOAD ./Generated_Code/queue.o
LOAD ./Generated_Code/tasks.o
LOAD ./Generated_Code/timers.o
LOAD /Applications/KDS_3.0.0.app/Contents/toolchain/bin/../lib/gcc/arm-none-eabi/4.8.4/../../../../arm-none-eabi/lib/armv6-m/libstdc++_s.a
LOAD /Applications/KDS_3.0.0.app/Contents/toolchain/bin/../lib/gcc/arm-none-eabi/4.8.4/../../../../arm-none-eabi/lib/armv6-m/libm.a
START GROUP
LOAD /Applications/KDS_3.0.0.app/Contents/toolchain/bin/../lib/gcc/arm-none-eabi/4.8.4/armv6-m/libgcc.a
LOAD /Applications/KDS_3.0.0.app/Contents/toolchain/bin/../lib/gcc/arm-none-eabi/4.8.4/../../../../arm-none-eabi/lib/armv6-m/libg_s.a
LOAD /Applications/KDS_3.0.0.app/Contents/toolchain/bin/../lib/gcc/arm-none-eabi/4.8.4/../../../../arm-none-eabi/lib/armv6-m/libc_s.a
END GROUP
START GROUP
LOAD /Applications/KDS_3.0.0.app/Contents/toolchain/bin/../lib/gcc/arm-none-eabi/4.8.4/armv6-m/libgcc.a
LOAD /Applications/KDS_3.0.0.app/Contents/toolchain/bin/../lib/gcc/arm-none-eabi/4.8.4/../../../../arm-none-eabi/lib/armv6-m/libc_s.a
LOAD /Applications/KDS_3.0.0.app/Contents/toolchain/bin/../lib/gcc/arm-none-eabi/4.8.4/../../../../arm-none-eabi/lib/armv6-m/libnosys.a
END GROUP
START GROUP
LOAD /Applications/KDS_3.0.0.app/Contents/toolchain/bin/../lib/gcc/arm-none-eabi/4.8.4/armv6-m/libgcc.a
LOAD /Applications/KDS_3.0.0.app/Contents/toolchain/bin/../lib/gcc/arm-none-eabi/4.8.4/../../../../arm-none-eabi/lib/armv6-m/libc_s.a
LOAD /Applications/KDS_3.0.0.app/Contents/toolchain/bin/../lib/gcc/arm-none-eabi/4.8.4/../../../../arm-none-eabi/lib/armv6-m/libnosys.a
END GROUP
LOAD /Applications/KDS_3.0.0.app/Contents/toolchain/bin/../lib/gcc/arm-none-eabi/4.8.4/armv6-m/crtend.o
LOAD /Applications/KDS_3.0.0.app/Contents/toolchain/bin/../lib/gcc/arm-none-eabi/4.8.4/armv6-m/crtn.o
                0x0000000020003000                _estack = 0x20003000
                0x0000000020003000                __SP_INIT = _estack
                0x0000000020003000                __stack = _estack
                0x0000000000000000                __heap_size = 0x0
                0x0000000000000400                __stack_size = 0x400

.interrupts     0x0000000000000000       0xc0
                0x0000000000000000                __vector_table = .
                0x0000000000000000                . = ALIGN (0x4)
 *(.vectortable)
 .vectortable   0x0000000000000000       0xc0 ./Generated_Code/Vectors.o
                0x0000000000000000                __vect_table
                0x00000000000000c0                . = ALIGN (0x4)

.cfmprotect     0x0000000000000400       0x10
                0x0000000000000400                . = ALIGN (0x4)
 *(.cfmconfig)
 .cfmconfig     0x0000000000000400       0x10 ./Generated_Code/Cpu.o
                0x0000000000000400                _cfm
                0x0000000000000410                . = ALIGN (0x4)

.text           0x0000000000000410     0x5a18
                0x0000000000000410                . = ALIGN (0x4)
 *(.text)
 .text          0x0000000000000410       0x60 /Applications/KDS_3.0.0.app/Contents/toolchain/bin/../lib/gcc/arm-none-eabi/4.8.4/armv6-m/crtbegin.o
 .text          0x0000000000000470       0x78 /Applications/KDS_3.0.0.app/Contents/toolchain/bin/../lib/gcc/arm-none-eabi/4.8.4/../../../../arm-none-eabi/lib/armv6-m/crt0.o
                0x0000000000000470                _mainCRTStartup
                0x0000000000000470                _start
 .text          0x00000000000004e8       0x9c /Applications/KDS_3.0.0.app/Contents/toolchain/bin/../lib/gcc/arm-none-eabi/4.8.4/armv6-m/libgcc.a(_udivsi3.o)
                0x00000000000004e8                __udivsi3
                0x00000000000004e8                __aeabi_uidiv
                0x0000000000000570                __aeabi_uidivmod
 .text          0x0000000000000584        0x4 /Applications/KDS_3.0.0.app/Contents/toolchain/bin/../lib/gcc/arm-none-eabi/4.8.4/armv6-m/libgcc.a(_dvmd_tls.o)
                0x0000000000000584                __aeabi_ldiv0
                0x0000000000000584                __aeabi_idiv0
 .text          0x0000000000000588       0x74 /Applications/KDS_3.0.0.app/Contents/toolchain/bin/../lib/gcc/arm-none-eabi/4.8.4/armv6-m/libgcc.a(_arm_cmpsf2.o)
                0x0000000000000588                __aeabi_cfrcmple
                0x0000000000000590                __aeabi_cfcmple
                0x0000000000000590                __aeabi_cfcmpeq
                0x00000000000005a0                __aeabi_fcmpeq
                0x00000000000005ac                __aeabi_fcmplt
                0x00000000000005c0                __aeabi_fcmple
                0x00000000000005d4                __aeabi_fcmpgt
                0x00000000000005e8                __aeabi_fcmpge
 .text          0x00000000000005fc       0x44 /Applications/KDS_3.0.0.app/Contents/toolchain/bin/../lib/gcc/arm-none-eabi/4.8.4/armv6-m/libgcc.a(_muldi3.o)
                0x00000000000005fc                __aeabi_lmul
                0x00000000000005fc                __muldi3
 .text          0x0000000000000640       0x30 /Applications/KDS_3.0.0.app/Contents/toolchain/bin/../lib/gcc/arm-none-eabi/4.8.4/armv6-m/libgcc.a(_fixunssfsi.o)
                0x0000000000000640                __aeabi_f2uiz
                0x0000000000000640                __fixunssfsi
 .text          0x0000000000000670       0x54 /Applications/KDS_3.0.0.app/Contents/toolchain/bin/../lib/gcc/arm-none-eabi/4.8.4/armv6-m/libgcc.a(eqsf2.o)
                0x0000000000000670                __nesf2
                0x0000000000000670                __eqsf2
 .text          0x00000000000006c4       0x90 /Applications/KDS_3.0.0.app/Contents/toolchain/bin/../lib/gcc/arm-none-eabi/4.8.4/armv6-m/libgcc.a(gesf2.o)
                0x00000000000006c4                __gtsf2
                0x00000000000006c4                __gesf2
 .text          0x0000000000000754       0x98 /Applications/KDS_3.0.0.app/Contents/toolchain/bin/../lib/gcc/arm-none-eabi/4.8.4/armv6-m/libgcc.a(lesf2.o)
                0x0000000000000754                __lesf2
                0x0000000000000754                __ltsf2
 .text          0x00000000000007ec      0x254 /Applications/KDS_3.0.0.app/Contents/toolchain/bin/../lib/gcc/arm-none-eabi/4.8.4/armv6-m/libgcc.a(mulsf3.o)
                0x00000000000007ec                __aeabi_fmul
 .text          0x0000000000000a40      0x2ec /Applications/KDS_3.0.0.app/Contents/toolchain/bin/../lib/gcc/arm-none-eabi/4.8.4/armv6-m/libgcc.a(subsf3.o)
                0x0000000000000a40                __aeabi_fsub
 .text          0x0000000000000d2c       0x40 /Applications/KDS_3.0.0.app/Contents/toolchain/bin/../lib/gcc/arm-none-eabi/4.8.4/armv6-m/libgcc.a(fixsfsi.o)
                0x0000000000000d2c                __aeabi_f2iz
 .text          0x0000000000000d6c       0xb8 /Applications/KDS_3.0.0.app/Contents/toolchain/bin/../lib/gcc/arm-none-eabi/4.8.4/armv6-m/libgcc.a(floatsisf.o)
                0x0000000000000d6c                __aeabi_i2f
 .text          0x0000000000000e24       0x3c /Applications/KDS_3.0.0.app/Contents/toolchain/bin/../lib/gcc/arm-none-eabi/4.8.4/armv6-m/libgcc.a(_clzsi2.o)
                0x0000000000000e24                __clzsi2
 *(.text*)
 .text.APP_Run  0x0000000000000e60       0x2c ./Sources/Application.o
                0x0000000000000e60                APP_Run
 .text.Cpu_OnNMIINT
                0x0000000000000e8c        0x8 ./Sources/Events.o
                0x0000000000000e8c                Cpu_OnNMIINT
 .text.FRTOS1_vApplicationStackOverflowHook
                0x0000000000000e94       0x10 ./Sources/Events.o
                0x0000000000000e94                FRTOS1_vApplicationStackOverflowHook
 .text.FRTOS1_vApplicationTickHook
                0x0000000000000ea4        0x8 ./Sources/Events.o
                0x0000000000000ea4                FRTOS1_vApplicationTickHook
 .text.FRTOS1_vApplicationIdleHook
                0x0000000000000eac        0x8 ./Sources/Events.o
                0x0000000000000eac                FRTOS1_vApplicationIdleHook
 .text.FRTOS1_vApplicationMallocFailedHook
                0x0000000000000eb4        0x8 ./Sources/Events.o
                0x0000000000000eb4                FRTOS1_vApplicationMallocFailedHook
 .text.ANALOG_IN_OnEnd
                0x0000000000000ebc        0x8 ./Sources/Events.o
                0x0000000000000ebc                ANALOG_IN_OnEnd
 .text.ANALOG_IN_OnCalibrationEnd
                0x0000000000000ec4        0x8 ./Sources/Events.o
                0x0000000000000ec4                ANALOG_IN_OnCalibrationEnd
 .text.TU1_OnChannel0
                0x0000000000000ecc       0x10 ./Sources/Events.o
                0x0000000000000ecc                TU1_OnChannel0
 .text.TU3_OnCounterRestart
                0x0000000000000edc       0x10 ./Sources/Events.o
                0x0000000000000edc                TU3_OnCounterRestart
 .text.TU3_OnChannel0
                0x0000000000000eec       0x10 ./Sources/Events.o
                0x0000000000000eec                TU3_OnChannel0
 .text.SM2_OnBlockSent
                0x0000000000000efc       0x10 ./Sources/Events.o
                0x0000000000000efc                SM2_OnBlockSent
 .text.SM2_OnBlockReceived
                0x0000000000000f0c       0x10 ./Sources/Events.o
                0x0000000000000f0c                SM2_OnBlockReceived
 .text.main     0x0000000000000f1c       0x14 ./Sources/main.o
                0x0000000000000f1c                main
 .text.__copy_rom_section
                0x0000000000000f30       0xd8 ./Project_Settings/Startup_Code/startup.o
                0x0000000000000f30                __copy_rom_section
 .text.__copy_rom_sections_to_ram
                0x0000000000001008       0x98 ./Project_Settings/Startup_Code/startup.o
                0x0000000000001008                __copy_rom_sections_to_ram
 .text.__init_registers
                0x00000000000010a0        0x8 ./Project_Settings/Startup_Code/startup.o
                0x00000000000010a0                __init_registers
 .text.__init_user
                0x00000000000010a8        0x8 ./Project_Settings/Startup_Code/startup.o
                0x00000000000010a8                __init_user
 .text.__thumb_startup
                0x00000000000010b0       0x30 ./Project_Settings/Startup_Code/startup.o
                0x00000000000010b0                __thumb_startup
 .text.AdcLdd1_OnMeasurementComplete
                0x00000000000010e0       0x5c ./Generated_Code/ANALOG_IN.o
                0x00000000000010e0                AdcLdd1_OnMeasurementComplete
 .text.ANALOG_IN_Init
                0x000000000000113c       0x2c ./Generated_Code/ANALOG_IN.o
                0x000000000000113c                ANALOG_IN_Init
 .text.HWEnDi   0x0000000000001168       0x20 ./Generated_Code/AS1.o
 .text.AS1_Init
                0x0000000000001188       0x64 ./Generated_Code/AS1.o
                0x0000000000001188                AS1_Init
 .text.ASerialLdd1_OnBlockReceived
                0x00000000000011ec       0x7c ./Generated_Code/AS1.o
                0x00000000000011ec                ASerialLdd1_OnBlockReceived
 .text.ASerialLdd1_OnBlockSent
                0x0000000000001268       0x88 ./Generated_Code/AS1.o
                0x0000000000001268                ASerialLdd1_OnBlockSent
 .text.ASerialLdd1_OnError
                0x00000000000012f0       0x90 ./Generated_Code/AS1.o
                0x00000000000012f0                ASerialLdd1_OnError
 .text.ASerialLdd1_OnBreak
                0x0000000000001380       0x20 ./Generated_Code/AS1.o
                0x0000000000001380                ASerialLdd1_OnBreak
 .text.ASerialLdd1_Init
                0x00000000000013a0      0x1c4 ./Generated_Code/ASerialLdd1.o
                0x00000000000013a0                ASerialLdd1_Init
 .text.ASerialLdd1_ReceiveBlock
                0x0000000000001564       0x50 ./Generated_Code/ASerialLdd1.o
                0x0000000000001564                ASerialLdd1_ReceiveBlock
 .text.ASerialLdd1_SendBlock
                0x00000000000015b4       0x80 ./Generated_Code/ASerialLdd1.o
                0x00000000000015b4                ASerialLdd1_SendBlock
 .text.InterruptRx
                0x0000000000001634       0x58 ./Generated_Code/ASerialLdd1.o
 .text.InterruptTx
                0x000000000000168c       0x80 ./Generated_Code/ASerialLdd1.o
 .text.ASerialLdd1_Interrupt
                0x000000000000170c       0xec ./Generated_Code/ASerialLdd1.o
                0x000000000000170c                ASerialLdd1_Interrupt
 .text.ASerialLdd1_GetError
                0x00000000000017f8       0x30 ./Generated_Code/ASerialLdd1.o
                0x00000000000017f8                ASerialLdd1_GetError
 .text.AdcLdd1_Init
                0x0000000000001828       0xb8 ./Generated_Code/AdcLdd1.o
                0x0000000000001828                AdcLdd1_Init
 .text.AdcLdd1_GetMeasuredValues
                0x00000000000018e0       0x60 ./Generated_Code/AdcLdd1.o
                0x00000000000018e0                AdcLdd1_GetMeasuredValues
 .text.AdcLdd1_GetCalibrationResultStatus
                0x0000000000001940       0xb8 ./Generated_Code/AdcLdd1.o
                0x0000000000001940                AdcLdd1_GetCalibrationResultStatus
 .text.AdcLdd1_MeasurementCompleteInterrupt
                0x00000000000019f8       0x30 ./Generated_Code/AdcLdd1.o
                0x00000000000019f8                AdcLdd1_MeasurementCompleteInterrupt
 .text.Bein_L_SetPWMDutyUs
                0x0000000000001a28       0x3c ./Generated_Code/Bein_L.o
                0x0000000000001a28                Bein_L_SetPWMDutyUs
 .text.Bein_L_SetPos
                0x0000000000001a64       0x38 ./Generated_Code/Bein_L.o
                0x0000000000001a64                Bein_L_SetPos
 .text.Bein_L_Init
                0x0000000000001a9c       0x14 ./Generated_Code/Bein_L.o
                0x0000000000001a9c                Bein_L_Init
 .text.Bein_R_SetPWMDutyUs
                0x0000000000001ab0       0x3c ./Generated_Code/Bein_R.o
                0x0000000000001ab0                Bein_R_SetPWMDutyUs
 .text.Bein_R_SetPos
                0x0000000000001aec       0x38 ./Generated_Code/Bein_R.o
                0x0000000000001aec                Bein_R_SetPos
 .text.Bein_R_Init
                0x0000000000001b24       0x14 ./Generated_Code/Bein_R.o
                0x0000000000001b24                Bein_R_Init
 .text.BitIoLdd1_Init
                0x0000000000001b38       0x60 ./Generated_Code/BitIoLdd1.o
                0x0000000000001b38                BitIoLdd1_Init
 .text.BitIoLdd2_Init
                0x0000000000001b98       0x68 ./Generated_Code/BitIoLdd2.o
                0x0000000000001b98                BitIoLdd2_Init
 .text.BitIoLdd2_ClrVal
                0x0000000000001c00       0x1c ./Generated_Code/BitIoLdd2.o
                0x0000000000001c00                BitIoLdd2_ClrVal
 .text.BitIoLdd3_Init
                0x0000000000001c1c       0x68 ./Generated_Code/BitIoLdd3.o
                0x0000000000001c1c                BitIoLdd3_Init
 .text.BitIoLdd4_Init
                0x0000000000001c84       0x68 ./Generated_Code/BitIoLdd4.o
                0x0000000000001c84                BitIoLdd4_Init
 .text.BitIoLdd4_ClrVal
                0x0000000000001cec       0x1c ./Generated_Code/BitIoLdd4.o
                0x0000000000001cec                BitIoLdd4_ClrVal
 .text.BitIoLdd5_Init
                0x0000000000001d08       0x60 ./Generated_Code/BitIoLdd5.o
                0x0000000000001d08                BitIoLdd5_Init
 .text.BitIoLdd5_ClrVal
                0x0000000000001d68       0x18 ./Generated_Code/BitIoLdd5.o
                0x0000000000001d68                BitIoLdd5_ClrVal
 .text.BitIoLdd6_Init
                0x0000000000001d80       0x60 ./Generated_Code/BitIoLdd6.o
                0x0000000000001d80                BitIoLdd6_Init
 .text.BitIoLdd7_Init
                0x0000000000001de0       0x68 ./Generated_Code/BitIoLdd7.o
                0x0000000000001de0                BitIoLdd7_Init
 .text.BitIoLdd8_Init
                0x0000000000001e48       0x64 ./Generated_Code/BitIoLdd8.o
                0x0000000000001e48                BitIoLdd8_Init
 .text.CLS1_Init
                0x0000000000001eac        0x8 ./Generated_Code/CLS1.o
                0x0000000000001eac                CLS1_Init
 .text.Cpu_INT_NMIInterrupt
                0x0000000000001eb4        0xc ./Generated_Code/Cpu.o
                0x0000000000001eb4                Cpu_INT_NMIInterrupt
 .text.Cpu_Interrupt
                0x0000000000001ec0        0xc ./Generated_Code/Cpu.o
                0x0000000000001ec0                Cpu_Interrupt
 .text.__init_hardware
                0x0000000000001ecc      0x110 ./Generated_Code/Cpu.o
                0x0000000000001ecc                __init_hardware
 .text.PE_low_level_init
                0x0000000000001fdc      0x178 ./Generated_Code/Cpu.o
                0x0000000000001fdc                PE_low_level_init
 .text.HF1_HandlerC
                0x0000000000002154       0xd0 ./Generated_Code/HF1.o
                0x0000000000002154                HF1_HandlerC
 .text.HF1_HardFaultHandler
                0x0000000000002224       0x18 ./Generated_Code/HF1.o
                0x0000000000002224                HF1_HardFaultHandler
 .text.Huft_L_SetPWMDutyUs
                0x000000000000223c       0x3c ./Generated_Code/Huft_L.o
                0x000000000000223c                Huft_L_SetPWMDutyUs
 .text.Huft_L_SetPos
                0x0000000000002278       0x38 ./Generated_Code/Huft_L.o
                0x0000000000002278                Huft_L_SetPos
 .text.Huft_L_Init
                0x00000000000022b0       0x14 ./Generated_Code/Huft_L.o
                0x00000000000022b0                Huft_L_Init
 .text.Huft_R_SetPWMDutyUs
                0x00000000000022c4       0x3c ./Generated_Code/Huft_R.o
                0x00000000000022c4                Huft_R_SetPWMDutyUs
 .text.Huft_R_SetPos
                0x0000000000002300       0x38 ./Generated_Code/Huft_R.o
                0x0000000000002300                Huft_R_SetPos
 .text.Huft_R_Init
                0x0000000000002338       0x14 ./Generated_Code/Huft_R.o
                0x0000000000002338                Huft_R_Init
 .text.Knie_L_SetPWMDutyUs
                0x000000000000234c       0x3c ./Generated_Code/Knie_L.o
                0x000000000000234c                Knie_L_SetPWMDutyUs
 .text.Knie_L_SetPos
                0x0000000000002388       0x38 ./Generated_Code/Knie_L.o
                0x0000000000002388                Knie_L_SetPos
 .text.Knie_L_Init
                0x00000000000023c0       0x14 ./Generated_Code/Knie_L.o
                0x00000000000023c0                Knie_L_Init
 .text.Knie_R_SetPWMDutyUs
                0x00000000000023d4       0x3c ./Generated_Code/Knie_R.o
                0x00000000000023d4                Knie_R_SetPWMDutyUs
 .text.Knie_R_SetPos
                0x0000000000002410       0x38 ./Generated_Code/Knie_R.o
                0x0000000000002410                Knie_R_SetPos
 .text.Knie_R_Init
                0x0000000000002448       0x14 ./Generated_Code/Knie_R.o
                0x0000000000002448                Knie_R_Init
 .text.PwmLdd1_Init
                0x000000000000245c       0x58 ./Generated_Code/PwmLdd1.o
                0x000000000000245c                PwmLdd1_Init
 .text.PwmLdd1_SetDutyUS
                0x00000000000024b4       0x7c ./Generated_Code/PwmLdd1.o
                0x00000000000024b4                PwmLdd1_SetDutyUS
 .text.SetRatio
                0x0000000000002530       0x68 ./Generated_Code/PwmLdd1.o
 .text.PwmLdd2_Init
                0x0000000000002598       0x58 ./Generated_Code/PwmLdd2.o
                0x0000000000002598                PwmLdd2_Init
 .text.PwmLdd2_SetDutyUS
                0x00000000000025f0       0x7c ./Generated_Code/PwmLdd2.o
                0x00000000000025f0                PwmLdd2_SetDutyUS
 .text.SetRatio
                0x000000000000266c       0x68 ./Generated_Code/PwmLdd2.o
 .text.PwmLdd3_Init
                0x00000000000026d4       0x58 ./Generated_Code/PwmLdd3.o
                0x00000000000026d4                PwmLdd3_Init
 .text.PwmLdd3_SetDutyUS
                0x000000000000272c       0x7c ./Generated_Code/PwmLdd3.o
                0x000000000000272c                PwmLdd3_SetDutyUS
 .text.SetRatio
                0x00000000000027a8       0x68 ./Generated_Code/PwmLdd3.o
 .text.PwmLdd4_Init
                0x0000000000002810       0x58 ./Generated_Code/PwmLdd4.o
                0x0000000000002810                PwmLdd4_Init
 .text.PwmLdd4_SetDutyUS
                0x0000000000002868       0x7c ./Generated_Code/PwmLdd4.o
                0x0000000000002868                PwmLdd4_SetDutyUS
 .text.SetRatio
                0x00000000000028e4       0x68 ./Generated_Code/PwmLdd4.o
 .text.PwmLdd5_Init
                0x000000000000294c       0x58 ./Generated_Code/PwmLdd5.o
                0x000000000000294c                PwmLdd5_Init
 .text.PwmLdd5_SetDutyUS
                0x00000000000029a4       0x7c ./Generated_Code/PwmLdd5.o
                0x00000000000029a4                PwmLdd5_SetDutyUS
 .text.SetRatio
                0x0000000000002a20       0x68 ./Generated_Code/PwmLdd5.o
 .text.PwmLdd6_Init
                0x0000000000002a88       0x58 ./Generated_Code/PwmLdd6.o
                0x0000000000002a88                PwmLdd6_Init
 .text.PwmLdd6_SetDutyUS
                0x0000000000002ae0       0x7c ./Generated_Code/PwmLdd6.o
                0x0000000000002ae0                PwmLdd6_SetDutyUS
 .text.SetRatio
                0x0000000000002b5c       0x68 ./Generated_Code/PwmLdd6.o
 .text.RTT1_Init
                0x0000000000002bc4       0x30 ./Generated_Code/RTT1.o
                0x0000000000002bc4                RTT1_Init
 .text._DoInit  0x0000000000002bf4       0xb0 ./Generated_Code/SEGGER_RTT.o
 .text.SEGGER_RTT_ReadNoLock
                0x0000000000002ca4       0xfc ./Generated_Code/SEGGER_RTT.o
                0x0000000000002ca4                SEGGER_RTT_ReadNoLock
 .text.SEGGER_RTT_WriteSkipNoLock
                0x0000000000002da0      0x14c ./Generated_Code/SEGGER_RTT.o
                0x0000000000002da0                SEGGER_RTT_WriteSkipNoLock
 .text.SEGGER_RTT_ConfigUpBuffer
                0x0000000000002eec       0xc4 ./Generated_Code/SEGGER_RTT.o
                0x0000000000002eec                SEGGER_RTT_ConfigUpBuffer
 .text.SEGGER_RTT_ConfigDownBuffer
                0x0000000000002fb0       0xc8 ./Generated_Code/SEGGER_RTT.o
                0x0000000000002fb0                SEGGER_RTT_ConfigDownBuffer
 .text.SEGGER_RTT_Init
                0x0000000000003078       0x18 ./Generated_Code/SEGGER_RTT.o
                0x0000000000003078                SEGGER_RTT_Init
 .text._EncodeStr
                0x0000000000003090       0x54 ./Generated_Code/SEGGER_SYSVIEW.o
 .text._PreparePacket
                0x00000000000030e4       0x14 ./Generated_Code/SEGGER_SYSVIEW.o
 .text._HandleIncomingPacket
                0x00000000000030f8       0xb0 ./Generated_Code/SEGGER_SYSVIEW.o
 .text._TrySendOverflowPacket
                0x00000000000031a8       0xe4 ./Generated_Code/SEGGER_SYSVIEW.o
 .text._SendPacket
                0x000000000000328c      0x184 ./Generated_Code/SEGGER_SYSVIEW.o
 .text.SEGGER_SYSVIEW_Init
                0x0000000000003410       0x84 ./Generated_Code/SEGGER_SYSVIEW.o
                0x0000000000003410                SEGGER_SYSVIEW_Init
 .text.SEGGER_SYSVIEW_SetRAMBase
                0x0000000000003494       0x18 ./Generated_Code/SEGGER_SYSVIEW.o
                0x0000000000003494                SEGGER_SYSVIEW_SetRAMBase
 .text.SEGGER_SYSVIEW_RecordVoid
                0x00000000000034ac       0x2c ./Generated_Code/SEGGER_SYSVIEW.o
                0x00000000000034ac                SEGGER_SYSVIEW_RecordVoid
 .text.SEGGER_SYSVIEW_RecordU32
                0x00000000000034d8       0x6c ./Generated_Code/SEGGER_SYSVIEW.o
                0x00000000000034d8                SEGGER_SYSVIEW_RecordU32
 .text.SEGGER_SYSVIEW_RecordU32x2
                0x0000000000003544       0xa8 ./Generated_Code/SEGGER_SYSVIEW.o
                0x0000000000003544                SEGGER_SYSVIEW_RecordU32x2
 .text.SEGGER_SYSVIEW_Start
                0x00000000000035ec      0x154 ./Generated_Code/SEGGER_SYSVIEW.o
                0x00000000000035ec                SEGGER_SYSVIEW_Start
 .text.SEGGER_SYSVIEW_Stop
                0x0000000000003740       0x38 ./Generated_Code/SEGGER_SYSVIEW.o
                0x0000000000003740                SEGGER_SYSVIEW_Stop
 .text.SEGGER_SYSVIEW_GetSysDesc
                0x0000000000003778      0x134 ./Generated_Code/SEGGER_SYSVIEW.o
                0x0000000000003778                SEGGER_SYSVIEW_GetSysDesc
 .text.SEGGER_SYSVIEW_SendTaskInfo
                0x00000000000038ac      0x1dc ./Generated_Code/SEGGER_SYSVIEW.o
                0x00000000000038ac                SEGGER_SYSVIEW_SendTaskInfo
 .text.SEGGER_SYSVIEW_SendTaskList
                0x0000000000003a88       0x34 ./Generated_Code/SEGGER_SYSVIEW.o
                0x0000000000003a88                SEGGER_SYSVIEW_SendTaskList
 .text.SEGGER_SYSVIEW_SendSysDesc
                0x0000000000003abc       0x50 ./Generated_Code/SEGGER_SYSVIEW.o
                0x0000000000003abc                SEGGER_SYSVIEW_SendSysDesc
 .text.SEGGER_SYSVIEW_RecordSystime
                0x0000000000003b0c       0x64 ./Generated_Code/SEGGER_SYSVIEW.o
                0x0000000000003b0c                SEGGER_SYSVIEW_RecordSystime
 .text.SEGGER_SYSVIEW_OnIdle
                0x0000000000003b70       0x28 ./Generated_Code/SEGGER_SYSVIEW.o
                0x0000000000003b70                SEGGER_SYSVIEW_OnIdle
 .text.SEGGER_SYSVIEW_OnTaskCreate
                0x0000000000003b98       0x78 ./Generated_Code/SEGGER_SYSVIEW.o
                0x0000000000003b98                SEGGER_SYSVIEW_OnTaskCreate
 .text.SEGGER_SYSVIEW_OnTaskStartExec
                0x0000000000003c10       0x78 ./Generated_Code/SEGGER_SYSVIEW.o
                0x0000000000003c10                SEGGER_SYSVIEW_OnTaskStartExec
 .text.SEGGER_SYSVIEW_OnTaskStartReady
                0x0000000000003c88       0x78 ./Generated_Code/SEGGER_SYSVIEW.o
                0x0000000000003c88                SEGGER_SYSVIEW_OnTaskStartReady
 .text.SEGGER_SYSVIEW_SendModule
                0x0000000000003d00      0x1b8 ./Generated_Code/SEGGER_SYSVIEW.o
                0x0000000000003d00                SEGGER_SYSVIEW_SendModule
 .text.SEGGER_SYSVIEW_SendModuleDescription
                0x0000000000003eb8       0x38 ./Generated_Code/SEGGER_SYSVIEW.o
                0x0000000000003eb8                SEGGER_SYSVIEW_SendModuleDescription
 .text.SEGGER_SYSVIEW_SendNumModules
                0x0000000000003ef0       0x6c ./Generated_Code/SEGGER_SYSVIEW.o
                0x0000000000003ef0                SEGGER_SYSVIEW_SendNumModules
 .text.SEGGER_SYSVIEW_Warn
                0x0000000000003f5c      0x134 ./Generated_Code/SEGGER_SYSVIEW.o
                0x0000000000003f5c                SEGGER_SYSVIEW_Warn
 .text.SEGGER_SYSVIEW_X_GetTimestamp
                0x0000000000004090       0x58 ./Generated_Code/SEGGER_SYSVIEW_Config.o
                0x0000000000004090                SEGGER_SYSVIEW_X_GetTimestamp
 .text._cbSendSystemDesc
                0x00000000000040e8       0x20 ./Generated_Code/SEGGER_SYSVIEW_Config.o
 .text.SEGGER_SYSVIEW_Conf
                0x0000000000004108       0x2c ./Generated_Code/SEGGER_SYSVIEW_Config.o
                0x0000000000004108                SEGGER_SYSVIEW_Conf
 .text._cbSendTaskList
                0x0000000000004134       0xb0 ./Generated_Code/SEGGER_SYSVIEW_FreeRTOS.o
 *fill*         0x00000000000041e4        0x4 
 .text._cbGetTime
                0x00000000000041e8       0x40 ./Generated_Code/SEGGER_SYSVIEW_FreeRTOS.o
 .text.SYSVIEW_AddTask
                0x0000000000004228       0xb4 ./Generated_Code/SEGGER_SYSVIEW_FreeRTOS.o
                0x0000000000004228                SYSVIEW_AddTask
 .text.SYSVIEW_SendTaskInfo
                0x00000000000042dc       0x54 ./Generated_Code/SEGGER_SYSVIEW_FreeRTOS.o
                0x00000000000042dc                SYSVIEW_SendTaskInfo
 .text.SM1_Init
                0x0000000000004330       0x7c ./Generated_Code/SM1.o
                0x0000000000004330                SM1_Init
 .text.SMasterLdd1_OnBlockReceived
                0x00000000000043ac       0x94 ./Generated_Code/SM1.o
                0x00000000000043ac                SMasterLdd1_OnBlockReceived
 .text.SMasterLdd1_OnBlockSent
                0x0000000000004440       0x8c ./Generated_Code/SM1.o
                0x0000000000004440                SMasterLdd1_OnBlockSent
 .text.SM2_Interrupt
                0x00000000000044cc       0xe0 ./Generated_Code/SM2.o
                0x00000000000044cc                SM2_Interrupt
 .text.SMasterLdd1_Init
                0x00000000000045ac      0x110 ./Generated_Code/SMasterLdd1.o
                0x00000000000045ac                SMasterLdd1_Init
 .text.SMasterLdd1_ReceiveBlock
                0x00000000000046bc       0x68 ./Generated_Code/SMasterLdd1.o
                0x00000000000046bc                SMasterLdd1_ReceiveBlock
 .text.SMasterLdd1_SendBlock
                0x0000000000004724       0x54 ./Generated_Code/SMasterLdd1.o
                0x0000000000004724                SMasterLdd1_SendBlock
 .text.SMasterLdd1_Interrupt
                0x0000000000004778       0xe0 ./Generated_Code/SMasterLdd1.o
                0x0000000000004778                SMasterLdd1_Interrupt
 .text.SYS1_Init
                0x0000000000004858        0xc ./Generated_Code/SYS1.o
                0x0000000000004858                SYS1_Init
 .text.TMOUT1_Init
                0x0000000000004864       0x44 ./Generated_Code/TMOUT1.o
                0x0000000000004864                TMOUT1_Init
 .text.TU1_Init
                0x00000000000048a8      0x17c ./Generated_Code/TU1.o
                0x00000000000048a8                TU1_Init
 .text.TU1_GetPeriodTicks
                0x0000000000004a24       0x3c ./Generated_Code/TU1.o
                0x0000000000004a24                TU1_GetPeriodTicks
 .text.TU1_SetOffsetTicks
                0x0000000000004a60       0x58 ./Generated_Code/TU1.o
                0x0000000000004a60                TU1_SetOffsetTicks
 .text.TU1_Interrupt
                0x0000000000004ab8       0x74 ./Generated_Code/TU1.o
                0x0000000000004ab8                TU1_Interrupt
 .text.TU2_Init
                0x0000000000004b2c       0xe8 ./Generated_Code/TU2.o
                0x0000000000004b2c                TU2_Init
 .text.TU2_GetPeriodTicks
                0x0000000000004c14       0x3c ./Generated_Code/TU2.o
                0x0000000000004c14                TU2_GetPeriodTicks
 .text.TU2_SetOffsetTicks
                0x0000000000004c50       0x58 ./Generated_Code/TU2.o
                0x0000000000004c50                TU2_SetOffsetTicks
 .text.TU3_Interrupt
                0x0000000000004ca8       0xa8 ./Generated_Code/TU3.o
                0x0000000000004ca8                TU3_Interrupt
 .text.pvPortMalloc
                0x0000000000004d50      0x154 ./Generated_Code/heap_4.o
                0x0000000000004d50                pvPortMalloc
 .text.vPortFree
                0x0000000000004ea4       0x8c ./Generated_Code/heap_4.o
                0x0000000000004ea4                vPortFree
 .text.prvHeapInit
                0x0000000000004f30       0xbc ./Generated_Code/heap_4.o
 .text.prvInsertBlockIntoFreeList
                0x0000000000004fec       0xac ./Generated_Code/heap_4.o
 .text.vListInitialise
                0x0000000000005098       0x3c ./Generated_Code/list.o
                0x0000000000005098                vListInitialise
 .text.vListInitialiseItem
                0x00000000000050d4       0x14 ./Generated_Code/list.o
                0x00000000000050d4                vListInitialiseItem
 .text.vListInsertEnd
                0x00000000000050e8       0x44 ./Generated_Code/list.o
                0x00000000000050e8                vListInsertEnd
 .text.uxListRemove
                0x000000000000512c       0x50 ./Generated_Code/list.o
                0x000000000000512c                uxListRemove
 .text.pxPortInitialiseStack
                0x000000000000517c       0x50 ./Generated_Code/port.o
                0x000000000000517c                pxPortInitialiseStack
 .text.vPortInitTickTimer
                0x00000000000051cc       0x3c ./Generated_Code/port.o
                0x00000000000051cc                vPortInitTickTimer
 .text.vPortStartTickTimer
                0x0000000000005208       0x14 ./Generated_Code/port.o
                0x0000000000005208                vPortStartTickTimer
 .text.vPortStopTickTimer
                0x000000000000521c       0x14 ./Generated_Code/port.o
                0x000000000000521c                vPortStopTickTimer
 .text.xPortStartScheduler
                0x0000000000005230       0x34 ./Generated_Code/port.o
                0x0000000000005230                xPortStartScheduler
 .text.vPortEnterCritical
                0x0000000000005264       0x20 ./Generated_Code/port.o
                0x0000000000005264                vPortEnterCritical
 .text.vPortExitCritical
                0x0000000000005284       0x20 ./Generated_Code/port.o
                0x0000000000005284                vPortExitCritical
 .text.vPortYieldFromISR
                0x00000000000052a4       0x1c ./Generated_Code/port.o
                0x00000000000052a4                vPortYieldFromISR
 .text.vPortTickHandler
                0x00000000000052c0       0x28 ./Generated_Code/port.o
                0x00000000000052c0                vPortTickHandler
 .text.vPortStartFirstTask
                0x00000000000052e8       0x1c ./Generated_Code/port.o
                0x00000000000052e8                vPortStartFirstTask
 .text.vPortSVCHandler
                0x0000000000005304       0x28 ./Generated_Code/port.o
                0x0000000000005304                vPortSVCHandler
 .text.vPortPendSVHandler
                0x000000000000532c       0x44 ./Generated_Code/port.o
                0x000000000000532c                vPortPendSVHandler
 .text.xTaskGenericCreate
                0x0000000000005370      0x1b0 ./Generated_Code/tasks.o
                0x0000000000005370                xTaskGenericCreate
 .text.vTaskStartScheduler
                0x0000000000005520       0x74 ./Generated_Code/tasks.o
                0x0000000000005520                vTaskStartScheduler
 .text.vTaskSuspendAll
                0x0000000000005594       0x18 ./Generated_Code/tasks.o
                0x0000000000005594                vTaskSuspendAll
 .text.xTaskResumeAll
                0x00000000000055ac      0x110 ./Generated_Code/tasks.o
                0x00000000000055ac                xTaskResumeAll
 .text.xTaskGetTickCountFromISR
                0x00000000000056bc       0x24 ./Generated_Code/tasks.o
                0x00000000000056bc                xTaskGetTickCountFromISR
 .text.xTaskIncrementTick
                0x00000000000056e0      0x184 ./Generated_Code/tasks.o
                0x00000000000056e0                xTaskIncrementTick
 .text.vTaskSwitchContext
                0x0000000000005864       0xe4 ./Generated_Code/tasks.o
                0x0000000000005864                vTaskSwitchContext
 .text.prvIdleTask
                0x0000000000005948       0x24 ./Generated_Code/tasks.o
 .text.prvInitialiseTCBVariables
                0x000000000000596c       0xa4 ./Generated_Code/tasks.o
 .text.prvInitialiseTaskLists
                0x0000000000005a10       0x88 ./Generated_Code/tasks.o
 .text.prvCheckTasksWaitingTermination
                0x0000000000005a98       0x74 ./Generated_Code/tasks.o
 .text.prvAllocateTCBAndStack
                0x0000000000005b0c       0x78 ./Generated_Code/tasks.o
 .text.prvTaskCheckFreeStackSpace
                0x0000000000005b84       0x34 ./Generated_Code/tasks.o
 .text.uxTaskGetStackHighWaterMark
                0x0000000000005bb8       0x38 ./Generated_Code/tasks.o
                0x0000000000005bb8                uxTaskGetStackHighWaterMark
 .text.prvDeleteTCB
                0x0000000000005bf0       0x20 ./Generated_Code/tasks.o
 .text.prvResetNextTaskUnblockTime
                0x0000000000005c10       0x44 ./Generated_Code/tasks.o
 .text.exit     0x0000000000005c54       0x2c /Applications/KDS_3.0.0.app/Contents/toolchain/bin/../lib/gcc/arm-none-eabi/4.8.4/../../../../arm-none-eabi/lib/armv6-m/libg_s.a(lib_a-exit.o)
                0x0000000000005c54                exit
 .text.__libc_init_array
                0x0000000000005c80       0x4c /Applications/KDS_3.0.0.app/Contents/toolchain/bin/../lib/gcc/arm-none-eabi/4.8.4/../../../../arm-none-eabi/lib/armv6-m/libg_s.a(lib_a-init.o)
                0x0000000000005c80                __libc_init_array
 .text.memcpy   0x0000000000005ccc       0x12 /Applications/KDS_3.0.0.app/Contents/toolchain/bin/../lib/gcc/arm-none-eabi/4.8.4/../../../../arm-none-eabi/lib/armv6-m/libg_s.a(lib_a-memcpy-stub.o)
                0x0000000000005ccc                memcpy
 .text.memset   0x0000000000005cde       0x10 /Applications/KDS_3.0.0.app/Contents/toolchain/bin/../lib/gcc/arm-none-eabi/4.8.4/../../../../arm-none-eabi/lib/armv6-m/libg_s.a(lib_a-memset.o)
                0x0000000000005cde                memset
 *fill*         0x0000000000005cee        0x2 
 .text._exit    0x0000000000005cf0        0x4 /Applications/KDS_3.0.0.app/Contents/toolchain/bin/../lib/gcc/arm-none-eabi/4.8.4/../../../../arm-none-eabi/lib/armv6-m/libnosys.a(_exit.o)
                0x0000000000005cf0                _exit
 *(.rodata)
 .rodata        0x0000000000005cf4       0x18 ./Generated_Code/SEGGER_RTT.o
 .rodata        0x0000000000005d0c        0x8 ./Generated_Code/SEGGER_SYSVIEW.o
 .rodata        0x0000000000005d14       0x3c ./Generated_Code/SEGGER_SYSVIEW_Config.o
 .rodata        0x0000000000005d50       0x50 ./Generated_Code/SEGGER_SYSVIEW_FreeRTOS.o
 .rodata        0x0000000000005da0       0x10 ./Generated_Code/tasks.o
 .rodata        0x0000000000005db0       0x40 /Applications/KDS_3.0.0.app/Contents/toolchain/bin/../lib/gcc/arm-none-eabi/4.8.4/armv6-m/libgcc.a(mulsf3.o)
 *(.rodata*)
 .rodata.SYSVIEW_X_OS_TraceAPI
                0x0000000000005df0        0x8 ./Generated_Code/SEGGER_SYSVIEW_FreeRTOS.o
                0x0000000000005df0                SYSVIEW_X_OS_TraceAPI
 .rodata.ChannelDevice
                0x0000000000005df8        0x4 ./Generated_Code/TU1.o
 .rodata.ChannelMode
                0x0000000000005dfc        0x4 ./Generated_Code/TU1.o
 .rodata.ChannelDevice
                0x0000000000005e00        0x4 ./Generated_Code/TU2.o
 .rodata.ChannelMode
                0x0000000000005e04        0x4 ./Generated_Code/TU2.o
 .rodata.str1.1
                0x0000000000005e08        0x2 /Applications/KDS_3.0.0.app/Contents/toolchain/bin/../lib/gcc/arm-none-eabi/4.8.4/../../../../arm-none-eabi/lib/armv6-m/libg_s.a(lib_a-impure.o)
 *fill*         0x0000000000005e0a        0x2 
 .rodata._global_impure_ptr
                0x0000000000005e0c        0x4 /Applications/KDS_3.0.0.app/Contents/toolchain/bin/../lib/gcc/arm-none-eabi/4.8.4/../../../../arm-none-eabi/lib/armv6-m/libg_s.a(lib_a-impure.o)
                0x0000000000005e0c                _global_impure_ptr
 *(.glue_7)
 .glue_7        0x0000000000000000        0x0 linker stubs
 *(.glue_7t)
 .glue_7t       0x0000000000000000        0x0 linker stubs
 *(.eh_frame)
 .eh_frame      0x0000000000005e10        0x0 /Applications/KDS_3.0.0.app/Contents/toolchain/bin/../lib/gcc/arm-none-eabi/4.8.4/armv6-m/crtbegin.o
 *(.init)
 .init          0x0000000000005e10        0x4 /Applications/KDS_3.0.0.app/Contents/toolchain/bin/../lib/gcc/arm-none-eabi/4.8.4/armv6-m/crti.o
                0x0000000000005e10                _init
 .init          0x0000000000005e14        0x8 /Applications/KDS_3.0.0.app/Contents/toolchain/bin/../lib/gcc/arm-none-eabi/4.8.4/armv6-m/crtn.o
 *(.fini)
 .fini          0x0000000000005e1c        0x4 /Applications/KDS_3.0.0.app/Contents/toolchain/bin/../lib/gcc/arm-none-eabi/4.8.4/armv6-m/crti.o
                0x0000000000005e1c                _fini
 .fini          0x0000000000005e20        0x8 /Applications/KDS_3.0.0.app/Contents/toolchain/bin/../lib/gcc/arm-none-eabi/4.8.4/armv6-m/crtn.o
                0x0000000000005e28                . = ALIGN (0x4)
                0x0000000000005e28                _etext = .

.vfp11_veneer   0x0000000000005e28        0x0
 .vfp11_veneer  0x0000000000000000        0x0 linker stubs

.v4_bx          0x0000000000005e28        0x0
 .v4_bx         0x0000000000000000        0x0 linker stubs

.iplt           0x0000000000005e28        0x0
 .iplt          0x0000000000000000        0x0 /Applications/KDS_3.0.0.app/Contents/toolchain/bin/../lib/gcc/arm-none-eabi/4.8.4/armv6-m/crtbegin.o

.ARM.extab
 *(.ARM.extab* .gnu.linkonce.armextab.*)

.ARM            0x0000000000005e28        0x8
                0x0000000000005e28                __exidx_start = .
 *(.ARM.exidx*)
 .ARM.exidx     0x0000000000005e28        0x8 /Applications/KDS_3.0.0.app/Contents/toolchain/bin/../lib/gcc/arm-none-eabi/4.8.4/../../../../arm-none-eabi/lib/armv6-m/crt0.o
                0x0000000000005e30                __exidx_end = .

.rel.dyn        0x0000000000005e30        0x0
 .rel.iplt      0x0000000000000000        0x0 /Applications/KDS_3.0.0.app/Contents/toolchain/bin/../lib/gcc/arm-none-eabi/4.8.4/armv6-m/crtbegin.o

.ctors          0x0000000000005e30        0x0
                0x0000000000005e30                __CTOR_LIST__ = .
 *crtbegin.o(.ctors)
 *(EXCLUDE_FILE(*crtend.o) .ctors)
 *(SORT(.ctors.*))
 *(.ctors)
                0x0000000000005e30                __CTOR_END__ = .

.dtors          0x0000000000005e30        0x0
                0x0000000000005e30                __DTOR_LIST__ = .
 *crtbegin.o(.dtors)
 *(EXCLUDE_FILE(*crtend.o) .dtors)
 *(SORT(.dtors.*))
 *(.dtors)
                0x0000000000005e30                __DTOR_END__ = .

.preinit_array  0x0000000000005e30        0x0
                0x0000000000005e30                PROVIDE (__preinit_array_start, .)
 *(.preinit_array*)
                0x0000000000005e30                PROVIDE (__preinit_array_end, .)

.init_array     0x0000000000005e30        0x4
                0x0000000000005e30                PROVIDE (__init_array_start, .)
 *(SORT(.init_array.*))
 *(.init_array*)
 .init_array    0x0000000000005e30        0x4 /Applications/KDS_3.0.0.app/Contents/toolchain/bin/../lib/gcc/arm-none-eabi/4.8.4/armv6-m/crtbegin.o
                0x0000000000005e34                PROVIDE (__init_array_end, .)

.fini_array     0x0000000000005e34        0x4
                0x0000000000005e34                PROVIDE (__fini_array_start, .)
 *(SORT(.fini_array.*))
 *(.fini_array*)
 .fini_array    0x0000000000005e34        0x4 /Applications/KDS_3.0.0.app/Contents/toolchain/bin/../lib/gcc/arm-none-eabi/4.8.4/armv6-m/crtbegin.o
                0x0000000000005e38                PROVIDE (__fini_array_end, .)
                0x0000000000005e38                ___ROM_AT = .

.mtb            0x000000001ffff000        0x0
                0x000000001ffff000                . = ALIGN (0x8)
                0x000000001ffff000                _mtb_start = .
 *(.mtb_buf)
                0x000000001ffff000                . = ALIGN (0x8)
                0x000000001ffff000                _mtb_end = .

.data           0x000000001ffff000       0x64 load address 0x0000000000005e38
                0x000000001ffff000                . = ALIGN (0x4)
                0x000000001ffff000                _sdata = .
 *(.data)
 *(.data*)
 .data.uxCriticalNesting
                0x000000001ffff000        0x4 ./Generated_Code/port.o
 .data.impure_data
                0x000000001ffff004       0x60 /Applications/KDS_3.0.0.app/Contents/toolchain/bin/../lib/gcc/arm-none-eabi/4.8.4/../../../../arm-none-eabi/lib/armv6-m/libg_s.a(lib_a-impure.o)
                0x000000001ffff064                . = ALIGN (0x4)
                0x000000001ffff064                _edata = .
                0x0000000000000064                ___data_size = (_edata - _sdata)

.jcr            0x000000001ffff064        0x0 load address 0x0000000000005e9c
 .jcr           0x000000001ffff064        0x0 /Applications/KDS_3.0.0.app/Contents/toolchain/bin/../lib/gcc/arm-none-eabi/4.8.4/armv6-m/crtbegin.o

.igot.plt       0x000000001ffff064        0x0 load address 0x0000000000005e9c
 .igot.plt      0x0000000000000000        0x0 /Applications/KDS_3.0.0.app/Contents/toolchain/bin/../lib/gcc/arm-none-eabi/4.8.4/armv6-m/crtbegin.o
                0x000000001ffff064                . = ALIGN (0x4)

.bss            0x000000001ffff064     0x2b80 load address 0x0000000000005e9c
                0x000000001ffff064                __START_BSS = .
                0x000000001ffff064                PROVIDE (__bss_start__, __START_BSS)
 *(.bss)
 .bss           0x000000001ffff064       0x1c /Applications/KDS_3.0.0.app/Contents/toolchain/bin/../lib/gcc/arm-none-eabi/4.8.4/armv6-m/crtbegin.o
 *(.bss*)
 .bss.ModeFlg   0x000000001ffff080        0x1 ./Generated_Code/ANALOG_IN.o
 .bss.OutFlg    0x000000001ffff081        0x1 ./Generated_Code/ANALOG_IN.o
 .bss.SerFlag   0x000000001ffff082        0x2 ./Generated_Code/AS1.o
 .bss.AS1_InpLen
                0x000000001ffff084        0x2 ./Generated_Code/AS1.o
 .bss.InpIndexR
                0x000000001ffff086        0x2 ./Generated_Code/AS1.o
 .bss.InpIndexW
                0x000000001ffff088        0x2 ./Generated_Code/AS1.o
 *fill*         0x000000001ffff08a        0x2 
 .bss.InpBuffer
                0x000000001ffff08c       0x40 ./Generated_Code/AS1.o
 .bss.BufferRead
                0x000000001ffff0cc        0x1 ./Generated_Code/AS1.o
 *fill*         0x000000001ffff0cd        0x1 
 .bss.AS1_OutLen
                0x000000001ffff0ce        0x2 ./Generated_Code/AS1.o
 .bss.OutIndexR
                0x000000001ffff0d0        0x2 ./Generated_Code/AS1.o
 .bss.OutIndexW
                0x000000001ffff0d2        0x2 ./Generated_Code/AS1.o
 .bss.OutBuffer
                0x000000001ffff0d4       0x40 ./Generated_Code/AS1.o
 .bss.DeviceDataPrv__DEFAULT_RTOS_ALLOC
                0x000000001ffff114       0x20 ./Generated_Code/ASerialLdd1.o
 .bss.INT_UART0__BAREBOARD_RTOS_ISRPARAM
                0x000000001ffff134        0x4 ./Generated_Code/ASerialLdd1.o
 .bss.DeviceDataPrv__DEFAULT_RTOS_ALLOC
                0x000000001ffff138        0x8 ./Generated_Code/AdcLdd1.o
 .bss.INT_ADC0__BAREBOARD_RTOS_ISRPARAM
                0x000000001ffff140        0x4 ./Generated_Code/AdcLdd1.o
 .bss.Servo     0x000000001ffff144        0x4 ./Generated_Code/Bein_L.o
 .bss.Servo     0x000000001ffff148        0x4 ./Generated_Code/Bein_R.o
 .bss.DeviceDataPrv__DEFAULT_RTOS_ALLOC
                0x000000001ffff14c        0x4 ./Generated_Code/BitIoLdd1.o
 .bss.DeviceDataPrv__DEFAULT_RTOS_ALLOC
                0x000000001ffff150        0x4 ./Generated_Code/BitIoLdd2.o
 .bss.DeviceDataPrv__DEFAULT_RTOS_ALLOC
                0x000000001ffff154        0x4 ./Generated_Code/BitIoLdd3.o
 .bss.DeviceDataPrv__DEFAULT_RTOS_ALLOC
                0x000000001ffff158        0x4 ./Generated_Code/BitIoLdd4.o
 .bss.DeviceDataPrv__DEFAULT_RTOS_ALLOC
                0x000000001ffff15c        0x4 ./Generated_Code/BitIoLdd5.o
 .bss.DeviceDataPrv__DEFAULT_RTOS_ALLOC
                0x000000001ffff160        0x4 ./Generated_Code/BitIoLdd6.o
 .bss.DeviceDataPrv__DEFAULT_RTOS_ALLOC
                0x000000001ffff164        0x4 ./Generated_Code/BitIoLdd7.o
 .bss.DeviceDataPrv__DEFAULT_RTOS_ALLOC
                0x000000001ffff168        0x4 ./Generated_Code/BitIoLdd8.o
 .bss.stacked_r0.5458
                0x000000001ffff16c        0x4 ./Generated_Code/HF1.o
 .bss.stacked_r1.5459
                0x000000001ffff170        0x4 ./Generated_Code/HF1.o
 .bss.stacked_r2.5460
                0x000000001ffff174        0x4 ./Generated_Code/HF1.o
 .bss.stacked_r3.5461
                0x000000001ffff178        0x4 ./Generated_Code/HF1.o
 .bss.stacked_r12.5462
                0x000000001ffff17c        0x4 ./Generated_Code/HF1.o
 .bss.stacked_lr.5463
                0x000000001ffff180        0x4 ./Generated_Code/HF1.o
 .bss.stacked_pc.5464
                0x000000001ffff184        0x4 ./Generated_Code/HF1.o
 .bss.stacked_psr.5465
                0x000000001ffff188        0x4 ./Generated_Code/HF1.o
 .bss._CFSR.5466
                0x000000001ffff18c        0x4 ./Generated_Code/HF1.o
 .bss._HFSR.5467
                0x000000001ffff190        0x4 ./Generated_Code/HF1.o
 .bss._DFSR.5468
                0x000000001ffff194        0x4 ./Generated_Code/HF1.o
 .bss._AFSR.5469
                0x000000001ffff198        0x4 ./Generated_Code/HF1.o
 .bss._MMAR.5471
                0x000000001ffff19c        0x4 ./Generated_Code/HF1.o
 .bss._BFAR.5470
                0x000000001ffff1a0        0x4 ./Generated_Code/HF1.o
 .bss.Servo     0x000000001ffff1a4        0x4 ./Generated_Code/Huft_L.o
 .bss.Servo     0x000000001ffff1a8        0x4 ./Generated_Code/Huft_R.o
 .bss.Servo     0x000000001ffff1ac        0x4 ./Generated_Code/Knie_L.o
 .bss.Servo     0x000000001ffff1b0        0x4 ./Generated_Code/Knie_R.o
 .bss.PE_LDD_DeviceDataList
                0x000000001ffff1b4       0x58 ./Generated_Code/PE_LDD.o
                0x000000001ffff1b4                PE_LDD_DeviceDataList
 .bss.DeviceDataPrv__DEFAULT_RTOS_ALLOC
                0x000000001ffff20c        0xc ./Generated_Code/PwmLdd1.o
 .bss.DeviceDataPrv__DEFAULT_RTOS_ALLOC
                0x000000001ffff218        0xc ./Generated_Code/PwmLdd2.o
 .bss.DeviceDataPrv__DEFAULT_RTOS_ALLOC
                0x000000001ffff224        0xc ./Generated_Code/PwmLdd3.o
 .bss.DeviceDataPrv__DEFAULT_RTOS_ALLOC
                0x000000001ffff230        0xc ./Generated_Code/PwmLdd4.o
 .bss.DeviceDataPrv__DEFAULT_RTOS_ALLOC
                0x000000001ffff23c        0xc ./Generated_Code/PwmLdd5.o
 .bss.DeviceDataPrv__DEFAULT_RTOS_ALLOC
                0x000000001ffff248        0xc ./Generated_Code/PwmLdd6.o
 .bss._acUpBuffer
                0x000000001ffff254      0x200 ./Generated_Code/SEGGER_RTT.o
 .bss._acDownBuffer
                0x000000001ffff454       0x40 ./Generated_Code/SEGGER_RTT.o
 .bss._SYSVIEW_Globals
                0x000000001ffff494      0x428 ./Generated_Code/SEGGER_SYSVIEW.o
 .bss._pFirstModule
                0x000000001ffff8bc        0x4 ./Generated_Code/SEGGER_SYSVIEW.o
 .bss._NumModules
                0x000000001ffff8c0        0x1 ./Generated_Code/SEGGER_SYSVIEW.o
 *fill*         0x000000001ffff8c1        0x3 
 .bss._aTasks   0x000000001ffff8c4       0xa0 ./Generated_Code/SEGGER_SYSVIEW_FreeRTOS.o
 .bss._NumTasks
                0x000000001ffff964        0x4 ./Generated_Code/SEGGER_SYSVIEW_FreeRTOS.o
 .bss.SerFlag   0x000000001ffff968        0x1 ./Generated_Code/SM1.o
 .bss.ErrFlag   0x000000001ffff969        0x1 ./Generated_Code/SM1.o
 .bss.SM1_InpLen
                0x000000001ffff96a        0x2 ./Generated_Code/SM1.o
 .bss.InpIndexR
                0x000000001ffff96c        0x1 ./Generated_Code/SM1.o
 .bss.InpIndexW
                0x000000001ffff96d        0x1 ./Generated_Code/SM1.o
 *fill*         0x000000001ffff96e        0x2 
 .bss.InpBuffer
                0x000000001ffff970       0x30 ./Generated_Code/SM1.o
 .bss.BufferRead
                0x000000001ffff9a0        0x1 ./Generated_Code/SM1.o
 *fill*         0x000000001ffff9a1        0x1 
 .bss.SM1_OutLen
                0x000000001ffff9a2        0x2 ./Generated_Code/SM1.o
 .bss.OutIndexR
                0x000000001ffff9a4        0x1 ./Generated_Code/SM1.o
 .bss.OutIndexW
                0x000000001ffff9a5        0x1 ./Generated_Code/SM1.o
 *fill*         0x000000001ffff9a6        0x2 
 .bss.OutBuffer
                0x000000001ffff9a8       0x30 ./Generated_Code/SM1.o
 .bss.INT_SPI1__BAREBOARD_RTOS_ISRPARAM
                0x000000001ffff9d8        0x4 ./Generated_Code/SM2.o
 .bss.DeviceDataPrv__DEFAULT_RTOS_ALLOC
                0x000000001ffff9dc       0x1c ./Generated_Code/SMasterLdd1.o
 .bss.INT_SPI0__BAREBOARD_RTOS_ISRPARAM
                0x000000001ffff9f8        0x4 ./Generated_Code/SMasterLdd1.o
 .bss.TMOUT1_Counters
                0x000000001ffff9fc        0x4 ./Generated_Code/TMOUT1.o
 .bss.TMOUT1_FreeCounters
                0x000000001ffffa00        0x4 ./Generated_Code/TMOUT1.o
 .bss.DeviceDataPrv__DEFAULT_RTOS_ALLOC
                0x000000001ffffa04       0x10 ./Generated_Code/TU1.o
 .bss.INT_TPM0__BAREBOARD_RTOS_ISRPARAM
                0x000000001ffffa14        0x4 ./Generated_Code/TU1.o
 .bss.DeviceDataPrv__DEFAULT_RTOS_ALLOC
                0x000000001ffffa18        0xc ./Generated_Code/TU2.o
 .bss.INT_TPM2__BAREBOARD_RTOS_ISRPARAM
                0x000000001ffffa24        0x4 ./Generated_Code/TU3.o
 .bss.ucHeap    0x000000001ffffa28     0x2000 ./Generated_Code/heap_4.o
 .bss.xStart    0x0000000020001a28        0x8 ./Generated_Code/heap_4.o
 .bss.pxEnd     0x0000000020001a30        0x4 ./Generated_Code/heap_4.o
 .bss.xFreeBytesRemaining
                0x0000000020001a34        0x4 ./Generated_Code/heap_4.o
 .bss.xMinimumEverFreeBytesRemaining
                0x0000000020001a38        0x4 ./Generated_Code/heap_4.o
 .bss.xBlockAllocatedBit
                0x0000000020001a3c        0x4 ./Generated_Code/heap_4.o
 .bss.pxCurrentTCB
                0x0000000020001a40        0x4 ./Generated_Code/tasks.o
                0x0000000020001a40                pxCurrentTCB
 .bss.pxReadyTasksLists
                0x0000000020001a44       0x78 ./Generated_Code/tasks.o
 .bss.xDelayedTaskList1
                0x0000000020001abc       0x14 ./Generated_Code/tasks.o
 .bss.xDelayedTaskList2
                0x0000000020001ad0       0x14 ./Generated_Code/tasks.o
 .bss.pxDelayedTaskList
                0x0000000020001ae4        0x4 ./Generated_Code/tasks.o
 .bss.pxOverflowDelayedTaskList
                0x0000000020001ae8        0x4 ./Generated_Code/tasks.o
 .bss.xPendingReadyList
                0x0000000020001aec       0x14 ./Generated_Code/tasks.o
 .bss.xTasksWaitingTermination
                0x0000000020001b00       0x14 ./Generated_Code/tasks.o
 .bss.uxTasksDeleted
                0x0000000020001b14        0x4 ./Generated_Code/tasks.o
 .bss.xSuspendedTaskList
                0x0000000020001b18       0x14 ./Generated_Code/tasks.o
 .bss.xIdleTaskHandle
                0x0000000020001b2c        0x4 ./Generated_Code/tasks.o
 .bss.uxCurrentNumberOfTasks
                0x0000000020001b30        0x4 ./Generated_Code/tasks.o
 .bss.xTickCount
                0x0000000020001b34        0x4 ./Generated_Code/tasks.o
 .bss.uxTopReadyPriority
                0x0000000020001b38        0x4 ./Generated_Code/tasks.o
 .bss.xSchedulerRunning
                0x0000000020001b3c        0x4 ./Generated_Code/tasks.o
 .bss.uxPendedTicks
                0x0000000020001b40        0x4 ./Generated_Code/tasks.o
 .bss.xYieldPending
                0x0000000020001b44        0x4 ./Generated_Code/tasks.o
 .bss.xNumOfOverflows
                0x0000000020001b48        0x4 ./Generated_Code/tasks.o
 .bss.uxTaskNumber
                0x0000000020001b4c        0x4 ./Generated_Code/tasks.o
 .bss.xNextTaskUnblockTime
                0x0000000020001b50        0x4 ./Generated_Code/tasks.o
 .bss.uxSchedulerSuspended
                0x0000000020001b54        0x4 ./Generated_Code/tasks.o
 *(COMMON)
 COMMON         0x0000000020001b58        0x6 ./Generated_Code/ANALOG_IN.o
                0x0000000020001b58                AdcLdd1_DeviceDataPtr
                0x0000000020001b5c                ANALOG_IN_OutV
 *fill*         0x0000000020001b5e        0x2 
 COMMON         0x0000000020001b60        0x4 ./Generated_Code/AS1.o
                0x0000000020001b60                ASerialLdd1_DeviceDataPtr
 COMMON         0x0000000020001b64       0x78 ./Generated_Code/SEGGER_RTT.o
                0x0000000020001b64                _SEGGER_RTT
 COMMON         0x0000000020001bdc        0x4 ./Generated_Code/SM1.o
                0x0000000020001bdc                SMasterLdd1_DeviceDataPtr
 COMMON         0x0000000020001be0        0x4 ./Generated_Code/port.o
                0x0000000020001be0                SEGGER_SYSVIEW_TickCnt
                0x0000000020001be4                . = ALIGN (0x4)
                0x0000000020001be4                __END_BSS = .
                0x0000000020001be4                PROVIDE (__bss_end__, __END_BSS)
                0x0000000000005e9c                _romp_at = (___ROM_AT + SIZEOF (.data))

.romp           0x0000000020001be4       0x18 load address 0x0000000000005e9c
                0x0000000000005e9c                __S_romp = _romp_at
                0x0000000020001be4        0x4 LONG 0x5e38 ___ROM_AT
                0x0000000020001be8        0x4 LONG 0x1ffff000 _sdata
                0x0000000020001bec        0x4 LONG 0x64 ___data_size
                0x0000000020001bf0        0x4 LONG 0x0
                0x0000000020001bf4        0x4 LONG 0x0
                0x0000000020001bf8        0x4 LONG 0x0

._user_heap_stack
                0x0000000020001bfc      0x400 load address 0x0000000000005eb4
                0x0000000020001bfc                . = ALIGN (0x4)
                0x0000000020001bfc                PROVIDE (end, .)
                0x0000000020001bfc                PROVIDE (_end, .)
                0x0000000020001bfc                __heap_addr = .
                0x0000000020001bfc                __HeapBase = .
                0x0000000020001bfc                . = (. + __heap_size)
                0x0000000020001bfc                __HeapLimit = .
                0x0000000020001ffc                . = (. + __stack_size)
 *fill*         0x0000000020001bfc      0x400 
                0x0000000020001ffc                . = ALIGN (0x4)

.ARM.attributes
                0x0000000000000000       0x28
 *(.ARM.attributes)
 .ARM.attributes
                0x0000000000000000       0x1e /Applications/KDS_3.0.0.app/Contents/toolchain/bin/../lib/gcc/arm-none-eabi/4.8.4/armv6-m/crti.o
 .ARM.attributes
                0x000000000000001e       0x2c /Applications/KDS_3.0.0.app/Contents/toolchain/bin/../lib/gcc/arm-none-eabi/4.8.4/armv6-m/crtbegin.o
 .ARM.attributes
                0x000000000000004a       0x1b /Applications/KDS_3.0.0.app/Contents/toolchain/bin/../lib/gcc/arm-none-eabi/4.8.4/../../../../arm-none-eabi/lib/armv6-m/crt0.o
 .ARM.attributes
                0x0000000000000065       0x32 ./Sources/Application.o
 .ARM.attributes
                0x0000000000000097       0x32 ./Sources/Events.o
 .ARM.attributes
                0x00000000000000c9       0x32 ./Sources/main.o
 .ARM.attributes
                0x00000000000000fb       0x32 ./Project_Settings/Startup_Code/startup.o
 .ARM.attributes
                0x000000000000012d       0x32 ./Generated_Code/ANALOG_IN.o
 .ARM.attributes
                0x000000000000015f       0x32 ./Generated_Code/AS1.o
 .ARM.attributes
                0x0000000000000191       0x32 ./Generated_Code/ASerialLdd1.o
 .ARM.attributes
                0x00000000000001c3       0x32 ./Generated_Code/AdcLdd1.o
 .ARM.attributes
                0x00000000000001f5       0x32 ./Generated_Code/Bein_L.o
 .ARM.attributes
                0x0000000000000227       0x32 ./Generated_Code/Bein_R.o
 .ARM.attributes
                0x0000000000000259       0x32 ./Generated_Code/BitIoLdd1.o
 .ARM.attributes
                0x000000000000028b       0x32 ./Generated_Code/BitIoLdd2.o
 .ARM.attributes
                0x00000000000002bd       0x32 ./Generated_Code/BitIoLdd3.o
 .ARM.attributes
                0x00000000000002ef       0x32 ./Generated_Code/BitIoLdd4.o
 .ARM.attributes
                0x0000000000000321       0x32 ./Generated_Code/BitIoLdd5.o
 .ARM.attributes
                0x0000000000000353       0x32 ./Generated_Code/BitIoLdd6.o
 .ARM.attributes
                0x0000000000000385       0x32 ./Generated_Code/BitIoLdd7.o
 .ARM.attributes
                0x00000000000003b7       0x32 ./Generated_Code/BitIoLdd8.o
 .ARM.attributes
                0x00000000000003e9       0x32 ./Generated_Code/CLS1.o
 .ARM.attributes
                0x000000000000041b       0x32 ./Generated_Code/Cpu.o
 .ARM.attributes
                0x000000000000044d       0x32 ./Generated_Code/HF1.o
 .ARM.attributes
                0x000000000000047f       0x32 ./Generated_Code/Huft_L.o
 .ARM.attributes
                0x00000000000004b1       0x32 ./Generated_Code/Huft_R.o
 .ARM.attributes
                0x00000000000004e3       0x32 ./Generated_Code/Knie_L.o
 .ARM.attributes
                0x0000000000000515       0x32 ./Generated_Code/Knie_R.o
 .ARM.attributes
                0x0000000000000547       0x32 ./Generated_Code/PE_LDD.o
 .ARM.attributes
                0x0000000000000579       0x32 ./Generated_Code/PwmLdd1.o
 .ARM.attributes
                0x00000000000005ab       0x32 ./Generated_Code/PwmLdd2.o
 .ARM.attributes
                0x00000000000005dd       0x32 ./Generated_Code/PwmLdd3.o
 .ARM.attributes
                0x000000000000060f       0x32 ./Generated_Code/PwmLdd4.o
 .ARM.attributes
                0x0000000000000641       0x32 ./Generated_Code/PwmLdd5.o
 .ARM.attributes
                0x0000000000000673       0x32 ./Generated_Code/PwmLdd6.o
 .ARM.attributes
                0x00000000000006a5       0x32 ./Generated_Code/RTT1.o
 .ARM.attributes
                0x00000000000006d7       0x32 ./Generated_Code/SEGGER_RTT.o
 .ARM.attributes
                0x0000000000000709       0x32 ./Generated_Code/SEGGER_SYSVIEW.o
 .ARM.attributes
                0x000000000000073b       0x32 ./Generated_Code/SEGGER_SYSVIEW_Config.o
 .ARM.attributes
                0x000000000000076d       0x32 ./Generated_Code/SEGGER_SYSVIEW_FreeRTOS.o
 .ARM.attributes
                0x000000000000079f       0x32 ./Generated_Code/SM1.o
 .ARM.attributes
                0x00000000000007d1       0x32 ./Generated_Code/SM2.o
 .ARM.attributes
                0x0000000000000803       0x32 ./Generated_Code/SMasterLdd1.o
 .ARM.attributes
                0x0000000000000835       0x32 ./Generated_Code/SYS1.o
 .ARM.attributes
                0x0000000000000867       0x32 ./Generated_Code/TMOUT1.o
 .ARM.attributes
                0x0000000000000899       0x32 ./Generated_Code/TU1.o
 .ARM.attributes
                0x00000000000008cb       0x32 ./Generated_Code/TU2.o
 .ARM.attributes
                0x00000000000008fd       0x32 ./Generated_Code/TU3.o
 .ARM.attributes
                0x000000000000092f       0x32 ./Generated_Code/Vectors.o
 .ARM.attributes
                0x0000000000000961       0x32 ./Generated_Code/heap_4.o
 .ARM.attributes
                0x0000000000000993       0x32 ./Generated_Code/list.o
 .ARM.attributes
                0x00000000000009c5       0x32 ./Generated_Code/port.o
 .ARM.attributes
                0x00000000000009f7       0x32 ./Generated_Code/tasks.o
 .ARM.attributes
                0x0000000000000a29       0x1e /Applications/KDS_3.0.0.app/Contents/toolchain/bin/../lib/gcc/arm-none-eabi/4.8.4/armv6-m/libgcc.a(_udivsi3.o)
 .ARM.attributes
                0x0000000000000a47       0x1e /Applications/KDS_3.0.0.app/Contents/toolchain/bin/../lib/gcc/arm-none-eabi/4.8.4/armv6-m/libgcc.a(_dvmd_tls.o)
 .ARM.attributes
                0x0000000000000a65       0x1e /Applications/KDS_3.0.0.app/Contents/toolchain/bin/../lib/gcc/arm-none-eabi/4.8.4/armv6-m/libgcc.a(_arm_cmpsf2.o)
 .ARM.attributes
                0x0000000000000a83       0x2c /Applications/KDS_3.0.0.app/Contents/toolchain/bin/../lib/gcc/arm-none-eabi/4.8.4/armv6-m/libgcc.a(_muldi3.o)
 .ARM.attributes
                0x0000000000000aaf       0x2c /Applications/KDS_3.0.0.app/Contents/toolchain/bin/../lib/gcc/arm-none-eabi/4.8.4/armv6-m/libgcc.a(_fixunssfsi.o)
 .ARM.attributes
                0x0000000000000adb       0x2c /Applications/KDS_3.0.0.app/Contents/toolchain/bin/../lib/gcc/arm-none-eabi/4.8.4/armv6-m/libgcc.a(eqsf2.o)
 .ARM.attributes
                0x0000000000000b07       0x2c /Applications/KDS_3.0.0.app/Contents/toolchain/bin/../lib/gcc/arm-none-eabi/4.8.4/armv6-m/libgcc.a(gesf2.o)
 .ARM.attributes
                0x0000000000000b33       0x2c /Applications/KDS_3.0.0.app/Contents/toolchain/bin/../lib/gcc/arm-none-eabi/4.8.4/armv6-m/libgcc.a(lesf2.o)
 .ARM.attributes
                0x0000000000000b5f       0x2c /Applications/KDS_3.0.0.app/Contents/toolchain/bin/../lib/gcc/arm-none-eabi/4.8.4/armv6-m/libgcc.a(mulsf3.o)
 .ARM.attributes
                0x0000000000000b8b       0x2c /Applications/KDS_3.0.0.app/Contents/toolchain/bin/../lib/gcc/arm-none-eabi/4.8.4/armv6-m/libgcc.a(subsf3.o)
 .ARM.attributes
                0x0000000000000bb7       0x2c /Applications/KDS_3.0.0.app/Contents/toolchain/bin/../lib/gcc/arm-none-eabi/4.8.4/armv6-m/libgcc.a(fixsfsi.o)
 .ARM.attributes
                0x0000000000000be3       0x2c /Applications/KDS_3.0.0.app/Contents/toolchain/bin/../lib/gcc/arm-none-eabi/4.8.4/armv6-m/libgcc.a(floatsisf.o)
 .ARM.attributes
                0x0000000000000c0f       0x1e /Applications/KDS_3.0.0.app/Contents/toolchain/bin/../lib/gcc/arm-none-eabi/4.8.4/armv6-m/libgcc.a(_clzsi2.o)
 .ARM.attributes
                0x0000000000000c2d       0x2c /Applications/KDS_3.0.0.app/Contents/toolchain/bin/../lib/gcc/arm-none-eabi/4.8.4/../../../../arm-none-eabi/lib/armv6-m/libg_s.a(lib_a-exit.o)
 .ARM.attributes
                0x0000000000000c59       0x2c /Applications/KDS_3.0.0.app/Contents/toolchain/bin/../lib/gcc/arm-none-eabi/4.8.4/../../../../arm-none-eabi/lib/armv6-m/libg_s.a(lib_a-impure.o)
 .ARM.attributes
                0x0000000000000c85       0x2c /Applications/KDS_3.0.0.app/Contents/toolchain/bin/../lib/gcc/arm-none-eabi/4.8.4/../../../../arm-none-eabi/lib/armv6-m/libg_s.a(lib_a-init.o)
 .ARM.attributes
                0x0000000000000cb1       0x2c /Applications/KDS_3.0.0.app/Contents/toolchain/bin/../lib/gcc/arm-none-eabi/4.8.4/../../../../arm-none-eabi/lib/armv6-m/libg_s.a(lib_a-memcpy-stub.o)
 .ARM.attributes
                0x0000000000000cdd       0x2c /Applications/KDS_3.0.0.app/Contents/toolchain/bin/../lib/gcc/arm-none-eabi/4.8.4/../../../../arm-none-eabi/lib/armv6-m/libg_s.a(lib_a-memset.o)
 .ARM.attributes
                0x0000000000000d09       0x2c /Applications/KDS_3.0.0.app/Contents/toolchain/bin/../lib/gcc/arm-none-eabi/4.8.4/../../../../arm-none-eabi/lib/armv6-m/libnosys.a(_exit.o)
 .ARM.attributes
                0x0000000000000d35       0x1e /Applications/KDS_3.0.0.app/Contents/toolchain/bin/../lib/gcc/arm-none-eabi/4.8.4/armv6-m/crtn.o
OUTPUT(PAIND.elf elf32-littlearm)

.debug_info     0x0000000000000000     0xefdf
 .debug_info    0x0000000000000000       0xe0 ./Sources/Application.o
 .debug_info    0x00000000000000e0      0x204 ./Sources/Events.o
 .debug_info    0x00000000000002e4       0x9a ./Sources/main.o
 .debug_info    0x000000000000037e      0x20a ./Project_Settings/Startup_Code/startup.o
 .debug_info    0x0000000000000588      0x23b ./Generated_Code/ANALOG_IN.o
 .debug_info    0x00000000000007c3      0x4c1 ./Generated_Code/AS1.o
 .debug_info    0x0000000000000c84      0x7bb ./Generated_Code/ASerialLdd1.o
 .debug_info    0x000000000000143f      0x8a6 ./Generated_Code/AdcLdd1.o
 .debug_info    0x0000000000001ce5      0x1bc ./Generated_Code/Bein_L.o
 .debug_info    0x0000000000001ea1      0x1bc ./Generated_Code/Bein_R.o
 .debug_info    0x000000000000205d      0x3b7 ./Generated_Code/BitIoLdd1.o
 .debug_info    0x0000000000002414      0x373 ./Generated_Code/BitIoLdd2.o
 .debug_info    0x0000000000002787      0x3b7 ./Generated_Code/BitIoLdd3.o
 .debug_info    0x0000000000002b3e      0x373 ./Generated_Code/BitIoLdd4.o
 .debug_info    0x0000000000002eb1      0x373 ./Generated_Code/BitIoLdd5.o
 .debug_info    0x0000000000003224      0x3b7 ./Generated_Code/BitIoLdd6.o
 .debug_info    0x00000000000035db      0x381 ./Generated_Code/BitIoLdd7.o
 .debug_info    0x000000000000395c      0x381 ./Generated_Code/BitIoLdd8.o
 .debug_info    0x0000000000003cdd      0x9fe ./Generated_Code/CLS1.o
 .debug_info    0x00000000000046db      0x866 ./Generated_Code/Cpu.o
 .debug_info    0x0000000000004f41      0x1be ./Generated_Code/HF1.o
 .debug_info    0x00000000000050ff      0x1bc ./Generated_Code/Huft_L.o
 .debug_info    0x00000000000052bb      0x1bc ./Generated_Code/Huft_R.o
 .debug_info    0x0000000000005477      0x1bc ./Generated_Code/Knie_L.o
 .debug_info    0x0000000000005633      0x1bc ./Generated_Code/Knie_R.o
 .debug_info    0x00000000000057ef      0x251 ./Generated_Code/PE_LDD.o
 .debug_info    0x0000000000005a40      0x346 ./Generated_Code/PwmLdd1.o
 .debug_info    0x0000000000005d86      0x346 ./Generated_Code/PwmLdd2.o
 .debug_info    0x00000000000060cc      0x346 ./Generated_Code/PwmLdd3.o
 .debug_info    0x0000000000006412      0x346 ./Generated_Code/PwmLdd4.o
 .debug_info    0x0000000000006758      0x346 ./Generated_Code/PwmLdd5.o
 .debug_info    0x0000000000006a9e      0x346 ./Generated_Code/PwmLdd6.o
 .debug_info    0x0000000000006de4      0x1c4 ./Generated_Code/RTT1.o
 .debug_info    0x0000000000006fa8      0xb06 ./Generated_Code/SEGGER_RTT.o
 .debug_info    0x0000000000007aae     0x21bf ./Generated_Code/SEGGER_SYSVIEW.o
 .debug_info    0x0000000000009c6d      0x343 ./Generated_Code/SEGGER_SYSVIEW_Config.o
 .debug_info    0x0000000000009fb0      0x4ce ./Generated_Code/SEGGER_SYSVIEW_FreeRTOS.o
 .debug_info    0x000000000000a47e      0x55d ./Generated_Code/SM1.o
 .debug_info    0x000000000000a9db      0x69c ./Generated_Code/SM2.o
 .debug_info    0x000000000000b077      0x69c ./Generated_Code/SMasterLdd1.o
 .debug_info    0x000000000000b713       0x96 ./Generated_Code/SYS1.o
 .debug_info    0x000000000000b7a9      0x2c1 ./Generated_Code/TMOUT1.o
 .debug_info    0x000000000000ba6a      0x865 ./Generated_Code/TU1.o
 .debug_info    0x000000000000c2cf      0x748 ./Generated_Code/TU2.o
 .debug_info    0x000000000000ca17      0x5fe ./Generated_Code/TU3.o
 .debug_info    0x000000000000d015      0x10e ./Generated_Code/Vectors.o
 .debug_info    0x000000000000d123      0x305 ./Generated_Code/heap_4.o
 .debug_info    0x000000000000d428      0x2a8 ./Generated_Code/list.o
 .debug_info    0x000000000000d6d0      0x259 ./Generated_Code/port.o
 .debug_info    0x000000000000d929     0x16b6 ./Generated_Code/tasks.o

.debug_abbrev   0x0000000000000000     0x3e82
 .debug_abbrev  0x0000000000000000       0x91 ./Sources/Application.o
 .debug_abbrev  0x0000000000000091       0xd7 ./Sources/Events.o
 .debug_abbrev  0x0000000000000168       0x47 ./Sources/main.o
 .debug_abbrev  0x00000000000001af      0x11e ./Project_Settings/Startup_Code/startup.o
 .debug_abbrev  0x00000000000002cd      0x150 ./Generated_Code/ANALOG_IN.o
 .debug_abbrev  0x000000000000041d      0x1d6 ./Generated_Code/AS1.o
 .debug_abbrev  0x00000000000005f3      0x1af ./Generated_Code/ASerialLdd1.o
 .debug_abbrev  0x00000000000007a2      0x1e5 ./Generated_Code/AdcLdd1.o
 .debug_abbrev  0x0000000000000987      0x115 ./Generated_Code/Bein_L.o
 .debug_abbrev  0x0000000000000a9c      0x115 ./Generated_Code/Bein_R.o
 .debug_abbrev  0x0000000000000bb1      0x15f ./Generated_Code/BitIoLdd1.o
 .debug_abbrev  0x0000000000000d10      0x127 ./Generated_Code/BitIoLdd2.o
 .debug_abbrev  0x0000000000000e37      0x15f ./Generated_Code/BitIoLdd3.o
 .debug_abbrev  0x0000000000000f96      0x127 ./Generated_Code/BitIoLdd4.o
 .debug_abbrev  0x00000000000010bd      0x127 ./Generated_Code/BitIoLdd5.o
 .debug_abbrev  0x00000000000011e4      0x15f ./Generated_Code/BitIoLdd6.o
 .debug_abbrev  0x0000000000001343      0x136 ./Generated_Code/BitIoLdd7.o
 .debug_abbrev  0x0000000000001479      0x136 ./Generated_Code/BitIoLdd8.o
 .debug_abbrev  0x00000000000015af      0x1c2 ./Generated_Code/CLS1.o
 .debug_abbrev  0x0000000000001771      0x170 ./Generated_Code/Cpu.o
 .debug_abbrev  0x00000000000018e1       0x9a ./Generated_Code/HF1.o
 .debug_abbrev  0x000000000000197b      0x115 ./Generated_Code/Huft_L.o
 .debug_abbrev  0x0000000000001a90      0x115 ./Generated_Code/Huft_R.o
 .debug_abbrev  0x0000000000001ba5      0x115 ./Generated_Code/Knie_L.o
 .debug_abbrev  0x0000000000001cba      0x115 ./Generated_Code/Knie_R.o
 .debug_abbrev  0x0000000000001dcf      0x10d ./Generated_Code/PE_LDD.o
 .debug_abbrev  0x0000000000001edc      0x122 ./Generated_Code/PwmLdd1.o
 .debug_abbrev  0x0000000000001ffe      0x122 ./Generated_Code/PwmLdd2.o
 .debug_abbrev  0x0000000000002120      0x122 ./Generated_Code/PwmLdd3.o
 .debug_abbrev  0x0000000000002242      0x122 ./Generated_Code/PwmLdd4.o
 .debug_abbrev  0x0000000000002364      0x122 ./Generated_Code/PwmLdd5.o
 .debug_abbrev  0x0000000000002486      0x122 ./Generated_Code/PwmLdd6.o
 .debug_abbrev  0x00000000000025a8       0xf6 ./Generated_Code/RTT1.o
 .debug_abbrev  0x000000000000269e      0x1da ./Generated_Code/SEGGER_RTT.o
 .debug_abbrev  0x0000000000002878      0x25b ./Generated_Code/SEGGER_SYSVIEW.o
 .debug_abbrev  0x0000000000002ad3      0x185 ./Generated_Code/SEGGER_SYSVIEW_Config.o
 .debug_abbrev  0x0000000000002c58      0x144 ./Generated_Code/SEGGER_SYSVIEW_FreeRTOS.o
 .debug_abbrev  0x0000000000002d9c      0x1e2 ./Generated_Code/SM1.o
 .debug_abbrev  0x0000000000002f7e      0x197 ./Generated_Code/SM2.o
 .debug_abbrev  0x0000000000003115      0x197 ./Generated_Code/SMasterLdd1.o
 .debug_abbrev  0x00000000000032ac       0x45 ./Generated_Code/SYS1.o
 .debug_abbrev  0x00000000000032f1       0xaf ./Generated_Code/TMOUT1.o
 .debug_abbrev  0x00000000000033a0      0x1d0 ./Generated_Code/TU1.o
 .debug_abbrev  0x0000000000003570      0x1a7 ./Generated_Code/TU2.o
 .debug_abbrev  0x0000000000003717      0x171 ./Generated_Code/TU3.o
 .debug_abbrev  0x0000000000003888       0xa4 ./Generated_Code/Vectors.o
 .debug_abbrev  0x000000000000392c      0x15b ./Generated_Code/heap_4.o
 .debug_abbrev  0x0000000000003a87       0xc1 ./Generated_Code/list.o
 .debug_abbrev  0x0000000000003b48       0xfe ./Generated_Code/port.o
 .debug_abbrev  0x0000000000003c46      0x23c ./Generated_Code/tasks.o

.debug_aranges  0x0000000000000000     0x1280
 .debug_aranges
                0x0000000000000000       0x20 ./Sources/Application.o
 .debug_aranges
                0x0000000000000020       0x80 ./Sources/Events.o
 .debug_aranges
                0x00000000000000a0       0x20 ./Sources/main.o
 .debug_aranges
                0x00000000000000c0       0x50 ./Project_Settings/Startup_Code/startup.o
 .debug_aranges
                0x0000000000000110       0x48 ./Generated_Code/ANALOG_IN.o
 .debug_aranges
                0x0000000000000158       0x88 ./Generated_Code/AS1.o
 .debug_aranges
                0x00000000000001e0       0x50 ./Generated_Code/ASerialLdd1.o
 .debug_aranges
                0x0000000000000230       0x60 ./Generated_Code/AdcLdd1.o
 .debug_aranges
                0x0000000000000290       0x38 ./Generated_Code/Bein_L.o
 .debug_aranges
                0x00000000000002c8       0x38 ./Generated_Code/Bein_R.o
 .debug_aranges
                0x0000000000000300       0x48 ./Generated_Code/BitIoLdd1.o
 .debug_aranges
                0x0000000000000348       0x40 ./Generated_Code/BitIoLdd2.o
 .debug_aranges
                0x0000000000000388       0x48 ./Generated_Code/BitIoLdd3.o
 .debug_aranges
                0x00000000000003d0       0x40 ./Generated_Code/BitIoLdd4.o
 .debug_aranges
                0x0000000000000410       0x40 ./Generated_Code/BitIoLdd5.o
 .debug_aranges
                0x0000000000000450       0x48 ./Generated_Code/BitIoLdd6.o
 .debug_aranges
                0x0000000000000498       0x40 ./Generated_Code/BitIoLdd7.o
 .debug_aranges
                0x00000000000004d8       0x40 ./Generated_Code/BitIoLdd8.o
 .debug_aranges
                0x0000000000000518      0x108 ./Generated_Code/CLS1.o
 .debug_aranges
                0x0000000000000620       0x38 ./Generated_Code/Cpu.o
 .debug_aranges
                0x0000000000000658       0x28 ./Generated_Code/HF1.o
 .debug_aranges
                0x0000000000000680       0x38 ./Generated_Code/Huft_L.o
 .debug_aranges
                0x00000000000006b8       0x38 ./Generated_Code/Huft_R.o
 .debug_aranges
                0x00000000000006f0       0x38 ./Generated_Code/Knie_L.o
 .debug_aranges
                0x0000000000000728       0x38 ./Generated_Code/Knie_R.o
 .debug_aranges
                0x0000000000000760       0x30 ./Generated_Code/PE_LDD.o
 .debug_aranges
                0x0000000000000790       0x50 ./Generated_Code/PwmLdd1.o
 .debug_aranges
                0x00000000000007e0       0x50 ./Generated_Code/PwmLdd2.o
 .debug_aranges
                0x0000000000000830       0x50 ./Generated_Code/PwmLdd3.o
 .debug_aranges
                0x0000000000000880       0x50 ./Generated_Code/PwmLdd4.o
 .debug_aranges
                0x00000000000008d0       0x50 ./Generated_Code/PwmLdd5.o
 .debug_aranges
                0x0000000000000920       0x50 ./Generated_Code/PwmLdd6.o
 .debug_aranges
                0x0000000000000970       0x48 ./Generated_Code/RTT1.o
 .debug_aranges
                0x00000000000009b8       0xd8 ./Generated_Code/SEGGER_RTT.o
 .debug_aranges
                0x0000000000000a90      0x200 ./Generated_Code/SEGGER_SYSVIEW.o
 .debug_aranges
                0x0000000000000c90       0x38 ./Generated_Code/SEGGER_SYSVIEW_Config.o
 .debug_aranges
                0x0000000000000cc8       0x50 ./Generated_Code/SEGGER_SYSVIEW_FreeRTOS.o
 .debug_aranges
                0x0000000000000d18       0x88 ./Generated_Code/SM1.o
 .debug_aranges
                0x0000000000000da0       0x38 ./Generated_Code/SM2.o
 .debug_aranges
                0x0000000000000dd8       0x38 ./Generated_Code/SMasterLdd1.o
 .debug_aranges
                0x0000000000000e10       0x20 ./Generated_Code/SYS1.o
 .debug_aranges
                0x0000000000000e30       0x50 ./Generated_Code/TMOUT1.o
 .debug_aranges
                0x0000000000000e80       0x68 ./Generated_Code/TU1.o
 .debug_aranges
                0x0000000000000ee8       0x60 ./Generated_Code/TU2.o
 .debug_aranges
                0x0000000000000f48       0x28 ./Generated_Code/TU3.o
 .debug_aranges
                0x0000000000000f70       0x18 ./Generated_Code/Vectors.o
 .debug_aranges
                0x0000000000000f88       0x50 ./Generated_Code/heap_4.o
 .debug_aranges
                0x0000000000000fd8       0x40 ./Generated_Code/list.o
 .debug_aranges
                0x0000000000001018       0x90 ./Generated_Code/port.o
 .debug_aranges
                0x00000000000010a8      0x1d8 ./Generated_Code/tasks.o

.debug_ranges   0x0000000000000000      0xf58
 .debug_ranges  0x0000000000000000       0x10 ./Sources/Application.o
 .debug_ranges  0x0000000000000010       0x70 ./Sources/Events.o
 .debug_ranges  0x0000000000000080       0x10 ./Sources/main.o
 .debug_ranges  0x0000000000000090       0x40 ./Project_Settings/Startup_Code/startup.o
 .debug_ranges  0x00000000000000d0       0x38 ./Generated_Code/ANALOG_IN.o
 .debug_ranges  0x0000000000000108       0x78 ./Generated_Code/AS1.o
 .debug_ranges  0x0000000000000180       0x40 ./Generated_Code/ASerialLdd1.o
 .debug_ranges  0x00000000000001c0       0x50 ./Generated_Code/AdcLdd1.o
 .debug_ranges  0x0000000000000210       0x28 ./Generated_Code/Bein_L.o
 .debug_ranges  0x0000000000000238       0x28 ./Generated_Code/Bein_R.o
 .debug_ranges  0x0000000000000260       0x38 ./Generated_Code/BitIoLdd1.o
 .debug_ranges  0x0000000000000298       0x30 ./Generated_Code/BitIoLdd2.o
 .debug_ranges  0x00000000000002c8       0x38 ./Generated_Code/BitIoLdd3.o
 .debug_ranges  0x0000000000000300       0x30 ./Generated_Code/BitIoLdd4.o
 .debug_ranges  0x0000000000000330       0x30 ./Generated_Code/BitIoLdd5.o
 .debug_ranges  0x0000000000000360       0x38 ./Generated_Code/BitIoLdd6.o
 .debug_ranges  0x0000000000000398       0x30 ./Generated_Code/BitIoLdd7.o
 .debug_ranges  0x00000000000003c8       0x30 ./Generated_Code/BitIoLdd8.o
 .debug_ranges  0x00000000000003f8       0xf8 ./Generated_Code/CLS1.o
 .debug_ranges  0x00000000000004f0       0x28 ./Generated_Code/Cpu.o
 .debug_ranges  0x0000000000000518       0x18 ./Generated_Code/HF1.o
 .debug_ranges  0x0000000000000530       0x28 ./Generated_Code/Huft_L.o
 .debug_ranges  0x0000000000000558       0x28 ./Generated_Code/Huft_R.o
 .debug_ranges  0x0000000000000580       0x28 ./Generated_Code/Knie_L.o
 .debug_ranges  0x00000000000005a8       0x28 ./Generated_Code/Knie_R.o
 .debug_ranges  0x00000000000005d0       0x20 ./Generated_Code/PE_LDD.o
 .debug_ranges  0x00000000000005f0       0x40 ./Generated_Code/PwmLdd1.o
 .debug_ranges  0x0000000000000630       0x40 ./Generated_Code/PwmLdd2.o
 .debug_ranges  0x0000000000000670       0x40 ./Generated_Code/PwmLdd3.o
 .debug_ranges  0x00000000000006b0       0x40 ./Generated_Code/PwmLdd4.o
 .debug_ranges  0x00000000000006f0       0x40 ./Generated_Code/PwmLdd5.o
 .debug_ranges  0x0000000000000730       0x40 ./Generated_Code/PwmLdd6.o
 .debug_ranges  0x0000000000000770       0x38 ./Generated_Code/RTT1.o
 .debug_ranges  0x00000000000007a8       0xc8 ./Generated_Code/SEGGER_RTT.o
 .debug_ranges  0x0000000000000870      0x1f0 ./Generated_Code/SEGGER_SYSVIEW.o
 .debug_ranges  0x0000000000000a60       0x28 ./Generated_Code/SEGGER_SYSVIEW_Config.o
 .debug_ranges  0x0000000000000a88       0x40 ./Generated_Code/SEGGER_SYSVIEW_FreeRTOS.o
 .debug_ranges  0x0000000000000ac8       0x78 ./Generated_Code/SM1.o
 .debug_ranges  0x0000000000000b40       0x28 ./Generated_Code/SM2.o
 .debug_ranges  0x0000000000000b68       0x28 ./Generated_Code/SMasterLdd1.o
 .debug_ranges  0x0000000000000b90       0x10 ./Generated_Code/SYS1.o
 .debug_ranges  0x0000000000000ba0       0x40 ./Generated_Code/TMOUT1.o
 .debug_ranges  0x0000000000000be0       0x58 ./Generated_Code/TU1.o
 .debug_ranges  0x0000000000000c38       0x50 ./Generated_Code/TU2.o
 .debug_ranges  0x0000000000000c88       0x18 ./Generated_Code/TU3.o
 .debug_ranges  0x0000000000000ca0       0x40 ./Generated_Code/heap_4.o
 .debug_ranges  0x0000000000000ce0       0x30 ./Generated_Code/list.o
 .debug_ranges  0x0000000000000d10       0x80 ./Generated_Code/port.o
 .debug_ranges  0x0000000000000d90      0x1c8 ./Generated_Code/tasks.o

.debug_macro    0x0000000000000000    0x20ed8
 .debug_macro   0x0000000000000000      0x1ea ./Sources/Application.o
 .debug_macro   0x00000000000001ea      0x802 ./Sources/Application.o
 .debug_macro   0x00000000000009ec       0x16 ./Sources/Application.o
 .debug_macro   0x0000000000000a02       0x44 ./Sources/Application.o
 .debug_macro   0x0000000000000a46      0x209 ./Sources/Application.o
 .debug_macro   0x0000000000000c4f     0x1602 ./Sources/Application.o
 .debug_macro   0x0000000000002251      0x14e ./Sources/Application.o
 .debug_macro   0x000000000000239f       0x64 ./Sources/Application.o
 .debug_macro   0x0000000000002403     0x6691 ./Sources/Application.o
 .debug_macro   0x0000000000008a94       0x94 ./Sources/Application.o
 .debug_macro   0x0000000000008b28      0x1d6 ./Sources/Application.o
 .debug_macro   0x0000000000008cfe       0x9a ./Sources/Application.o
 .debug_macro   0x0000000000008d98       0xa5 ./Sources/Application.o
 .debug_macro   0x0000000000008e3d       0x46 ./Sources/Application.o
 .debug_macro   0x0000000000008e83       0x32 ./Sources/Application.o
 .debug_macro   0x0000000000008eb5       0x4c ./Sources/Application.o
 .debug_macro   0x0000000000008f01       0x32 ./Sources/Application.o
 .debug_macro   0x0000000000008f33       0x4c ./Sources/Application.o
 .debug_macro   0x0000000000008f7f       0x32 ./Sources/Application.o
 .debug_macro   0x0000000000008fb1       0x4c ./Sources/Application.o
 .debug_macro   0x0000000000008ffd       0x32 ./Sources/Application.o
 .debug_macro   0x000000000000902f      0x166 ./Sources/Application.o
 .debug_macro   0x0000000000009195      0x2ae ./Sources/Application.o
 .debug_macro   0x0000000000009443      0x15d ./Sources/Application.o
 .debug_macro   0x00000000000095a0       0xce ./Sources/Application.o
 .debug_macro   0x000000000000966e       0x10 ./Sources/Application.o
 .debug_macro   0x000000000000967e       0x1f ./Sources/Application.o
 .debug_macro   0x000000000000969d       0xc0 ./Sources/Application.o
 .debug_macro   0x000000000000975d       0x9a ./Sources/Application.o
 .debug_macro   0x00000000000097f7       0x43 ./Sources/Application.o
 .debug_macro   0x000000000000983a       0x3a ./Sources/Application.o
 .debug_macro   0x0000000000009874      0x3ca ./Sources/Application.o
 .debug_macro   0x0000000000009c3e      0x22d ./Sources/Application.o
 .debug_macro   0x0000000000009e6b       0x37 ./Sources/Application.o
 .debug_macro   0x0000000000009ea2      0x60e ./Sources/Events.o
 .debug_macro   0x000000000000a4b0       0x94 ./Sources/Events.o
 .debug_macro   0x000000000000a544       0x96 ./Sources/Events.o
 .debug_macro   0x000000000000a5da       0x46 ./Sources/Events.o
 .debug_macro   0x000000000000a620       0x32 ./Sources/Events.o
 .debug_macro   0x000000000000a652       0x4c ./Sources/Events.o
 .debug_macro   0x000000000000a69e       0x32 ./Sources/Events.o
 .debug_macro   0x000000000000a6d0       0x4c ./Sources/Events.o
 .debug_macro   0x000000000000a71c      0x115 ./Sources/Events.o
 .debug_macro   0x000000000000a831       0x54 ./Sources/Events.o
 .debug_macro   0x000000000000a885       0x5c ./Sources/Events.o
 .debug_macro   0x000000000000a8e1       0x99 ./Sources/Events.o
 .debug_macro   0x000000000000a97a       0x58 ./Sources/Events.o
 .debug_macro   0x000000000000a9d2       0x35 ./Sources/Events.o
 .debug_macro   0x000000000000aa07       0xa3 ./Sources/Events.o
 .debug_macro   0x000000000000aaaa       0x52 ./Sources/Events.o
 .debug_macro   0x000000000000aafc       0x16 ./Sources/Events.o
 .debug_macro   0x000000000000ab12       0x43 ./Sources/Events.o
 .debug_macro   0x000000000000ab55      0x180 ./Sources/Events.o
 .debug_macro   0x000000000000acd5      0x2a6 ./Sources/Events.o
 .debug_macro   0x000000000000af7b       0x10 ./Sources/Events.o
 .debug_macro   0x000000000000af8b       0x35 ./Sources/Events.o
 .debug_macro   0x000000000000afc0       0x19 ./Sources/Events.o
 .debug_macro   0x000000000000afd9       0xb0 ./Sources/Events.o
 .debug_macro   0x000000000000b089       0x7f ./Sources/Events.o
 .debug_macro   0x000000000000b108       0x97 ./Sources/Events.o
 .debug_macro   0x000000000000b19f      0x2d5 ./Sources/Events.o
 .debug_macro   0x000000000000b474       0x2e ./Sources/Events.o
 .debug_macro   0x000000000000b4a2       0x65 ./Sources/Events.o
 .debug_macro   0x000000000000b507       0x20 ./Sources/Events.o
 .debug_macro   0x000000000000b527      0x132 ./Sources/Events.o
 .debug_macro   0x000000000000b659       0x46 ./Sources/Events.o
 .debug_macro   0x000000000000b69f       0x26 ./Sources/Events.o
 .debug_macro   0x000000000000b6c5       0x4c ./Sources/Events.o
 .debug_macro   0x000000000000b711       0x26 ./Sources/Events.o
 .debug_macro   0x000000000000b737       0x46 ./Sources/Events.o
 .debug_macro   0x000000000000b77d       0x1f ./Sources/Events.o
 .debug_macro   0x000000000000b79c       0x47 ./Sources/Events.o
 .debug_macro   0x000000000000b7e3       0x46 ./Sources/Events.o
 .debug_macro   0x000000000000b829       0x1f ./Sources/Events.o
 .debug_macro   0x000000000000b848       0x47 ./Sources/Events.o
 .debug_macro   0x000000000000b88f       0x46 ./Sources/Events.o
 .debug_macro   0x000000000000b8d5       0x1f ./Sources/Events.o
 .debug_macro   0x000000000000b8f4       0x47 ./Sources/Events.o
 .debug_macro   0x000000000000b93b      0x61c ./Sources/Events.o
 .debug_macro   0x000000000000bf57       0x7b ./Sources/Events.o
 .debug_macro   0x000000000000bfd2       0x10 ./Sources/Events.o
 .debug_macro   0x000000000000bfe2       0x4c ./Sources/Events.o
 .debug_macro   0x000000000000c02e       0x26 ./Sources/Events.o
 .debug_macro   0x000000000000c054       0x46 ./Sources/Events.o
 .debug_macro   0x000000000000c09a       0x1f ./Sources/Events.o
 .debug_macro   0x000000000000c0b9       0x46 ./Sources/Events.o
 .debug_macro   0x000000000000c0ff       0x1f ./Sources/Events.o
 .debug_macro   0x000000000000c11e      0x648 ./Sources/Events.o
 .debug_macro   0x000000000000c766       0x3c ./Sources/Events.o
 .debug_macro   0x000000000000c7a2       0x27 ./Sources/Events.o
 .debug_macro   0x000000000000c7c9      0x642 ./Sources/Events.o
 .debug_macro   0x000000000000ce0b       0x40 ./Sources/Events.o
 .debug_macro   0x000000000000ce4b       0x5e ./Sources/Events.o
 .debug_macro   0x000000000000cea9       0x1c ./Sources/Events.o
 .debug_macro   0x000000000000cec5       0x42 ./Sources/Events.o
 .debug_macro   0x000000000000cf07      0x618 ./Sources/main.o
 .debug_macro   0x000000000000d51f      0x121 ./Project_Settings/Startup_Code/startup.o
 .debug_macro   0x000000000000d640       0x4a ./Project_Settings/Startup_Code/startup.o
 .debug_macro   0x000000000000d68a       0x16 ./Project_Settings/Startup_Code/startup.o
 .debug_macro   0x000000000000d6a0       0x22 ./Project_Settings/Startup_Code/startup.o
 .debug_macro   0x000000000000d6c2       0x10 ./Project_Settings/Startup_Code/startup.o
 .debug_macro   0x000000000000d6d2      0x20f ./Project_Settings/Startup_Code/startup.o
 .debug_macro   0x000000000000d8e1     0x6685 ./Project_Settings/Startup_Code/startup.o
 .debug_macro   0x0000000000013f66      0x626 ./Generated_Code/ANALOG_IN.o
 .debug_macro   0x000000000001458c      0x111 ./Generated_Code/AS1.o
 .debug_macro   0x000000000001469d       0x5f ./Generated_Code/AS1.o
 .debug_macro   0x00000000000146fc      0x151 ./Generated_Code/ASerialLdd1.o
 .debug_macro   0x000000000001484d     0x15fc ./Generated_Code/ASerialLdd1.o
 .debug_macro   0x0000000000015e49       0x26 ./Generated_Code/ASerialLdd1.o
 .debug_macro   0x0000000000015e6f      0x2fd ./Generated_Code/ASerialLdd1.o
 .debug_macro   0x000000000001616c      0x99c ./Generated_Code/ASerialLdd1.o
 .debug_macro   0x0000000000016b08      0x15f ./Generated_Code/AdcLdd1.o
 .debug_macro   0x0000000000016c67      0x616 ./Generated_Code/AdcLdd1.o
 .debug_macro   0x000000000001727d      0x10c ./Generated_Code/Bein_L.o
 .debug_macro   0x0000000000017389       0x90 ./Generated_Code/Bein_L.o
 .debug_macro   0x0000000000017419      0x10c ./Generated_Code/Bein_R.o
 .debug_macro   0x0000000000017525       0x46 ./Generated_Code/Bein_R.o
 .debug_macro   0x000000000001756b      0x132 ./Generated_Code/BitIoLdd1.o
 .debug_macro   0x000000000001769d      0x132 ./Generated_Code/BitIoLdd2.o
 .debug_macro   0x00000000000177cf       0x40 ./Generated_Code/BitIoLdd2.o
 .debug_macro   0x000000000001780f      0x132 ./Generated_Code/BitIoLdd3.o
 .debug_macro   0x0000000000017941       0x46 ./Generated_Code/BitIoLdd3.o
 .debug_macro   0x0000000000017987      0x132 ./Generated_Code/BitIoLdd4.o
 .debug_macro   0x0000000000017ab9       0x40 ./Generated_Code/BitIoLdd4.o
 .debug_macro   0x0000000000017af9      0x132 ./Generated_Code/BitIoLdd5.o
 .debug_macro   0x0000000000017c2b      0x132 ./Generated_Code/BitIoLdd6.o
 .debug_macro   0x0000000000017d5d       0x46 ./Generated_Code/BitIoLdd6.o
 .debug_macro   0x0000000000017da3      0x132 ./Generated_Code/BitIoLdd7.o
 .debug_macro   0x0000000000017ed5       0x40 ./Generated_Code/BitIoLdd7.o
 .debug_macro   0x0000000000017f15      0x132 ./Generated_Code/BitIoLdd8.o
 .debug_macro   0x0000000000018047       0x40 ./Generated_Code/BitIoLdd8.o
 .debug_macro   0x0000000000018087      0x229 ./Generated_Code/CLS1.o
 .debug_macro   0x00000000000182b0       0x8e ./Generated_Code/CLS1.o
 .debug_macro   0x000000000001833e      0x68e ./Generated_Code/Cpu.o
 .debug_macro   0x00000000000189cc       0x3d ./Generated_Code/Cpu.o